
> identity-fusion@2.2.0 test
> vitest run


 RUN  v4.1.10 /Users/fernando.delosrios/Documents/Development/ISC/connectors/colab-saas-conn-sailpoint-identity-fusion

{"level":"ERROR","timestamp":"2026-07-29T08:51:21.990Z","message":"unknown: Error in lock-protected function for key \"key\": boom"}
{"level":"WARN","timestamp":"2026-07-29T08:51:22.615Z","message":"getCityState called for city: Seattle. City-only state lookups are deprecated due to potential collisions."}
{"level":"WARN","timestamp":"2026-07-29T08:51:22.616Z","message":"getCityStateCode called for city: Seattle. City-only state lookups are deprecated due to potential collisions."}
{"level":"WARN","timestamp":"2026-07-29T08:51:22.616Z","message":"getCityState called for city: Los Angeles. City-only state lookups are deprecated due to potential collisions."}
{"level":"WARN","timestamp":"2026-07-29T08:51:22.616Z","message":"getCityStateCode called for city: Chicago. City-only state lookups are deprecated due to potential collisions."}
{"level":"WARN","timestamp":"2026-07-29T08:51:22.616Z","message":"getCityState called for city: Houston. City-only state lookups are deprecated due to potential collisions."}
{"level":"WARN","timestamp":"2026-07-29T08:51:22.616Z","message":"getCityState called for city: SEATTLE. City-only state lookups are deprecated due to potential collisions."}
{"level":"ERROR","timestamp":"2026-07-29T08:51:22.619Z","message":"JSON.stringify threw unexpected error: Do not know how to serialize a BigInt"}
{"level":"WARN","timestamp":"2026-07-29T08:51:22.623Z","message":"getCityState called for city: Seattle. City-only state lookups are deprecated due to potential collisions."}
{"level":"INFO","timestamp":"2026-07-29T08:51:22.653Z","message":"unknown: DETAIL action=normalizing pending form state for output"}
{"level":"INFO","timestamp":"2026-07-29T08:51:22.728Z","message":"[config] DETAIL action=\"stateWrapper init\" keys=0"}
{"level":"INFO","timestamp":"2026-07-29T08:51:22.731Z","message":"[test] DETAIL action=start aggregation"}
{"level":"INFO","timestamp":"2026-07-29T08:51:22.731Z","message":"[test] PHASE 1 Setup START"}
{"level":"INFO","timestamp":"2026-07-29T08:51:22.731Z","message":"[test] DETAIL sources=0"}
{"level":"INFO","timestamp":"2026-07-29T08:51:22.731Z","message":"[test] DETAIL action=fusion account schema set successfully"}
{"level":"INFO","timestamp":"2026-07-29T08:51:22.731Z","message":"[test] DETAIL action=reverse correlation setup completed sources=1"}
{"level":"INFO","timestamp":"2026-07-29T08:51:22.731Z","message":"[test] METRIC reverseCorrelationSetup sources=1 duration=0MS"}
{"level":"INFO","timestamp":"2026-07-29T08:51:22.731Z","message":"[test] DETAIL action=managed sources aggregated"}
{"level":"INFO","timestamp":"2026-07-29T08:51:22.731Z","message":"[test] METRIC aggregateManagedSources sources=0 duration=0MS"}
{"level":"INFO","timestamp":"2026-07-29T08:51:22.731Z","message":"[test] DETAIL action=attribute counters initialized"}
{"level":"INFO","timestamp":"2026-07-29T08:51:22.731Z","message":"[test] PHASE 1 Setup END elapsed=0MS"}
{"level":"INFO","timestamp":"2026-07-29T08:51:22.731Z","message":"[test] PHASE 2 Fetch START"}
{"level":"INFO","timestamp":"2026-07-29T08:51:22.731Z","message":"[test] DETAIL action=fetching identities, managed accounts, and dependencies"}
{"level":"INFO","timestamp":"2026-07-29T08:51:22.731Z","message":"[test] METRIC fetchPhase.parallelFetch taskCount=4 duration=0MS"}
{"level":"INFO","timestamp":"2026-07-29T08:51:22.731Z","message":"[test] DETAIL action=processing fetched form data"}
{"level":"INFO","timestamp":"2026-07-29T08:51:22.731Z","message":"[test] METRIC fetchPhase.processFormData duration=0MS"}
{"level":"INFO","timestamp":"2026-07-29T08:51:22.731Z","message":"[test] DETAIL fusion-reviews=0 fusion-review-instances=0"}
{"level":"INFO","timestamp":"2026-07-29T08:51:22.731Z","message":"[test] DETAIL fusion-accounts=0 identities=0 managed-accounts=0"}
{"level":"INFO","timestamp":"2026-07-29T08:51:22.731Z","message":"[test] PHASE 2 Fetch END elapsed=0MS"}
{"level":"INFO","timestamp":"2026-07-29T08:51:22.731Z","message":"[test] PHASE 3 Refresh START"}
{"level":"INFO","timestamp":"2026-07-29T08:51:22.731Z","message":"[test] DETAIL action=refreshing fusion accounts"}
{"level":"INFO","timestamp":"2026-07-29T08:51:22.731Z","message":"[test] METRIC refreshPhase.processFusionAccounts count=0 duration=0MS"}
{"level":"INFO","timestamp":"2026-07-29T08:51:22.731Z","message":"[test] DETAIL action=refresh phase complete"}
{"level":"INFO","timestamp":"2026-07-29T08:51:22.731Z","message":"[test] PHASE 3 Refresh END elapsed=0MS"}
{"level":"INFO","timestamp":"2026-07-29T08:51:22.731Z","message":"[test] PHASE 4 Process START"}
{"level":"INFO","timestamp":"2026-07-29T08:51:22.731Z","message":"[test] STEP process-identities START"}
{"level":"INFO","timestamp":"2026-07-29T08:51:22.731Z","message":"[test] METRIC FusionService.processIdentities count=0 duration=0MS"}
{"level":"INFO","timestamp":"2026-07-29T08:51:22.731Z","message":"[test] STEP process-identities END count=0 elapsed=0MS"}
{"level":"INFO","timestamp":"2026-07-29T08:51:22.731Z","message":"[test] STEP process-decisions START"}
{"level":"INFO","timestamp":"2026-07-29T08:51:22.731Z","message":"[test] METRIC FusionService.processFusionIdentityDecisions count=0 duration=0MS"}
{"level":"INFO","timestamp":"2026-07-29T08:51:22.731Z","message":"[test] STEP process-decisions END count=0 elapsed=0MS"}
{"level":"INFO","timestamp":"2026-07-29T08:51:22.731Z","message":"[test] DETAIL action=identities cache cleared from memory"}
{"level":"INFO","timestamp":"2026-07-29T08:51:22.731Z","message":"[test] STEP managed-account-init START"}
{"level":"INFO","timestamp":"2026-07-29T08:51:22.731Z","message":"[test] METRIC FusionService.initializeManagedAccountProcessing duration=0MS"}
{"level":"INFO","timestamp":"2026-07-29T08:51:22.731Z","message":"[test] STEP managed-account-init END remaining=0 elapsed=0MS"}
{"level":"INFO","timestamp":"2026-07-29T08:51:22.731Z","message":"[test] STEP orphan-identity-hydration START"}
{"level":"INFO","timestamp":"2026-07-29T08:51:22.732Z","message":"[test] DETAIL hydrated=0 action=orphan correlated identities hydrated"}
{"level":"INFO","timestamp":"2026-07-29T08:51:22.732Z","message":"[test] STEP orphan-identity-hydration END hydrated=0 elapsed=1MS"}
{"level":"INFO","timestamp":"2026-07-29T08:51:22.732Z","message":"[test] STEP correlated-sweep START"}
{"level":"INFO","timestamp":"2026-07-29T08:51:22.732Z","message":"[test] STEP correlated-sweep END remaining=0 elapsed=0MS"}
{"level":"INFO","timestamp":"2026-07-29T08:51:22.732Z","message":"[test] STEP record-unique-registration START"}
{"level":"INFO","timestamp":"2026-07-29T08:51:22.732Z","message":"[test] METRIC FusionService.processRecordUniqueRegistration registered=0 duration=0MS"}
{"level":"INFO","timestamp":"2026-07-29T08:51:22.732Z","message":"[test] STEP record-unique-registration END registered=0 elapsed=0MS"}
{"level":"INFO","timestamp":"2026-07-29T08:51:22.732Z","message":"[test] STEP uncorrelated-sweep START accounts=0"}
{"level":"INFO","timestamp":"2026-07-29T08:51:22.732Z","message":"[test] METRIC FusionService.processManagedAccounts analyzed=0 matchScoring=0MS duration=0MS"}
{"level":"INFO","timestamp":"2026-07-29T08:51:22.732Z","message":"[test] STEP uncorrelated-sweep END analyzed=0 elapsed=0MS"}
{"level":"INFO","timestamp":"2026-07-29T08:51:22.732Z","message":"[test] STEP await-disable-ops START pending=0"}
{"level":"INFO","timestamp":"2026-07-29T08:51:22.732Z","message":"[test] STEP await-disable-ops END elapsed=0MS"}
{"level":"INFO","timestamp":"2026-07-29T08:51:22.732Z","message":"[test] STEP form-reconcile START"}
{"level":"INFO","timestamp":"2026-07-29T08:51:22.732Z","message":"[test] STEP form-reconcile END forms-created=0 instances-sent=0 elapsed=0MS"}
{"level":"INFO","timestamp":"2026-07-29T08:51:22.732Z","message":"[test] DETAIL action=process phase complete matches=matches(0n/0m/0a/0d total=0) forms=forms=0(0)"}
{"level":"INFO","timestamp":"2026-07-29T08:51:22.732Z","message":"[test] PHASE 4 Process END elapsed=1MS"}
{"level":"INFO","timestamp":"2026-07-29T08:51:22.732Z","message":"[test] PHASE 5 Output START"}
{"level":"INFO","timestamp":"2026-07-29T08:51:22.732Z","message":"[test] STEP clear-managed-accounts START accounts=0"}
{"level":"INFO","timestamp":"2026-07-29T08:51:22.732Z","message":"[test] METRIC outputPhase.clearManagedAccounts duration=0MS"}
{"level":"INFO","timestamp":"2026-07-29T08:51:22.732Z","message":"[test] STEP clear-managed-accounts END cleared=0 elapsed=0MS"}
{"level":"INFO","timestamp":"2026-07-29T08:51:22.732Z","message":"[test] STEP send-accounts START"}
{"level":"INFO","timestamp":"2026-07-29T08:51:22.732Z","message":"[test] METRIC outputPhase.sendAccounts sent=0 eligible=0 duration=0MS"}
{"level":"INFO","timestamp":"2026-07-29T08:51:22.732Z","message":"[test] STEP send-accounts END sent=0 eligible=0 elapsed=0MS"}
{"level":"INFO","timestamp":"2026-07-29T08:51:22.732Z","message":"[test] DETAIL sent=0 action=accounts sent to platform"}
{"level":"INFO","timestamp":"2026-07-29T08:51:22.732Z","message":"[test] STEP form-cleanup START"}
{"level":"INFO","timestamp":"2026-07-29T08:51:22.732Z","message":"[test] METRIC outputPhase.formCleanup duration=0MS"}
{"level":"INFO","timestamp":"2026-07-29T08:51:22.732Z","message":"[test] STEP form-cleanup END elapsed=0MS"}
{"level":"INFO","timestamp":"2026-07-29T08:51:22.732Z","message":"[test] STEP save-state START"}
{"level":"INFO","timestamp":"2026-07-29T08:51:22.732Z","message":"[test] METRIC outputPhase.savePersistentState duration=0MS"}
{"level":"INFO","timestamp":"2026-07-29T08:51:22.732Z","message":"[test] STEP save-state END elapsed=0MS"}
{"level":"INFO","timestamp":"2026-07-29T08:51:22.732Z","message":"[test] STEP schedule-aggregations START"}
{"level":"INFO","timestamp":"2026-07-29T08:51:22.732Z","message":"[test] METRIC outputPhase.scheduleDelayedAggregations duration=0MS"}
{"level":"INFO","timestamp":"2026-07-29T08:51:22.732Z","message":"[test] STEP schedule-aggregations END elapsed=0MS"}
{"level":"INFO","timestamp":"2026-07-29T08:51:22.732Z","message":"[test] STEP await-form-deletes START"}
{"level":"INFO","timestamp":"2026-07-29T08:51:22.732Z","message":"[test] STEP await-form-deletes END elapsed=0MS"}
{"level":"INFO","timestamp":"2026-07-29T08:51:22.732Z","message":"[test] DETAIL action=queued form deletions completed"}
{"level":"INFO","timestamp":"2026-07-29T08:51:22.732Z","message":"[test] PHASE 5 Output END elapsed=0MS"}
{"level":"INFO","timestamp":"2026-07-29T08:51:22.732Z","message":"[test] EPILOGUE report START"}
{"level":"INFO","timestamp":"2026-07-29T08:51:22.732Z","message":"[test] EPILOGUE report END elapsed=0MS"}
{"level":"INFO","timestamp":"2026-07-29T08:51:22.732Z","message":"[test] DETAIL action=account caches cleared from memory"}
{"level":"INFO","timestamp":"2026-07-29T08:51:22.732Z","message":"[test] ✓ Account list operation completed successfully - 0 account(s) processed (total: 2MS)"}
{"level":"INFO","timestamp":"2026-07-29T08:51:22.733Z","message":"[config] DETAIL action=\"stateWrapper init\" keys=0"}
{"level":"INFO","timestamp":"2026-07-29T08:51:22.733Z","message":"[test] DETAIL action=start aggregation"}
{"level":"INFO","timestamp":"2026-07-29T08:51:22.733Z","message":"[test] PHASE 1 Setup START"}
{"level":"INFO","timestamp":"2026-07-29T08:51:22.733Z","message":"[test] DETAIL sources=0"}
{"level":"INFO","timestamp":"2026-07-29T08:51:22.733Z","message":"[test] DETAIL action=fusion account schema set successfully"}
{"level":"INFO","timestamp":"2026-07-29T08:51:22.733Z","message":"[test] DETAIL action=managed sources aggregated"}
{"level":"INFO","timestamp":"2026-07-29T08:51:22.733Z","message":"[test] METRIC aggregateManagedSources sources=0 duration=0MS"}
{"level":"INFO","timestamp":"2026-07-29T08:51:22.733Z","message":"[test] DETAIL action=attribute counters initialized"}
{"level":"INFO","timestamp":"2026-07-29T08:51:22.733Z","message":"[test] PHASE 1 Setup END elapsed=0MS"}
{"level":"INFO","timestamp":"2026-07-29T08:51:22.733Z","message":"[test] PHASE 2 Fetch START"}
{"level":"INFO","timestamp":"2026-07-29T08:51:22.733Z","message":"[test] DETAIL action=fetching identities, managed accounts, and dependencies"}
{"level":"INFO","timestamp":"2026-07-29T08:51:22.733Z","message":"[test] METRIC fetchPhase.parallelFetch taskCount=4 duration=0MS"}
{"level":"INFO","timestamp":"2026-07-29T08:51:22.733Z","message":"[test] DETAIL action=processing fetched form data"}
{"level":"INFO","timestamp":"2026-07-29T08:51:22.733Z","message":"[test] METRIC fetchPhase.processFormData duration=0MS"}
{"level":"INFO","timestamp":"2026-07-29T08:51:22.733Z","message":"[test] DETAIL fusion-reviews=0 fusion-review-instances=0"}
{"level":"INFO","timestamp":"2026-07-29T08:51:22.733Z","message":"[test] DETAIL fusion-accounts=0 identities=0 managed-accounts=0"}
{"level":"INFO","timestamp":"2026-07-29T08:51:22.733Z","message":"[test] PHASE 2 Fetch END elapsed=0MS"}
{"level":"INFO","timestamp":"2026-07-29T08:51:22.733Z","message":"[test] PHASE 3 Refresh START"}
{"level":"INFO","timestamp":"2026-07-29T08:51:22.733Z","message":"[test] DETAIL action=refreshing fusion accounts"}
{"level":"INFO","timestamp":"2026-07-29T08:51:22.733Z","message":"[test] METRIC refreshPhase.processFusionAccounts count=0 duration=0MS"}
{"level":"INFO","timestamp":"2026-07-29T08:51:22.733Z","message":"[test] DETAIL action=refresh phase complete"}
{"level":"INFO","timestamp":"2026-07-29T08:51:22.733Z","message":"[test] PHASE 3 Refresh END elapsed=0MS"}
{"level":"INFO","timestamp":"2026-07-29T08:51:22.733Z","message":"[test] PHASE 4 Process START"}
{"level":"INFO","timestamp":"2026-07-29T08:51:22.733Z","message":"[test] STEP process-identities START"}
{"level":"INFO","timestamp":"2026-07-29T08:51:22.733Z","message":"[test] METRIC FusionService.processIdentities count=0 duration=0MS"}
{"level":"INFO","timestamp":"2026-07-29T08:51:22.733Z","message":"[test] STEP process-identities END count=0 elapsed=0MS"}
{"level":"INFO","timestamp":"2026-07-29T08:51:22.733Z","message":"[test] STEP process-decisions START"}
{"level":"INFO","timestamp":"2026-07-29T08:51:22.733Z","message":"[test] METRIC FusionService.processFusionIdentityDecisions count=0 duration=0MS"}
{"level":"INFO","timestamp":"2026-07-29T08:51:22.733Z","message":"[test] STEP process-decisions END count=0 elapsed=0MS"}
{"level":"INFO","timestamp":"2026-07-29T08:51:22.733Z","message":"[test] DETAIL action=identities cache cleared from memory"}
{"level":"INFO","timestamp":"2026-07-29T08:51:22.733Z","message":"[test] STEP managed-account-init START"}
{"level":"INFO","timestamp":"2026-07-29T08:51:22.733Z","message":"[test] METRIC FusionService.initializeManagedAccountProcessing duration=0MS"}
{"level":"INFO","timestamp":"2026-07-29T08:51:22.733Z","message":"[test] STEP managed-account-init END remaining=0 elapsed=0MS"}
{"level":"INFO","timestamp":"2026-07-29T08:51:22.733Z","message":"[test] STEP orphan-identity-hydration START"}
{"level":"INFO","timestamp":"2026-07-29T08:51:22.733Z","message":"[test] DETAIL hydrated=0 action=orphan correlated identities hydrated"}
{"level":"INFO","timestamp":"2026-07-29T08:51:22.733Z","message":"[test] STEP orphan-identity-hydration END hydrated=0 elapsed=0MS"}
{"level":"INFO","timestamp":"2026-07-29T08:51:22.733Z","message":"[test] STEP correlated-sweep START"}
{"level":"INFO","timestamp":"2026-07-29T08:51:22.733Z","message":"[test] STEP correlated-sweep END remaining=0 elapsed=0MS"}
{"level":"INFO","timestamp":"2026-07-29T08:51:22.733Z","message":"[test] STEP record-unique-registration START"}
{"level":"INFO","timestamp":"2026-07-29T08:51:22.733Z","message":"[test] METRIC FusionService.processRecordUniqueRegistration registered=0 duration=0MS"}
{"level":"INFO","timestamp":"2026-07-29T08:51:22.733Z","message":"[test] STEP record-unique-registration END registered=0 elapsed=0MS"}
{"level":"INFO","timestamp":"2026-07-29T08:51:22.733Z","message":"[test] STEP uncorrelated-sweep START accounts=0"}
{"level":"INFO","timestamp":"2026-07-29T08:51:22.733Z","message":"[test] METRIC FusionService.processManagedAccounts analyzed=0 matchScoring=0MS duration=0MS"}
{"level":"INFO","timestamp":"2026-07-29T08:51:22.733Z","message":"[test] STEP uncorrelated-sweep END analyzed=0 elapsed=0MS"}
{"level":"INFO","timestamp":"2026-07-29T08:51:22.733Z","message":"[test] STEP await-disable-ops START pending=0"}
{"level":"INFO","timestamp":"2026-07-29T08:51:22.733Z","message":"[test] STEP await-disable-ops END elapsed=0MS"}
{"level":"INFO","timestamp":"2026-07-29T08:51:22.733Z","message":"[test] STEP form-reconcile START"}
{"level":"INFO","timestamp":"2026-07-29T08:51:22.733Z","message":"[test] STEP form-reconcile END forms-created=0 instances-sent=0 elapsed=0MS"}
{"level":"INFO","timestamp":"2026-07-29T08:51:22.734Z","message":"[test] DETAIL action=process phase complete matches=matches(0n/0m/0a/0d total=0) forms=forms=0(0)"}
{"level":"INFO","timestamp":"2026-07-29T08:51:22.734Z","message":"[test] PHASE 4 Process END elapsed=1MS"}
{"level":"INFO","timestamp":"2026-07-29T08:51:22.734Z","message":"[test] PHASE 5 Output START"}
{"level":"INFO","timestamp":"2026-07-29T08:51:22.734Z","message":"[test] STEP clear-managed-accounts START accounts=0"}
{"level":"INFO","timestamp":"2026-07-29T08:51:22.734Z","message":"[test] METRIC outputPhase.clearManagedAccounts duration=0MS"}
{"level":"INFO","timestamp":"2026-07-29T08:51:22.734Z","message":"[test] STEP clear-managed-accounts END cleared=0 elapsed=0MS"}
{"level":"INFO","timestamp":"2026-07-29T08:51:22.734Z","message":"[test] STEP send-accounts START"}
{"level":"INFO","timestamp":"2026-07-29T08:51:22.734Z","message":"[test] METRIC outputPhase.sendAccounts sent=0 eligible=0 duration=0MS"}
{"level":"INFO","timestamp":"2026-07-29T08:51:22.734Z","message":"[test] STEP send-accounts END sent=0 eligible=0 elapsed=0MS"}
{"level":"INFO","timestamp":"2026-07-29T08:51:22.734Z","message":"[test] DETAIL sent=0 action=accounts sent to platform"}
{"level":"INFO","timestamp":"2026-07-29T08:51:22.734Z","message":"[test] STEP form-cleanup START"}
{"level":"INFO","timestamp":"2026-07-29T08:51:22.734Z","message":"[test] METRIC outputPhase.formCleanup duration=0MS"}
{"level":"INFO","timestamp":"2026-07-29T08:51:22.734Z","message":"[test] STEP form-cleanup END elapsed=0MS"}
{"level":"INFO","timestamp":"2026-07-29T08:51:22.734Z","message":"[test] STEP save-state START"}
{"level":"INFO","timestamp":"2026-07-29T08:51:22.734Z","message":"[test] METRIC outputPhase.savePersistentState duration=0MS"}
{"level":"INFO","timestamp":"2026-07-29T08:51:22.734Z","message":"[test] STEP save-state END elapsed=0MS"}
{"level":"INFO","timestamp":"2026-07-29T08:51:22.734Z","message":"[test] STEP schedule-aggregations START"}
{"level":"INFO","timestamp":"2026-07-29T08:51:22.734Z","message":"[test] METRIC outputPhase.scheduleDelayedAggregations duration=0MS"}
{"level":"INFO","timestamp":"2026-07-29T08:51:22.734Z","message":"[test] STEP schedule-aggregations END elapsed=0MS"}
{"level":"INFO","timestamp":"2026-07-29T08:51:22.734Z","message":"[test] STEP await-form-deletes START"}
{"level":"INFO","timestamp":"2026-07-29T08:51:22.734Z","message":"[test] STEP await-form-deletes END elapsed=0MS"}
{"level":"INFO","timestamp":"2026-07-29T08:51:22.734Z","message":"[test] DETAIL action=queued form deletions completed"}
{"level":"INFO","timestamp":"2026-07-29T08:51:22.734Z","message":"[test] PHASE 5 Output END elapsed=0MS"}
{"level":"INFO","timestamp":"2026-07-29T08:51:22.734Z","message":"[test] EPILOGUE report START"}
{"level":"INFO","timestamp":"2026-07-29T08:51:22.734Z","message":"[test] EPILOGUE report END elapsed=0MS"}
{"level":"INFO","timestamp":"2026-07-29T08:51:22.734Z","message":"[test] DETAIL action=account caches cleared from memory"}
{"level":"INFO","timestamp":"2026-07-29T08:51:22.734Z","message":"[test] ✓ Account list operation completed successfully - 0 account(s) processed (total: 1MS)"}
{"level":"INFO","timestamp":"2026-07-29T08:51:22.734Z","message":"[config] DETAIL action=\"stateWrapper init\" keys=0"}
{"level":"INFO","timestamp":"2026-07-29T08:51:22.735Z","message":"[test] DETAIL action=start aggregation"}
{"level":"INFO","timestamp":"2026-07-29T08:51:22.735Z","message":"[test] PHASE 1 Setup START"}
{"level":"INFO","timestamp":"2026-07-29T08:51:22.735Z","message":"[test] DETAIL sources=0"}
{"level":"INFO","timestamp":"2026-07-29T08:51:22.735Z","message":"[test] DETAIL action=fusion account schema set successfully"}
{"level":"INFO","timestamp":"2026-07-29T08:51:22.735Z","message":"[test] DETAIL action=managed sources aggregated"}
{"level":"INFO","timestamp":"2026-07-29T08:51:22.735Z","message":"[test] METRIC aggregateManagedSources sources=0 duration=0MS"}
{"level":"INFO","timestamp":"2026-07-29T08:51:22.735Z","message":"[test] DETAIL action=attribute counters initialized"}
{"level":"INFO","timestamp":"2026-07-29T08:51:22.735Z","message":"[test] PHASE 1 Setup END elapsed=0MS"}
{"level":"INFO","timestamp":"2026-07-29T08:51:22.735Z","message":"[test] PHASE 2 Fetch START"}
{"level":"INFO","timestamp":"2026-07-29T08:51:22.735Z","message":"[test] DETAIL action=fetching identities, managed accounts, and dependencies"}
{"level":"INFO","timestamp":"2026-07-29T08:51:22.735Z","message":"[test] METRIC fetchPhase.parallelFetch taskCount=4 duration=0MS"}
{"level":"INFO","timestamp":"2026-07-29T08:51:22.735Z","message":"[test] DETAIL action=processing fetched form data"}
{"level":"INFO","timestamp":"2026-07-29T08:51:22.735Z","message":"[test] METRIC fetchPhase.processFormData duration=0MS"}
{"level":"INFO","timestamp":"2026-07-29T08:51:22.735Z","message":"[test] DETAIL fusion-reviews=0 fusion-review-instances=0"}
{"level":"INFO","timestamp":"2026-07-29T08:51:22.735Z","message":"[test] DETAIL fusion-accounts=0 identities=0 managed-accounts=0"}
{"level":"INFO","timestamp":"2026-07-29T08:51:22.735Z","message":"[test] PHASE 2 Fetch END elapsed=0MS"}
{"level":"INFO","timestamp":"2026-07-29T08:51:22.735Z","message":"[test] PHASE 3 Refresh START"}
{"level":"INFO","timestamp":"2026-07-29T08:51:22.735Z","message":"[test] DETAIL action=refreshing fusion accounts"}
{"level":"INFO","timestamp":"2026-07-29T08:51:22.735Z","message":"[test] METRIC refreshPhase.processFusionAccounts count=0 duration=0MS"}
{"level":"INFO","timestamp":"2026-07-29T08:51:22.735Z","message":"[test] DETAIL action=refresh phase complete"}
{"level":"INFO","timestamp":"2026-07-29T08:51:22.735Z","message":"[test] PHASE 3 Refresh END elapsed=0MS"}
{"level":"INFO","timestamp":"2026-07-29T08:51:22.735Z","message":"[test] PHASE 4 Process START"}
{"level":"INFO","timestamp":"2026-07-29T08:51:22.735Z","message":"[test] STEP process-identities START"}
{"level":"INFO","timestamp":"2026-07-29T08:51:22.735Z","message":"[test] METRIC FusionService.processIdentities count=0 duration=0MS"}
{"level":"INFO","timestamp":"2026-07-29T08:51:22.735Z","message":"[test] STEP process-identities END count=0 elapsed=0MS"}
{"level":"INFO","timestamp":"2026-07-29T08:51:22.735Z","message":"[test] STEP process-decisions START"}
{"level":"INFO","timestamp":"2026-07-29T08:51:22.735Z","message":"[test] METRIC FusionService.processFusionIdentityDecisions count=0 duration=0MS"}
{"level":"INFO","timestamp":"2026-07-29T08:51:22.735Z","message":"[test] STEP process-decisions END count=0 elapsed=0MS"}
{"level":"INFO","timestamp":"2026-07-29T08:51:22.735Z","message":"[test] DETAIL action=identities cache cleared from memory"}
{"level":"INFO","timestamp":"2026-07-29T08:51:22.735Z","message":"[test] STEP managed-account-init START"}
{"level":"INFO","timestamp":"2026-07-29T08:51:22.735Z","message":"[test] METRIC FusionService.initializeManagedAccountProcessing duration=0MS"}
{"level":"INFO","timestamp":"2026-07-29T08:51:22.735Z","message":"[test] STEP managed-account-init END remaining=0 elapsed=0MS"}
{"level":"INFO","timestamp":"2026-07-29T08:51:22.735Z","message":"[test] STEP orphan-identity-hydration START"}
{"level":"INFO","timestamp":"2026-07-29T08:51:22.735Z","message":"[test] DETAIL hydrated=0 action=orphan correlated identities hydrated"}
{"level":"INFO","timestamp":"2026-07-29T08:51:22.735Z","message":"[test] STEP orphan-identity-hydration END hydrated=0 elapsed=0MS"}
{"level":"INFO","timestamp":"2026-07-29T08:51:22.735Z","message":"[test] STEP correlated-sweep START"}
{"level":"INFO","timestamp":"2026-07-29T08:51:22.735Z","message":"[test] STEP correlated-sweep END remaining=0 elapsed=0MS"}
{"level":"INFO","timestamp":"2026-07-29T08:51:22.735Z","message":"[test] STEP record-unique-registration START"}
{"level":"INFO","timestamp":"2026-07-29T08:51:22.735Z","message":"[test] METRIC FusionService.processRecordUniqueRegistration registered=0 duration=0MS"}
{"level":"INFO","timestamp":"2026-07-29T08:51:22.735Z","message":"[test] STEP record-unique-registration END registered=0 elapsed=0MS"}
{"level":"INFO","timestamp":"2026-07-29T08:51:22.735Z","message":"[test] STEP uncorrelated-sweep START accounts=0"}
{"level":"INFO","timestamp":"2026-07-29T08:51:22.735Z","message":"[test] METRIC FusionService.processManagedAccounts analyzed=0 matchScoring=0MS duration=0MS"}
{"level":"INFO","timestamp":"2026-07-29T08:51:22.735Z","message":"[test] STEP uncorrelated-sweep END analyzed=0 elapsed=0MS"}
{"level":"INFO","timestamp":"2026-07-29T08:51:22.735Z","message":"[test] STEP await-disable-ops START pending=0"}
{"level":"INFO","timestamp":"2026-07-29T08:51:22.735Z","message":"[test] STEP await-disable-ops END elapsed=0MS"}
{"level":"INFO","timestamp":"2026-07-29T08:51:22.735Z","message":"[test] STEP form-reconcile START"}
{"level":"INFO","timestamp":"2026-07-29T08:51:22.735Z","message":"[test] STEP form-reconcile END forms-created=0 instances-sent=0 elapsed=0MS"}
{"level":"INFO","timestamp":"2026-07-29T08:51:22.735Z","message":"[test] DETAIL action=process phase complete matches=matches(0n/0m/0a/0d total=0) forms=forms=0(0)"}
{"level":"INFO","timestamp":"2026-07-29T08:51:22.735Z","message":"[test] PHASE 4 Process END elapsed=0MS"}
{"level":"INFO","timestamp":"2026-07-29T08:51:22.735Z","message":"[test] PHASE 5 Output START"}
{"level":"INFO","timestamp":"2026-07-29T08:51:22.735Z","message":"[test] STEP clear-managed-accounts START accounts=0"}
{"level":"INFO","timestamp":"2026-07-29T08:51:22.735Z","message":"[test] METRIC outputPhase.clearManagedAccounts duration=0MS"}
{"level":"INFO","timestamp":"2026-07-29T08:51:22.735Z","message":"[test] STEP clear-managed-accounts END cleared=0 elapsed=0MS"}
{"level":"INFO","timestamp":"2026-07-29T08:51:22.735Z","message":"[test] STEP send-accounts START"}
{"level":"INFO","timestamp":"2026-07-29T08:51:22.735Z","message":"[test] METRIC outputPhase.sendAccounts sent=0 eligible=0 duration=0MS"}
{"level":"INFO","timestamp":"2026-07-29T08:51:22.735Z","message":"[test] STEP send-accounts END sent=0 eligible=0 elapsed=0MS"}
{"level":"INFO","timestamp":"2026-07-29T08:51:22.735Z","message":"[test] DETAIL sent=0 action=accounts sent to platform"}
{"level":"INFO","timestamp":"2026-07-29T08:51:22.735Z","message":"[test] STEP form-cleanup START"}
{"level":"INFO","timestamp":"2026-07-29T08:51:22.735Z","message":"[test] METRIC outputPhase.formCleanup duration=0MS"}
{"level":"INFO","timestamp":"2026-07-29T08:51:22.735Z","message":"[test] STEP form-cleanup END elapsed=0MS"}
{"level":"INFO","timestamp":"2026-07-29T08:51:22.735Z","message":"[test] STEP save-state START"}
{"level":"INFO","timestamp":"2026-07-29T08:51:22.735Z","message":"[test] METRIC outputPhase.savePersistentState duration=0MS"}
{"level":"INFO","timestamp":"2026-07-29T08:51:22.735Z","message":"[test] STEP save-state END elapsed=0MS"}
{"level":"INFO","timestamp":"2026-07-29T08:51:22.735Z","message":"[test] STEP schedule-aggregations START"}
{"level":"INFO","timestamp":"2026-07-29T08:51:22.735Z","message":"[test] METRIC outputPhase.scheduleDelayedAggregations duration=0MS"}
{"level":"INFO","timestamp":"2026-07-29T08:51:22.735Z","message":"[test] STEP schedule-aggregations END elapsed=0MS"}
{"level":"INFO","timestamp":"2026-07-29T08:51:22.735Z","message":"[test] STEP await-form-deletes START"}
{"level":"INFO","timestamp":"2026-07-29T08:51:22.735Z","message":"[test] STEP await-form-deletes END elapsed=0MS"}
{"level":"INFO","timestamp":"2026-07-29T08:51:22.735Z","message":"[test] DETAIL action=queued form deletions completed"}
{"level":"INFO","timestamp":"2026-07-29T08:51:22.735Z","message":"[test] PHASE 5 Output END elapsed=0MS"}
{"level":"INFO","timestamp":"2026-07-29T08:51:22.735Z","message":"[test] EPILOGUE report START"}
{"level":"INFO","timestamp":"2026-07-29T08:51:22.735Z","message":"[test] EPILOGUE report END elapsed=0MS"}
{"level":"INFO","timestamp":"2026-07-29T08:51:22.735Z","message":"[test] DETAIL action=account caches cleared from memory"}
{"level":"INFO","timestamp":"2026-07-29T08:51:22.735Z","message":"[test] ✓ Account list operation completed successfully - 0 account(s) processed (total: 0MS)"}
{"level":"INFO","timestamp":"2026-07-29T08:51:22.735Z","message":"[config] DETAIL action=\"stateWrapper init\" keys=0"}
{"level":"INFO","timestamp":"2026-07-29T08:51:22.735Z","message":"[test] DETAIL action=start aggregation"}
{"level":"INFO","timestamp":"2026-07-29T08:51:22.735Z","message":"[test] PHASE 1 Setup START"}
{"level":"INFO","timestamp":"2026-07-29T08:51:22.735Z","message":"[test] DETAIL sources=0"}
{"level":"INFO","timestamp":"2026-07-29T08:51:22.735Z","message":"[test] DETAIL action=fusion account schema set successfully"}
{"level":"INFO","timestamp":"2026-07-29T08:51:22.735Z","message":"[test] DETAIL action=managed sources aggregated"}
{"level":"INFO","timestamp":"2026-07-29T08:51:22.735Z","message":"[test] METRIC aggregateManagedSources sources=0 duration=0MS"}
{"level":"INFO","timestamp":"2026-07-29T08:51:22.735Z","message":"[test] DETAIL action=attribute counters initialized"}
{"level":"INFO","timestamp":"2026-07-29T08:51:22.735Z","message":"[test] PHASE 1 Setup END elapsed=0MS"}
{"level":"INFO","timestamp":"2026-07-29T08:51:22.735Z","message":"[test] PHASE 2 Fetch START"}
{"level":"INFO","timestamp":"2026-07-29T08:51:22.735Z","message":"[test] DETAIL action=fetching identities, managed accounts, and dependencies"}
{"level":"INFO","timestamp":"2026-07-29T08:51:22.735Z","message":"[test] METRIC fetchPhase.parallelFetch taskCount=4 duration=0MS"}
{"level":"INFO","timestamp":"2026-07-29T08:51:22.735Z","message":"[test] DETAIL action=processing fetched form data"}
{"level":"INFO","timestamp":"2026-07-29T08:51:22.735Z","message":"[test] METRIC fetchPhase.processFormData duration=0MS"}
{"level":"INFO","timestamp":"2026-07-29T08:51:22.735Z","message":"[test] DETAIL fusion-reviews=0 fusion-review-instances=0"}
{"level":"INFO","timestamp":"2026-07-29T08:51:22.735Z","message":"[test] DETAIL fusion-accounts=0 identities=0 managed-accounts=0"}
{"level":"INFO","timestamp":"2026-07-29T08:51:22.735Z","message":"[test] PHASE 2 Fetch END elapsed=0MS"}
{"level":"INFO","timestamp":"2026-07-29T08:51:22.735Z","message":"[test] PHASE 3 Refresh START"}
{"level":"INFO","timestamp":"2026-07-29T08:51:22.735Z","message":"[test] DETAIL action=refreshing fusion accounts"}
{"level":"INFO","timestamp":"2026-07-29T08:51:22.736Z","message":"[test] STATUS phase=Refresh refreshed(0) mem=1455.53MB(4%) elapsed=1MS"}
{"level":"INFO","timestamp":"2026-07-29T08:51:22.737Z","message":"[test] STATUS phase=Refresh refreshed(0) mem=1455.55MB(4%) elapsed=2MS"}
{"level":"INFO","timestamp":"2026-07-29T08:51:22.738Z","message":"[test] STATUS phase=Refresh refreshed(0) mem=1455.63MB(4%) elapsed=3MS"}
{"level":"INFO","timestamp":"2026-07-29T08:51:22.739Z","message":"[test] STATUS phase=Refresh refreshed(0) mem=1455.77MB(4%) elapsed=4MS"}
{"level":"INFO","timestamp":"2026-07-29T08:51:22.740Z","message":"[test] STATUS phase=Refresh refreshed(0) mem=1455.84MB(4%) elapsed=5MS"}
{"level":"INFO","timestamp":"2026-07-29T08:51:22.741Z","message":"[test] STATUS phase=Refresh refreshed(0) mem=1455.91MB(4%) elapsed=6MS"}
{"level":"INFO","timestamp":"2026-07-29T08:51:22.742Z","message":"[test] STATUS phase=Refresh refreshed(0) mem=1456.02MB(4%) elapsed=7MS"}
{"level":"INFO","timestamp":"2026-07-29T08:51:22.743Z","message":"[test] STATUS phase=Refresh refreshed(0) mem=1456.05MB(4%) elapsed=8MS"}
{"level":"INFO","timestamp":"2026-07-29T08:51:22.744Z","message":"[test] STATUS phase=Refresh refreshed(0) mem=1456.16MB(4%) elapsed=9MS"}
{"level":"INFO","timestamp":"2026-07-29T08:51:22.744Z","message":"[test] METRIC refreshPhase.processFusionAccounts count=0 duration=0MS"}
{"level":"INFO","timestamp":"2026-07-29T08:51:22.744Z","message":"[test] DETAIL action=refresh phase complete"}
{"level":"INFO","timestamp":"2026-07-29T08:51:22.744Z","message":"[test] PHASE 3 Refresh END elapsed=9MS"}
{"level":"INFO","timestamp":"2026-07-29T08:51:22.744Z","message":"[test] PHASE 4 Process START"}
{"level":"INFO","timestamp":"2026-07-29T08:51:22.744Z","message":"[test] STEP process-identities START"}
{"level":"INFO","timestamp":"2026-07-29T08:51:22.744Z","message":"[test] METRIC FusionService.processIdentities count=0 duration=0MS"}
{"level":"INFO","timestamp":"2026-07-29T08:51:22.744Z","message":"[test] STEP process-identities END count=0 elapsed=0MS"}
{"level":"INFO","timestamp":"2026-07-29T08:51:22.744Z","message":"[test] STEP process-decisions START"}
{"level":"INFO","timestamp":"2026-07-29T08:51:22.744Z","message":"[test] METRIC FusionService.processFusionIdentityDecisions count=0 duration=0MS"}
{"level":"INFO","timestamp":"2026-07-29T08:51:22.744Z","message":"[test] STEP process-decisions END count=0 elapsed=0MS"}
{"level":"INFO","timestamp":"2026-07-29T08:51:22.744Z","message":"[test] DETAIL action=identities cache cleared from memory"}
{"level":"INFO","timestamp":"2026-07-29T08:51:22.744Z","message":"[test] STEP managed-account-init START"}
{"level":"INFO","timestamp":"2026-07-29T08:51:22.744Z","message":"[test] METRIC FusionService.initializeManagedAccountProcessing duration=0MS"}
{"level":"INFO","timestamp":"2026-07-29T08:51:22.744Z","message":"[test] STEP managed-account-init END remaining=0 elapsed=0MS"}
{"level":"INFO","timestamp":"2026-07-29T08:51:22.744Z","message":"[test] STEP orphan-identity-hydration START"}
{"level":"INFO","timestamp":"2026-07-29T08:51:22.744Z","message":"[test] DETAIL hydrated=0 action=orphan correlated identities hydrated"}
{"level":"INFO","timestamp":"2026-07-29T08:51:22.744Z","message":"[test] STEP orphan-identity-hydration END hydrated=0 elapsed=0MS"}
{"level":"INFO","timestamp":"2026-07-29T08:51:22.744Z","message":"[test] STEP correlated-sweep START"}
{"level":"INFO","timestamp":"2026-07-29T08:51:22.744Z","message":"[test] STEP correlated-sweep END remaining=0 elapsed=0MS"}
{"level":"INFO","timestamp":"2026-07-29T08:51:22.744Z","message":"[test] STEP record-unique-registration START"}
{"level":"INFO","timestamp":"2026-07-29T08:51:22.744Z","message":"[test] METRIC FusionService.processRecordUniqueRegistration registered=0 duration=0MS"}
{"level":"INFO","timestamp":"2026-07-29T08:51:22.744Z","message":"[test] STEP record-unique-registration END registered=0 elapsed=0MS"}
{"level":"INFO","timestamp":"2026-07-29T08:51:22.744Z","message":"[test] STEP uncorrelated-sweep START accounts=0"}
{"level":"INFO","timestamp":"2026-07-29T08:51:22.744Z","message":"[test] METRIC FusionService.processManagedAccounts analyzed=0 matchScoring=0MS duration=0MS"}
{"level":"INFO","timestamp":"2026-07-29T08:51:22.744Z","message":"[test] STEP uncorrelated-sweep END analyzed=0 elapsed=0MS"}
{"level":"INFO","timestamp":"2026-07-29T08:51:22.744Z","message":"[test] STEP await-disable-ops START pending=0"}
{"level":"INFO","timestamp":"2026-07-29T08:51:22.744Z","message":"[test] STEP await-disable-ops END elapsed=0MS"}
{"level":"INFO","timestamp":"2026-07-29T08:51:22.744Z","message":"[test] STEP form-reconcile START"}
{"level":"INFO","timestamp":"2026-07-29T08:51:22.744Z","message":"[test] STEP form-reconcile END forms-created=0 instances-sent=0 elapsed=0MS"}
{"level":"INFO","timestamp":"2026-07-29T08:51:22.744Z","message":"[test] DETAIL action=process phase complete matches=matches(0n/0m/0a/0d total=0) forms=forms=0(0)"}
{"level":"INFO","timestamp":"2026-07-29T08:51:22.744Z","message":"[test] PHASE 4 Process END elapsed=0MS"}
{"level":"INFO","timestamp":"2026-07-29T08:51:22.744Z","message":"[test] PHASE 5 Output START"}
{"level":"INFO","timestamp":"2026-07-29T08:51:22.744Z","message":"[test] STEP clear-managed-accounts START accounts=0"}
{"level":"INFO","timestamp":"2026-07-29T08:51:22.744Z","message":"[test] METRIC outputPhase.clearManagedAccounts duration=0MS"}
{"level":"INFO","timestamp":"2026-07-29T08:51:22.744Z","message":"[test] STEP clear-managed-accounts END cleared=0 elapsed=0MS"}
{"level":"INFO","timestamp":"2026-07-29T08:51:22.744Z","message":"[test] STEP send-accounts START"}
{"level":"INFO","timestamp":"2026-07-29T08:51:22.744Z","message":"[test] METRIC outputPhase.sendAccounts sent=0 eligible=0 duration=0MS"}
{"level":"INFO","timestamp":"2026-07-29T08:51:22.744Z","message":"[test] STEP send-accounts END sent=0 eligible=0 elapsed=0MS"}
{"level":"INFO","timestamp":"2026-07-29T08:51:22.744Z","message":"[test] DETAIL sent=0 action=accounts sent to platform"}
{"level":"INFO","timestamp":"2026-07-29T08:51:22.744Z","message":"[test] STEP form-cleanup START"}
{"level":"INFO","timestamp":"2026-07-29T08:51:22.744Z","message":"[test] METRIC outputPhase.formCleanup duration=0MS"}
{"level":"INFO","timestamp":"2026-07-29T08:51:22.744Z","message":"[test] STEP form-cleanup END elapsed=0MS"}
{"level":"INFO","timestamp":"2026-07-29T08:51:22.744Z","message":"[test] STEP save-state START"}
{"level":"INFO","timestamp":"2026-07-29T08:51:22.744Z","message":"[test] METRIC outputPhase.savePersistentState duration=0MS"}
{"level":"INFO","timestamp":"2026-07-29T08:51:22.744Z","message":"[test] STEP save-state END elapsed=0MS"}
{"level":"INFO","timestamp":"2026-07-29T08:51:22.744Z","message":"[test] STEP schedule-aggregations START"}
{"level":"INFO","timestamp":"2026-07-29T08:51:22.744Z","message":"[test] METRIC outputPhase.scheduleDelayedAggregations duration=0MS"}
{"level":"INFO","timestamp":"2026-07-29T08:51:22.744Z","message":"[test] STEP schedule-aggregations END elapsed=0MS"}
{"level":"INFO","timestamp":"2026-07-29T08:51:22.744Z","message":"[test] STEP await-form-deletes START"}
{"level":"INFO","timestamp":"2026-07-29T08:51:22.744Z","message":"[test] STEP await-form-deletes END elapsed=0MS"}
{"level":"INFO","timestamp":"2026-07-29T08:51:22.744Z","message":"[test] DETAIL action=queued form deletions completed"}
{"level":"INFO","timestamp":"2026-07-29T08:51:22.744Z","message":"[test] PHASE 5 Output END elapsed=0MS"}
{"level":"INFO","timestamp":"2026-07-29T08:51:22.744Z","message":"[test] EPILOGUE report START"}
{"level":"INFO","timestamp":"2026-07-29T08:51:22.744Z","message":"[test] EPILOGUE report END elapsed=0MS"}
{"level":"INFO","timestamp":"2026-07-29T08:51:22.744Z","message":"[test] DETAIL action=account caches cleared from memory"}
{"level":"INFO","timestamp":"2026-07-29T08:51:22.744Z","message":"[test] ✓ Account list operation completed successfully - 0 account(s) processed (total: 9MS)"}
{"level":"INFO","timestamp":"2026-07-29T08:51:22.745Z","message":"[config] DETAIL action=\"stateWrapper init\" keys=0"}
{"level":"INFO","timestamp":"2026-07-29T08:51:22.745Z","message":"[test] DETAIL action=start dry-run analysis"}
{"level":"INFO","timestamp":"2026-07-29T08:51:22.745Z","message":"[test] PHASE 1 Setup START"}
{"level":"INFO","timestamp":"2026-07-29T08:51:22.745Z","message":"[test] DETAIL sources=0"}
{"level":"INFO","timestamp":"2026-07-29T08:51:22.745Z","message":"[test] DETAIL action=fusion account schema set successfully"}
{"level":"INFO","timestamp":"2026-07-29T08:51:22.745Z","message":"[test] DETAIL action=managed sources aggregated"}
{"level":"INFO","timestamp":"2026-07-29T08:51:22.745Z","message":"[test] METRIC aggregateManagedSources sources=0 duration=0MS"}
{"level":"INFO","timestamp":"2026-07-29T08:51:22.745Z","message":"[test] DETAIL action=attribute counters initialized"}
{"level":"INFO","timestamp":"2026-07-29T08:51:22.745Z","message":"[test] PHASE 1 Setup END elapsed=0MS"}
{"level":"INFO","timestamp":"2026-07-29T08:51:22.745Z","message":"[test] PHASE 2 Fetch START"}
{"level":"INFO","timestamp":"2026-07-29T08:51:22.745Z","message":"[test] DETAIL action=fetching identities, managed accounts, and dependencies"}
{"level":"INFO","timestamp":"2026-07-29T08:51:22.745Z","message":"[test] METRIC fetchPhase.parallelFetch taskCount=4 duration=0MS"}
{"level":"INFO","timestamp":"2026-07-29T08:51:22.745Z","message":"[test] DETAIL action=processing fetched form data"}
{"level":"INFO","timestamp":"2026-07-29T08:51:22.745Z","message":"[test] METRIC fetchPhase.processFormData duration=0MS"}
{"level":"INFO","timestamp":"2026-07-29T08:51:22.745Z","message":"[test] DETAIL fusion-reviews=0 fusion-review-instances=0"}
{"level":"INFO","timestamp":"2026-07-29T08:51:22.745Z","message":"[test] DETAIL fusion-accounts=0 identities=0 managed-accounts=0"}
{"level":"INFO","timestamp":"2026-07-29T08:51:22.745Z","message":"[test] PHASE 2 Fetch END elapsed=0MS"}
{"level":"INFO","timestamp":"2026-07-29T08:51:22.745Z","message":"[test] PHASE 3 Refresh START"}
{"level":"INFO","timestamp":"2026-07-29T08:51:22.745Z","message":"[test] DETAIL action=refreshing fusion accounts"}
{"level":"INFO","timestamp":"2026-07-29T08:51:22.745Z","message":"[test] METRIC refreshPhase.processFusionAccounts count=0 duration=0MS"}
{"level":"INFO","timestamp":"2026-07-29T08:51:22.745Z","message":"[test] DETAIL action=refresh phase complete"}
{"level":"INFO","timestamp":"2026-07-29T08:51:22.745Z","message":"[test] PHASE 3 Refresh END elapsed=0MS"}
{"level":"INFO","timestamp":"2026-07-29T08:51:22.745Z","message":"[test] PHASE 4 Process START"}
{"level":"INFO","timestamp":"2026-07-29T08:51:22.745Z","message":"[test] STEP process-identities START"}
{"level":"INFO","timestamp":"2026-07-29T08:51:22.745Z","message":"[test] METRIC FusionService.processIdentities count=0 duration=0MS"}
{"level":"INFO","timestamp":"2026-07-29T08:51:22.745Z","message":"[test] STEP process-identities END count=0 elapsed=0MS"}
{"level":"INFO","timestamp":"2026-07-29T08:51:22.745Z","message":"[test] STEP process-decisions START"}
{"level":"INFO","timestamp":"2026-07-29T08:51:22.745Z","message":"[test] METRIC FusionService.processFusionIdentityDecisions count=0 duration=0MS"}
{"level":"INFO","timestamp":"2026-07-29T08:51:22.745Z","message":"[test] STEP process-decisions END count=0 elapsed=0MS"}
{"level":"INFO","timestamp":"2026-07-29T08:51:22.745Z","message":"[test] DETAIL action=identities cache cleared from memory"}
{"level":"INFO","timestamp":"2026-07-29T08:51:22.745Z","message":"[test] STEP managed-account-init START"}
{"level":"INFO","timestamp":"2026-07-29T08:51:22.745Z","message":"[test] METRIC FusionService.initializeManagedAccountProcessing duration=0MS"}
{"level":"INFO","timestamp":"2026-07-29T08:51:22.745Z","message":"[test] STEP managed-account-init END remaining=0 elapsed=0MS"}
{"level":"INFO","timestamp":"2026-07-29T08:51:22.745Z","message":"[test] STEP orphan-identity-hydration START"}
{"level":"INFO","timestamp":"2026-07-29T08:51:22.745Z","message":"[test] DETAIL hydrated=0 action=orphan correlated identities hydrated"}
{"level":"INFO","timestamp":"2026-07-29T08:51:22.745Z","message":"[test] STEP orphan-identity-hydration END hydrated=0 elapsed=0MS"}
{"level":"INFO","timestamp":"2026-07-29T08:51:22.745Z","message":"[test] STEP correlated-sweep START"}
{"level":"INFO","timestamp":"2026-07-29T08:51:22.745Z","message":"[test] STEP correlated-sweep END remaining=0 elapsed=0MS"}
{"level":"INFO","timestamp":"2026-07-29T08:51:22.745Z","message":"[test] STEP record-unique-registration START"}
{"level":"INFO","timestamp":"2026-07-29T08:51:22.745Z","message":"[test] METRIC FusionService.processRecordUniqueRegistration registered=0 duration=0MS"}
{"level":"INFO","timestamp":"2026-07-29T08:51:22.745Z","message":"[test] STEP record-unique-registration END registered=0 elapsed=0MS"}
{"level":"INFO","timestamp":"2026-07-29T08:51:22.745Z","message":"[test] STEP uncorrelated-sweep START accounts=0"}
{"level":"INFO","timestamp":"2026-07-29T08:51:22.745Z","message":"[test] METRIC FusionService.processManagedAccounts analyzed=0 matchScoring=0MS duration=0MS"}
{"level":"INFO","timestamp":"2026-07-29T08:51:22.745Z","message":"[test] STEP uncorrelated-sweep END analyzed=0 elapsed=0MS"}
{"level":"INFO","timestamp":"2026-07-29T08:51:22.745Z","message":"[test] STEP await-disable-ops START pending=0"}
{"level":"INFO","timestamp":"2026-07-29T08:51:22.745Z","message":"[test] STEP await-disable-ops END elapsed=0MS"}
{"level":"INFO","timestamp":"2026-07-29T08:51:22.745Z","message":"[test] STEP form-reconcile START"}
{"level":"INFO","timestamp":"2026-07-29T08:51:22.745Z","message":"[test] STEP form-reconcile END forms-created=0 instances-sent=0 elapsed=0MS"}
{"level":"INFO","timestamp":"2026-07-29T08:51:22.745Z","message":"[test] DETAIL action=process phase complete matches=matches(0n/0m/0a/0d total=0) forms=forms=0(0)"}
{"level":"INFO","timestamp":"2026-07-29T08:51:22.745Z","message":"[test] PHASE 4 Process END elapsed=0MS"}
{"level":"INFO","timestamp":"2026-07-29T08:51:22.745Z","message":"[test] PHASE 5 Output START"}
{"level":"INFO","timestamp":"2026-07-29T08:51:22.745Z","message":"[test] STEP clear-managed-accounts START accounts=0"}
{"level":"INFO","timestamp":"2026-07-29T08:51:22.745Z","message":"[test] METRIC outputPhase.clearManagedAccounts duration=0MS"}
{"level":"INFO","timestamp":"2026-07-29T08:51:22.745Z","message":"[test] STEP clear-managed-accounts END cleared=0 elapsed=0MS"}
{"level":"INFO","timestamp":"2026-07-29T08:51:22.745Z","message":"[test] STEP send-accounts START"}
{"level":"INFO","timestamp":"2026-07-29T08:51:22.745Z","message":"[test] METRIC outputPhase.sendAccounts sent=0 eligible=0 duration=0MS"}
{"level":"INFO","timestamp":"2026-07-29T08:51:22.745Z","message":"[test] STEP send-accounts END sent=0 eligible=0 elapsed=0MS"}
{"level":"INFO","timestamp":"2026-07-29T08:51:22.745Z","message":"[test] DETAIL sent=0 action=accounts sent to platform"}
{"level":"INFO","timestamp":"2026-07-29T08:51:22.745Z","message":"[test] PHASE 5 Output END elapsed=0MS"}
{"level":"INFO","timestamp":"2026-07-29T08:51:22.745Z","message":"[test] EPILOGUE report START"}
{"level":"INFO","timestamp":"2026-07-29T08:51:22.746Z","message":"[test] EPILOGUE report END elapsed=1MS"}
{"level":"INFO","timestamp":"2026-07-29T08:51:22.746Z","message":"[test] DETAIL action=account caches cleared from memory"}
{"level":"INFO","timestamp":"2026-07-29T08:51:22.746Z","message":"[test] ✓ Dry-run analysis completed successfully - 0 account(s) processed (total: 1MS)"}
{"level":"INFO","timestamp":"2026-07-29T08:51:22.746Z","message":"[config] DETAIL action=\"stateWrapper init\" keys=0"}
{"level":"INFO","timestamp":"2026-07-29T08:51:22.746Z","message":"[test] DETAIL action=start aggregation"}
{"level":"INFO","timestamp":"2026-07-29T08:51:22.746Z","message":"[test] PHASE 1 Setup START"}
{"level":"INFO","timestamp":"2026-07-29T08:51:22.746Z","message":"[test] DETAIL sources=1"}
{"level":"INFO","timestamp":"2026-07-29T08:51:22.746Z","message":"[test] DETAIL action=fusion account schema set successfully"}
{"level":"INFO","timestamp":"2026-07-29T08:51:22.746Z","message":"[test] DETAIL action=managed sources aggregated"}
{"level":"INFO","timestamp":"2026-07-29T08:51:22.746Z","message":"[test] METRIC aggregateManagedSources sources=1 duration=0MS"}
{"level":"INFO","timestamp":"2026-07-29T08:51:22.746Z","message":"[test] DETAIL action=attribute counters initialized"}
{"level":"INFO","timestamp":"2026-07-29T08:51:22.746Z","message":"[test] PHASE 1 Setup END elapsed=0MS"}
{"level":"INFO","timestamp":"2026-07-29T08:51:22.746Z","message":"[test] PHASE 2 Fetch START"}
{"level":"INFO","timestamp":"2026-07-29T08:51:22.746Z","message":"[test] DETAIL action=fetching identities, managed accounts, and dependencies"}
{"level":"INFO","timestamp":"2026-07-29T08:51:22.747Z","message":"[test] METRIC fetchPhase.parallelFetch taskCount=5 duration=0MS"}
{"level":"INFO","timestamp":"2026-07-29T08:51:22.747Z","message":"[test] DETAIL action=processing fetched form data"}
{"level":"INFO","timestamp":"2026-07-29T08:51:22.747Z","message":"[test] METRIC fetchPhase.processFormData duration=0MS"}
{"level":"INFO","timestamp":"2026-07-29T08:51:22.747Z","message":"[test] DETAIL fusion-reviews=0 fusion-review-instances=0"}
{"level":"INFO","timestamp":"2026-07-29T08:51:22.747Z","message":"[test] DETAIL fusion-accounts=0 identities=0 managed-accounts=0"}
{"level":"INFO","timestamp":"2026-07-29T08:51:22.747Z","message":"[test] PHASE 2 Fetch END elapsed=1MS"}
{"level":"INFO","timestamp":"2026-07-29T08:51:22.747Z","message":"[test] PHASE 3 Refresh START"}
{"level":"INFO","timestamp":"2026-07-29T08:51:22.747Z","message":"[test] DETAIL action=refreshing fusion accounts"}
{"level":"INFO","timestamp":"2026-07-29T08:51:22.747Z","message":"[test] METRIC refreshPhase.processFusionAccounts count=0 duration=0MS"}
{"level":"INFO","timestamp":"2026-07-29T08:51:22.747Z","message":"[test] DETAIL action=refresh phase complete"}
{"level":"INFO","timestamp":"2026-07-29T08:51:22.747Z","message":"[test] PHASE 3 Refresh END elapsed=0MS"}
{"level":"INFO","timestamp":"2026-07-29T08:51:22.747Z","message":"[test] PHASE 4 Process START"}
{"level":"INFO","timestamp":"2026-07-29T08:51:22.747Z","message":"[test] STEP process-identities START"}
{"level":"INFO","timestamp":"2026-07-29T08:51:22.747Z","message":"[test] METRIC FusionService.processIdentities count=0 duration=0MS"}
{"level":"INFO","timestamp":"2026-07-29T08:51:22.747Z","message":"[test] STEP process-identities END count=0 elapsed=0MS"}
{"level":"INFO","timestamp":"2026-07-29T08:51:22.747Z","message":"[test] STEP process-decisions START"}
{"level":"INFO","timestamp":"2026-07-29T08:51:22.747Z","message":"[test] METRIC FusionService.processFusionIdentityDecisions count=0 duration=0MS"}
{"level":"INFO","timestamp":"2026-07-29T08:51:22.747Z","message":"[test] STEP process-decisions END count=0 elapsed=0MS"}
{"level":"INFO","timestamp":"2026-07-29T08:51:22.747Z","message":"[test] DETAIL action=identities cache cleared from memory"}
{"level":"INFO","timestamp":"2026-07-29T08:51:22.747Z","message":"[test] STEP managed-account-init START"}
{"level":"INFO","timestamp":"2026-07-29T08:51:22.747Z","message":"[test] METRIC FusionService.initializeManagedAccountProcessing duration=0MS"}
{"level":"INFO","timestamp":"2026-07-29T08:51:22.747Z","message":"[test] STEP managed-account-init END remaining=0 elapsed=0MS"}
{"level":"INFO","timestamp":"2026-07-29T08:51:22.747Z","message":"[test] STEP orphan-identity-hydration START"}
{"level":"INFO","timestamp":"2026-07-29T08:51:22.747Z","message":"[test] DETAIL hydrated=0 action=orphan correlated identities hydrated"}
{"level":"INFO","timestamp":"2026-07-29T08:51:22.747Z","message":"[test] STEP orphan-identity-hydration END hydrated=0 elapsed=0MS"}
{"level":"INFO","timestamp":"2026-07-29T08:51:22.747Z","message":"[test] STEP correlated-sweep START"}
{"level":"INFO","timestamp":"2026-07-29T08:51:22.747Z","message":"[test] STEP correlated-sweep END remaining=0 elapsed=0MS"}
{"level":"INFO","timestamp":"2026-07-29T08:51:22.747Z","message":"[test] STEP record-unique-registration START"}
{"level":"INFO","timestamp":"2026-07-29T08:51:22.747Z","message":"[test] METRIC FusionService.processRecordUniqueRegistration registered=0 duration=0MS"}
{"level":"INFO","timestamp":"2026-07-29T08:51:22.747Z","message":"[test] STEP record-unique-registration END registered=0 elapsed=0MS"}
{"level":"INFO","timestamp":"2026-07-29T08:51:22.747Z","message":"[test] STEP uncorrelated-sweep START accounts=0"}
{"level":"INFO","timestamp":"2026-07-29T08:51:22.747Z","message":"[test] METRIC FusionService.processManagedAccounts analyzed=0 matchScoring=0MS duration=0MS"}
{"level":"INFO","timestamp":"2026-07-29T08:51:22.747Z","message":"[test] STEP uncorrelated-sweep END analyzed=0 elapsed=0MS"}
{"level":"INFO","timestamp":"2026-07-29T08:51:22.747Z","message":"[test] STEP await-disable-ops START pending=0"}
{"level":"INFO","timestamp":"2026-07-29T08:51:22.747Z","message":"[test] STEP await-disable-ops END elapsed=0MS"}
{"level":"INFO","timestamp":"2026-07-29T08:51:22.747Z","message":"[test] STEP form-reconcile START"}
{"level":"INFO","timestamp":"2026-07-29T08:51:22.747Z","message":"[test] STEP form-reconcile END forms-created=0 instances-sent=0 elapsed=0MS"}
{"level":"INFO","timestamp":"2026-07-29T08:51:22.747Z","message":"[test] DETAIL action=process phase complete matches=matches(0n/0m/0a/0d total=0) forms=forms=0(0)"}
{"level":"INFO","timestamp":"2026-07-29T08:51:22.747Z","message":"[test] PHASE 4 Process END elapsed=0MS"}
{"level":"INFO","timestamp":"2026-07-29T08:51:22.747Z","message":"[test] PHASE 5 Output START"}
{"level":"INFO","timestamp":"2026-07-29T08:51:22.747Z","message":"[test] STEP clear-managed-accounts START accounts=0"}
{"level":"INFO","timestamp":"2026-07-29T08:51:22.747Z","message":"[test] METRIC outputPhase.clearManagedAccounts duration=0MS"}
{"level":"INFO","timestamp":"2026-07-29T08:51:22.747Z","message":"[test] STEP clear-managed-accounts END cleared=0 elapsed=0MS"}
{"level":"INFO","timestamp":"2026-07-29T08:51:22.747Z","message":"[test] STEP send-accounts START"}
{"level":"INFO","timestamp":"2026-07-29T08:51:22.747Z","message":"[test] METRIC outputPhase.sendAccounts sent=0 eligible=0 duration=0MS"}
{"level":"INFO","timestamp":"2026-07-29T08:51:22.747Z","message":"[test] STEP send-accounts END sent=0 eligible=0 elapsed=0MS"}
{"level":"INFO","timestamp":"2026-07-29T08:51:22.747Z","message":"[test] DETAIL sent=0 action=accounts sent to platform"}
{"level":"INFO","timestamp":"2026-07-29T08:51:22.747Z","message":"[test] STEP form-cleanup START"}
{"level":"INFO","timestamp":"2026-07-29T08:51:22.747Z","message":"[test] METRIC outputPhase.formCleanup duration=0MS"}
{"level":"INFO","timestamp":"2026-07-29T08:51:22.747Z","message":"[test] STEP form-cleanup END elapsed=0MS"}
{"level":"INFO","timestamp":"2026-07-29T08:51:22.747Z","message":"[test] STEP save-state START"}
{"level":"INFO","timestamp":"2026-07-29T08:51:22.747Z","message":"[test] METRIC outputPhase.savePersistentState duration=0MS"}
{"level":"INFO","timestamp":"2026-07-29T08:51:22.747Z","message":"[test] STEP save-state END elapsed=0MS"}
{"level":"INFO","timestamp":"2026-07-29T08:51:22.747Z","message":"[test] STEP schedule-aggregations START"}
{"level":"INFO","timestamp":"2026-07-29T08:51:22.747Z","message":"[test] METRIC outputPhase.scheduleDelayedAggregations duration=0MS"}
{"level":"INFO","timestamp":"2026-07-29T08:51:22.747Z","message":"[test] STEP schedule-aggregations END elapsed=0MS"}
{"level":"INFO","timestamp":"2026-07-29T08:51:22.747Z","message":"[test] STEP await-form-deletes START"}
{"level":"INFO","timestamp":"2026-07-29T08:51:22.747Z","message":"[test] STEP await-form-deletes END elapsed=0MS"}
{"level":"INFO","timestamp":"2026-07-29T08:51:22.747Z","message":"[test] DETAIL action=queued form deletions completed"}
{"level":"INFO","timestamp":"2026-07-29T08:51:22.747Z","message":"[test] PHASE 5 Output END elapsed=0MS"}
{"level":"INFO","timestamp":"2026-07-29T08:51:22.747Z","message":"[test] EPILOGUE report START"}
{"level":"INFO","timestamp":"2026-07-29T08:51:22.747Z","message":"[test] EPILOGUE report END elapsed=0MS"}
{"level":"INFO","timestamp":"2026-07-29T08:51:22.747Z","message":"[test] DETAIL action=account caches cleared from memory"}
{"level":"INFO","timestamp":"2026-07-29T08:51:22.747Z","message":"[test] ✓ Account list operation completed successfully - 0 account(s) processed (total: 1MS)"}
{"level":"INFO","timestamp":"2026-07-29T08:51:22.747Z","message":"[config] DETAIL action=\"stateWrapper init\" keys=0"}
{"level":"INFO","timestamp":"2026-07-29T08:51:22.748Z","message":"[test] DETAIL action=start aggregation"}
{"level":"INFO","timestamp":"2026-07-29T08:51:22.748Z","message":"[test] PHASE 1 Setup START"}
{"level":"INFO","timestamp":"2026-07-29T08:51:22.748Z","message":"[test] DETAIL sources=0"}
{"level":"INFO","timestamp":"2026-07-29T08:51:22.748Z","message":"[test] DETAIL action=fusion account schema set successfully"}
{"level":"INFO","timestamp":"2026-07-29T08:51:22.748Z","message":"[test] DETAIL action=managed sources aggregated"}
{"level":"INFO","timestamp":"2026-07-29T08:51:22.748Z","message":"[test] METRIC aggregateManagedSources sources=0 duration=0MS"}
{"level":"INFO","timestamp":"2026-07-29T08:51:22.748Z","message":"[test] DETAIL action=attribute counters initialized"}
{"level":"INFO","timestamp":"2026-07-29T08:51:22.748Z","message":"[test] PHASE 1 Setup END elapsed=0MS"}
{"level":"INFO","timestamp":"2026-07-29T08:51:22.748Z","message":"[test] PHASE 2 Fetch START"}
{"level":"INFO","timestamp":"2026-07-29T08:51:22.748Z","message":"[test] DETAIL action=fetching identities, managed accounts, and dependencies"}
{"level":"INFO","timestamp":"2026-07-29T08:51:22.748Z","message":"[test] METRIC fetchPhase.parallelFetch taskCount=4 duration=0MS"}
{"level":"INFO","timestamp":"2026-07-29T08:51:22.748Z","message":"[test] DETAIL action=processing fetched form data"}
{"level":"INFO","timestamp":"2026-07-29T08:51:22.748Z","message":"[test] METRIC fetchPhase.processFormData duration=0MS"}
{"level":"INFO","timestamp":"2026-07-29T08:51:22.748Z","message":"[test] DETAIL fusion-reviews=0 fusion-review-instances=0"}
{"level":"INFO","timestamp":"2026-07-29T08:51:22.748Z","message":"[test] DETAIL fusion-accounts=2 identities=1 managed-accounts=2"}
{"level":"INFO","timestamp":"2026-07-29T08:51:22.748Z","message":"[test] PHASE 2 Fetch END elapsed=0MS"}
{"level":"INFO","timestamp":"2026-07-29T08:51:22.748Z","message":"[test] PHASE 3 Refresh START"}
{"level":"INFO","timestamp":"2026-07-29T08:51:22.748Z","message":"[test] DETAIL action=refreshing fusion accounts"}
{"level":"INFO","timestamp":"2026-07-29T08:51:22.748Z","message":"[test] METRIC refreshPhase.processFusionAccounts count=0 duration=0MS"}
{"level":"INFO","timestamp":"2026-07-29T08:51:22.748Z","message":"[test] DETAIL action=refresh phase complete"}
{"level":"INFO","timestamp":"2026-07-29T08:51:22.748Z","message":"[test] PHASE 3 Refresh END elapsed=0MS"}
{"level":"INFO","timestamp":"2026-07-29T08:51:22.748Z","message":"[test] PHASE 4 Process START"}
{"level":"INFO","timestamp":"2026-07-29T08:51:22.748Z","message":"[test] STEP process-identities START"}
{"level":"INFO","timestamp":"2026-07-29T08:51:22.748Z","message":"[test] METRIC FusionService.processIdentities count=1 duration=0MS"}
{"level":"INFO","timestamp":"2026-07-29T08:51:22.748Z","message":"[test] STEP process-identities END count=1 elapsed=0MS"}
{"level":"INFO","timestamp":"2026-07-29T08:51:22.748Z","message":"[test] STEP process-decisions START"}
{"level":"INFO","timestamp":"2026-07-29T08:51:22.748Z","message":"[test] METRIC FusionService.processFusionIdentityDecisions count=0 duration=0MS"}
{"level":"INFO","timestamp":"2026-07-29T08:51:22.748Z","message":"[test] STEP process-decisions END count=0 elapsed=0MS"}
{"level":"INFO","timestamp":"2026-07-29T08:51:22.748Z","message":"[test] DETAIL action=identities cache cleared from memory"}
{"level":"INFO","timestamp":"2026-07-29T08:51:22.748Z","message":"[test] STEP managed-account-init START"}
{"level":"INFO","timestamp":"2026-07-29T08:51:22.748Z","message":"[test] METRIC FusionService.initializeManagedAccountProcessing duration=0MS"}
{"level":"INFO","timestamp":"2026-07-29T08:51:22.748Z","message":"[test] STEP managed-account-init END remaining=2 elapsed=0MS"}
{"level":"INFO","timestamp":"2026-07-29T08:51:22.748Z","message":"[test] STEP orphan-identity-hydration START"}
{"level":"INFO","timestamp":"2026-07-29T08:51:22.748Z","message":"[test] DETAIL hydrated=0 action=orphan correlated identities hydrated"}
{"level":"INFO","timestamp":"2026-07-29T08:51:22.748Z","message":"[test] STEP orphan-identity-hydration END hydrated=0 elapsed=0MS"}
{"level":"INFO","timestamp":"2026-07-29T08:51:22.748Z","message":"[test] STEP correlated-sweep START"}
{"level":"INFO","timestamp":"2026-07-29T08:51:22.748Z","message":"[test] STEP correlated-sweep END remaining=2 elapsed=0MS"}
{"level":"INFO","timestamp":"2026-07-29T08:51:22.748Z","message":"[test] STEP record-unique-registration START"}
{"level":"INFO","timestamp":"2026-07-29T08:51:22.748Z","message":"[test] METRIC FusionService.processRecordUniqueRegistration registered=0 duration=0MS"}
{"level":"INFO","timestamp":"2026-07-29T08:51:22.748Z","message":"[test] STEP record-unique-registration END registered=0 elapsed=0MS"}
{"level":"INFO","timestamp":"2026-07-29T08:51:22.748Z","message":"[test] STEP uncorrelated-sweep START accounts=2"}
{"level":"INFO","timestamp":"2026-07-29T08:51:22.748Z","message":"[test] METRIC FusionService.processManagedAccounts analyzed=0 matchScoring=0MS duration=0MS"}
{"level":"INFO","timestamp":"2026-07-29T08:51:22.748Z","message":"[test] STEP uncorrelated-sweep END analyzed=0 elapsed=0MS"}
{"level":"INFO","timestamp":"2026-07-29T08:51:22.748Z","message":"[test] STEP await-disable-ops START pending=0"}
{"level":"INFO","timestamp":"2026-07-29T08:51:22.748Z","message":"[test] STEP await-disable-ops END elapsed=0MS"}
{"level":"INFO","timestamp":"2026-07-29T08:51:22.748Z","message":"[test] STEP form-reconcile START"}
{"level":"INFO","timestamp":"2026-07-29T08:51:22.748Z","message":"[test] STEP form-reconcile END forms-created=0 instances-sent=0 elapsed=0MS"}
{"level":"INFO","timestamp":"2026-07-29T08:51:22.748Z","message":"[test] DETAIL action=process phase complete matches=matches(0n/0m/0a/0d total=0) forms=forms=0(0)"}
{"level":"INFO","timestamp":"2026-07-29T08:51:22.748Z","message":"[test] PHASE 4 Process END elapsed=0MS"}
{"level":"INFO","timestamp":"2026-07-29T08:51:22.748Z","message":"[test] PHASE 5 Output START"}
{"level":"INFO","timestamp":"2026-07-29T08:51:22.748Z","message":"[test] STEP clear-managed-accounts START accounts=2"}
{"level":"INFO","timestamp":"2026-07-29T08:51:22.748Z","message":"[test] METRIC outputPhase.clearManagedAccounts duration=0MS"}
{"level":"INFO","timestamp":"2026-07-29T08:51:22.748Z","message":"[test] STEP clear-managed-accounts END cleared=2 elapsed=0MS"}
{"level":"INFO","timestamp":"2026-07-29T08:51:22.748Z","message":"[test] STEP send-accounts START"}
{"level":"INFO","timestamp":"2026-07-29T08:51:22.748Z","message":"[test] METRIC outputPhase.sendAccounts sent=0 eligible=0 duration=0MS"}
{"level":"INFO","timestamp":"2026-07-29T08:51:22.748Z","message":"[test] STEP send-accounts END sent=0 eligible=0 elapsed=0MS"}
{"level":"INFO","timestamp":"2026-07-29T08:51:22.748Z","message":"[test] DETAIL sent=0 action=accounts sent to platform"}
{"level":"INFO","timestamp":"2026-07-29T08:51:22.748Z","message":"[test] STEP form-cleanup START"}
{"level":"INFO","timestamp":"2026-07-29T08:51:22.748Z","message":"[test] METRIC outputPhase.formCleanup duration=0MS"}
{"level":"INFO","timestamp":"2026-07-29T08:51:22.748Z","message":"[test] STEP form-cleanup END elapsed=0MS"}
{"level":"INFO","timestamp":"2026-07-29T08:51:22.748Z","message":"[test] STEP save-state START"}
{"level":"INFO","timestamp":"2026-07-29T08:51:22.748Z","message":"[test] METRIC outputPhase.savePersistentState duration=0MS"}
{"level":"INFO","timestamp":"2026-07-29T08:51:22.748Z","message":"[test] STEP save-state END elapsed=0MS"}
{"level":"INFO","timestamp":"2026-07-29T08:51:22.748Z","message":"[test] STEP schedule-aggregations START"}
{"level":"INFO","timestamp":"2026-07-29T08:51:22.748Z","message":"[test] METRIC outputPhase.scheduleDelayedAggregations duration=0MS"}
{"level":"INFO","timestamp":"2026-07-29T08:51:22.748Z","message":"[test] STEP schedule-aggregations END elapsed=0MS"}
{"level":"INFO","timestamp":"2026-07-29T08:51:22.748Z","message":"[test] STEP await-form-deletes START"}
{"level":"INFO","timestamp":"2026-07-29T08:51:22.748Z","message":"[test] STEP await-form-deletes END elapsed=0MS"}
{"level":"INFO","timestamp":"2026-07-29T08:51:22.748Z","message":"[test] DETAIL action=queued form deletions completed"}
{"level":"INFO","timestamp":"2026-07-29T08:51:22.748Z","message":"[test] PHASE 5 Output END elapsed=0MS"}
{"level":"INFO","timestamp":"2026-07-29T08:51:22.748Z","message":"[test] EPILOGUE report START"}
{"level":"INFO","timestamp":"2026-07-29T08:51:22.748Z","message":"[test] EPILOGUE report END elapsed=0MS"}
{"level":"INFO","timestamp":"2026-07-29T08:51:22.748Z","message":"[test] DETAIL action=account caches cleared from memory"}
{"level":"INFO","timestamp":"2026-07-29T08:51:22.748Z","message":"[test] ✓ Account list operation completed successfully - 0 account(s) processed (total: 0MS)"}
{"level":"INFO","timestamp":"2026-07-29T08:51:22.748Z","message":"[test] DETAIL action=start aggregation"}
{"level":"INFO","timestamp":"2026-07-29T08:51:22.748Z","message":"[test] PHASE 1 Setup START"}
{"level":"INFO","timestamp":"2026-07-29T08:51:22.748Z","message":"[test] DETAIL sources=0"}
{"level":"INFO","timestamp":"2026-07-29T08:51:22.748Z","message":"[test] DETAIL action=fusion account schema set successfully"}
{"level":"INFO","timestamp":"2026-07-29T08:51:22.748Z","message":"[test] DETAIL action=managed sources aggregated"}
{"level":"INFO","timestamp":"2026-07-29T08:51:22.748Z","message":"[test] METRIC aggregateManagedSources sources=0 duration=0MS"}
{"level":"INFO","timestamp":"2026-07-29T08:51:22.748Z","message":"[test] DETAIL action=attribute counters initialized"}
{"level":"INFO","timestamp":"2026-07-29T08:51:22.748Z","message":"[test] PHASE 1 Setup END elapsed=0MS"}
{"level":"INFO","timestamp":"2026-07-29T08:51:22.748Z","message":"[test] PHASE 2 Fetch START"}
{"level":"INFO","timestamp":"2026-07-29T08:51:22.748Z","message":"[test] DETAIL action=fetching identities, managed accounts, and dependencies"}
{"level":"INFO","timestamp":"2026-07-29T08:51:22.748Z","message":"[test] METRIC fetchPhase.parallelFetch taskCount=4 duration=0MS"}
{"level":"INFO","timestamp":"2026-07-29T08:51:22.748Z","message":"[test] DETAIL action=processing fetched form data"}
{"level":"INFO","timestamp":"2026-07-29T08:51:22.748Z","message":"[test] METRIC fetchPhase.processFormData duration=0MS"}
{"level":"INFO","timestamp":"2026-07-29T08:51:22.748Z","message":"[test] DETAIL fusion-reviews=0 fusion-review-instances=0"}
{"level":"INFO","timestamp":"2026-07-29T08:51:22.748Z","message":"[test] DETAIL fusion-accounts=2 identities=1 managed-accounts=1"}
{"level":"INFO","timestamp":"2026-07-29T08:51:22.748Z","message":"[test] PHASE 2 Fetch END elapsed=0MS"}
{"level":"INFO","timestamp":"2026-07-29T08:51:22.748Z","message":"[test] PHASE 3 Refresh START"}
{"level":"INFO","timestamp":"2026-07-29T08:51:22.748Z","message":"[test] DETAIL action=refreshing fusion accounts"}
{"level":"INFO","timestamp":"2026-07-29T08:51:22.748Z","message":"[test] METRIC refreshPhase.processFusionAccounts count=0 duration=0MS"}
{"level":"INFO","timestamp":"2026-07-29T08:51:22.748Z","message":"[test] DETAIL action=refresh phase complete"}
{"level":"INFO","timestamp":"2026-07-29T08:51:22.748Z","message":"[test] PHASE 3 Refresh END elapsed=0MS"}
{"level":"INFO","timestamp":"2026-07-29T08:51:22.748Z","message":"[test] PHASE 4 Process START"}
{"level":"INFO","timestamp":"2026-07-29T08:51:22.748Z","message":"[test] STEP process-identities START"}
{"level":"INFO","timestamp":"2026-07-29T08:51:22.748Z","message":"[test] METRIC FusionService.processIdentities count=1 duration=0MS"}
{"level":"INFO","timestamp":"2026-07-29T08:51:22.748Z","message":"[test] STEP process-identities END count=1 elapsed=0MS"}
{"level":"INFO","timestamp":"2026-07-29T08:51:22.748Z","message":"[test] STEP process-decisions START"}
{"level":"INFO","timestamp":"2026-07-29T08:51:22.748Z","message":"[test] METRIC FusionService.processFusionIdentityDecisions count=0 duration=0MS"}
{"level":"INFO","timestamp":"2026-07-29T08:51:22.748Z","message":"[test] STEP process-decisions END count=0 elapsed=0MS"}
{"level":"INFO","timestamp":"2026-07-29T08:51:22.748Z","message":"[test] DETAIL action=identities cache cleared from memory"}
{"level":"INFO","timestamp":"2026-07-29T08:51:22.748Z","message":"[test] STEP managed-account-init START"}
{"level":"INFO","timestamp":"2026-07-29T08:51:22.748Z","message":"[test] METRIC FusionService.initializeManagedAccountProcessing duration=0MS"}
{"level":"INFO","timestamp":"2026-07-29T08:51:22.748Z","message":"[test] STEP managed-account-init END remaining=1 elapsed=0MS"}
{"level":"INFO","timestamp":"2026-07-29T08:51:22.748Z","message":"[test] STEP orphan-identity-hydration START"}
{"level":"INFO","timestamp":"2026-07-29T08:51:22.748Z","message":"[test] DETAIL hydrated=0 action=orphan correlated identities hydrated"}
{"level":"INFO","timestamp":"2026-07-29T08:51:22.748Z","message":"[test] STEP orphan-identity-hydration END hydrated=0 elapsed=0MS"}
{"level":"INFO","timestamp":"2026-07-29T08:51:22.748Z","message":"[test] STEP correlated-sweep START"}
{"level":"INFO","timestamp":"2026-07-29T08:51:22.748Z","message":"[test] STEP correlated-sweep END remaining=1 elapsed=0MS"}
{"level":"INFO","timestamp":"2026-07-29T08:51:22.748Z","message":"[test] STEP record-unique-registration START"}
{"level":"INFO","timestamp":"2026-07-29T08:51:22.748Z","message":"[test] METRIC FusionService.processRecordUniqueRegistration registered=0 duration=0MS"}
{"level":"INFO","timestamp":"2026-07-29T08:51:22.748Z","message":"[test] STEP record-unique-registration END registered=0 elapsed=0MS"}
{"level":"INFO","timestamp":"2026-07-29T08:51:22.748Z","message":"[test] STEP uncorrelated-sweep START accounts=1"}
{"level":"INFO","timestamp":"2026-07-29T08:51:22.748Z","message":"[test] METRIC FusionService.processManagedAccounts analyzed=0 matchScoring=0MS duration=0MS"}
{"level":"INFO","timestamp":"2026-07-29T08:51:22.748Z","message":"[test] STEP uncorrelated-sweep END analyzed=0 elapsed=0MS"}
{"level":"INFO","timestamp":"2026-07-29T08:51:22.748Z","message":"[test] STEP await-disable-ops START pending=0"}
{"level":"INFO","timestamp":"2026-07-29T08:51:22.748Z","message":"[test] STEP await-disable-ops END elapsed=0MS"}
{"level":"INFO","timestamp":"2026-07-29T08:51:22.748Z","message":"[test] STEP form-reconcile START"}
{"level":"INFO","timestamp":"2026-07-29T08:51:22.748Z","message":"[test] STEP form-reconcile END forms-created=0 instances-sent=0 elapsed=0MS"}
{"level":"INFO","timestamp":"2026-07-29T08:51:22.748Z","message":"[test] DETAIL action=process phase complete matches=matches(0n/0m/0a/0d total=0) forms=forms=0(0)"}
{"level":"INFO","timestamp":"2026-07-29T08:51:22.748Z","message":"[test] PHASE 4 Process END elapsed=0MS"}
{"level":"INFO","timestamp":"2026-07-29T08:51:22.748Z","message":"[test] PHASE 5 Output START"}
{"level":"INFO","timestamp":"2026-07-29T08:51:22.748Z","message":"[test] STEP clear-managed-accounts START accounts=1"}
{"level":"INFO","timestamp":"2026-07-29T08:51:22.748Z","message":"[test] METRIC outputPhase.clearManagedAccounts duration=0MS"}
{"level":"INFO","timestamp":"2026-07-29T08:51:22.748Z","message":"[test] STEP clear-managed-accounts END cleared=1 elapsed=0MS"}
{"level":"INFO","timestamp":"2026-07-29T08:51:22.748Z","message":"[test] STEP send-accounts START"}
{"level":"INFO","timestamp":"2026-07-29T08:51:22.748Z","message":"[test] METRIC outputPhase.sendAccounts sent=1 eligible=1 duration=0MS"}
{"level":"INFO","timestamp":"2026-07-29T08:51:22.748Z","message":"[test] STEP send-accounts END sent=1 eligible=1 elapsed=0MS"}
{"level":"INFO","timestamp":"2026-07-29T08:51:22.748Z","message":"[test] DETAIL sent=1 action=accounts sent to platform"}
{"level":"INFO","timestamp":"2026-07-29T08:51:22.748Z","message":"[test] STEP form-cleanup START"}
{"level":"INFO","timestamp":"2026-07-29T08:51:22.748Z","message":"[test] METRIC outputPhase.formCleanup duration=0MS"}
{"level":"INFO","timestamp":"2026-07-29T08:51:22.748Z","message":"[test] STEP form-cleanup END elapsed=0MS"}
{"level":"INFO","timestamp":"2026-07-29T08:51:22.748Z","message":"[test] STEP save-state START"}
{"level":"INFO","timestamp":"2026-07-29T08:51:22.748Z","message":"[test] METRIC outputPhase.savePersistentState duration=0MS"}
{"level":"INFO","timestamp":"2026-07-29T08:51:22.748Z","message":"[test] STEP save-state END elapsed=0MS"}
{"level":"INFO","timestamp":"2026-07-29T08:51:22.748Z","message":"[test] STEP schedule-aggregations START"}
{"level":"INFO","timestamp":"2026-07-29T08:51:22.748Z","message":"[test] METRIC outputPhase.scheduleDelayedAggregations duration=0MS"}
{"level":"INFO","timestamp":"2026-07-29T08:51:22.748Z","message":"[test] STEP schedule-aggregations END elapsed=0MS"}
{"level":"INFO","timestamp":"2026-07-29T08:51:22.748Z","message":"[test] STEP await-form-deletes START"}
{"level":"INFO","timestamp":"2026-07-29T08:51:22.748Z","message":"[test] STEP await-form-deletes END elapsed=0MS"}
{"level":"INFO","timestamp":"2026-07-29T08:51:22.748Z","message":"[test] DETAIL action=queued form deletions completed"}
{"level":"INFO","timestamp":"2026-07-29T08:51:22.748Z","message":"[test] PHASE 5 Output END elapsed=0MS"}
{"level":"INFO","timestamp":"2026-07-29T08:51:22.748Z","message":"[test] EPILOGUE report START"}
{"level":"INFO","timestamp":"2026-07-29T08:51:22.748Z","message":"[test] EPILOGUE report END elapsed=0MS"}
{"level":"INFO","timestamp":"2026-07-29T08:51:22.748Z","message":"[test] DETAIL action=account caches cleared from memory"}
{"level":"INFO","timestamp":"2026-07-29T08:51:22.748Z","message":"[test] ✓ Account list operation completed successfully - 1 account(s) processed (total: 0MS)"}
{"level":"INFO","timestamp":"2026-07-29T08:51:22.749Z","message":"[config] DETAIL action=\"stateWrapper init\" keys=0"}
{"level":"INFO","timestamp":"2026-07-29T08:51:22.749Z","message":"[test] DETAIL action=start aggregation"}
{"level":"INFO","timestamp":"2026-07-29T08:51:22.749Z","message":"[test] PHASE 1 Setup START"}
{"level":"INFO","timestamp":"2026-07-29T08:51:22.749Z","message":"[test] DETAIL sources=0"}
{"level":"INFO","timestamp":"2026-07-29T08:51:22.749Z","message":"[test] DETAIL action=fusion account schema set successfully"}
{"level":"INFO","timestamp":"2026-07-29T08:51:22.749Z","message":"[test] DETAIL action=managed sources aggregated"}
{"level":"INFO","timestamp":"2026-07-29T08:51:22.749Z","message":"[test] METRIC aggregateManagedSources sources=0 duration=0MS"}
{"level":"INFO","timestamp":"2026-07-29T08:51:22.749Z","message":"[test] DETAIL action=attribute counters initialized"}
{"level":"INFO","timestamp":"2026-07-29T08:51:22.749Z","message":"[test] PHASE 1 Setup END elapsed=0MS"}
{"level":"INFO","timestamp":"2026-07-29T08:51:22.749Z","message":"[test] PHASE 2 Fetch START"}
{"level":"INFO","timestamp":"2026-07-29T08:51:22.749Z","message":"[test] DETAIL action=fetching identities, managed accounts, and dependencies"}
{"level":"INFO","timestamp":"2026-07-29T08:51:22.749Z","message":"[test] METRIC fetchPhase.parallelFetch taskCount=4 duration=0MS"}
{"level":"INFO","timestamp":"2026-07-29T08:51:22.749Z","message":"[test] DETAIL action=processing fetched form data"}
{"level":"INFO","timestamp":"2026-07-29T08:51:22.749Z","message":"[test] METRIC fetchPhase.processFormData duration=0MS"}
{"level":"INFO","timestamp":"2026-07-29T08:51:22.749Z","message":"[test] DETAIL fusion-reviews=0 fusion-review-instances=0"}
{"level":"INFO","timestamp":"2026-07-29T08:51:22.749Z","message":"[test] DETAIL fusion-accounts=2 identities=2 managed-accounts=1"}
{"level":"INFO","timestamp":"2026-07-29T08:51:22.749Z","message":"[test] PHASE 2 Fetch END elapsed=0MS"}
{"level":"INFO","timestamp":"2026-07-29T08:51:22.749Z","message":"[test] PHASE 3 Refresh START"}
{"level":"INFO","timestamp":"2026-07-29T08:51:22.749Z","message":"[test] DETAIL action=refreshing fusion accounts"}
{"level":"INFO","timestamp":"2026-07-29T08:51:22.749Z","message":"[test] METRIC refreshPhase.processFusionAccounts count=0 duration=0MS"}
{"level":"INFO","timestamp":"2026-07-29T08:51:22.749Z","message":"[test] DETAIL action=refresh phase complete"}
{"level":"INFO","timestamp":"2026-07-29T08:51:22.749Z","message":"[test] PHASE 3 Refresh END elapsed=0MS"}
{"level":"INFO","timestamp":"2026-07-29T08:51:22.749Z","message":"[test] PHASE 4 Process START"}
{"level":"INFO","timestamp":"2026-07-29T08:51:22.749Z","message":"[test] STEP process-identities START"}
{"level":"INFO","timestamp":"2026-07-29T08:51:22.749Z","message":"[test] METRIC FusionService.processIdentities count=2 duration=0MS"}
{"level":"INFO","timestamp":"2026-07-29T08:51:22.749Z","message":"[test] STEP process-identities END count=2 elapsed=0MS"}
{"level":"INFO","timestamp":"2026-07-29T08:51:22.749Z","message":"[test] STEP process-decisions START"}
{"level":"INFO","timestamp":"2026-07-29T08:51:22.749Z","message":"[test] METRIC FusionService.processFusionIdentityDecisions count=0 duration=0MS"}
{"level":"INFO","timestamp":"2026-07-29T08:51:22.749Z","message":"[test] STEP process-decisions END count=0 elapsed=0MS"}
{"level":"INFO","timestamp":"2026-07-29T08:51:22.749Z","message":"[test] DETAIL action=identities cache cleared from memory"}
{"level":"INFO","timestamp":"2026-07-29T08:51:22.749Z","message":"[test] STEP managed-account-init START"}
{"level":"INFO","timestamp":"2026-07-29T08:51:22.749Z","message":"[test] METRIC FusionService.initializeManagedAccountProcessing duration=0MS"}
{"level":"INFO","timestamp":"2026-07-29T08:51:22.749Z","message":"[test] STEP managed-account-init END remaining=1 elapsed=0MS"}
{"level":"INFO","timestamp":"2026-07-29T08:51:22.749Z","message":"[test] STEP orphan-identity-hydration START"}
{"level":"INFO","timestamp":"2026-07-29T08:51:22.749Z","message":"[test] DETAIL hydrated=0 action=orphan correlated identities hydrated"}
{"level":"INFO","timestamp":"2026-07-29T08:51:22.749Z","message":"[test] STEP orphan-identity-hydration END hydrated=0 elapsed=0MS"}
{"level":"INFO","timestamp":"2026-07-29T08:51:22.749Z","message":"[test] STEP correlated-sweep START"}
{"level":"INFO","timestamp":"2026-07-29T08:51:22.749Z","message":"[test] STEP correlated-sweep END remaining=1 elapsed=0MS"}
{"level":"INFO","timestamp":"2026-07-29T08:51:22.749Z","message":"[test] STEP record-unique-registration START"}
{"level":"INFO","timestamp":"2026-07-29T08:51:22.749Z","message":"[test] METRIC FusionService.processRecordUniqueRegistration registered=0 duration=0MS"}
{"level":"INFO","timestamp":"2026-07-29T08:51:22.749Z","message":"[test] STEP record-unique-registration END registered=0 elapsed=0MS"}
{"level":"INFO","timestamp":"2026-07-29T08:51:22.749Z","message":"[test] STEP uncorrelated-sweep START accounts=1"}
{"level":"INFO","timestamp":"2026-07-29T08:51:22.749Z","message":"[test] METRIC FusionService.processManagedAccounts analyzed=0 matchScoring=0MS duration=0MS"}
{"level":"INFO","timestamp":"2026-07-29T08:51:22.749Z","message":"[test] STEP uncorrelated-sweep END analyzed=0 elapsed=0MS"}
{"level":"INFO","timestamp":"2026-07-29T08:51:22.749Z","message":"[test] STEP await-disable-ops START pending=0"}
{"level":"INFO","timestamp":"2026-07-29T08:51:22.749Z","message":"[test] STEP await-disable-ops END elapsed=0MS"}
{"level":"INFO","timestamp":"2026-07-29T08:51:22.749Z","message":"[test] STEP form-reconcile START"}
{"level":"INFO","timestamp":"2026-07-29T08:51:22.749Z","message":"[test] STEP form-reconcile END forms-created=0 instances-sent=0 elapsed=0MS"}
{"level":"INFO","timestamp":"2026-07-29T08:51:22.749Z","message":"[test] DETAIL action=process phase complete matches=matches(0n/0m/0a/0d total=0) forms=forms=0(0)"}
{"level":"INFO","timestamp":"2026-07-29T08:51:22.749Z","message":"[test] PHASE 4 Process END elapsed=0MS"}
{"level":"INFO","timestamp":"2026-07-29T08:51:22.749Z","message":"[test] PHASE 5 Output START"}
{"level":"INFO","timestamp":"2026-07-29T08:51:22.749Z","message":"[test] STEP clear-managed-accounts START accounts=1"}
{"level":"INFO","timestamp":"2026-07-29T08:51:22.749Z","message":"[test] METRIC outputPhase.clearManagedAccounts duration=0MS"}
{"level":"INFO","timestamp":"2026-07-29T08:51:22.749Z","message":"[test] STEP clear-managed-accounts END cleared=1 elapsed=0MS"}
{"level":"INFO","timestamp":"2026-07-29T08:51:22.749Z","message":"[test] STEP send-accounts START"}
{"level":"INFO","timestamp":"2026-07-29T08:51:22.749Z","message":"[test] METRIC outputPhase.sendAccounts sent=0 eligible=0 duration=0MS"}
{"level":"INFO","timestamp":"2026-07-29T08:51:22.749Z","message":"[test] STEP send-accounts END sent=0 eligible=0 elapsed=0MS"}
{"level":"INFO","timestamp":"2026-07-29T08:51:22.749Z","message":"[test] DETAIL sent=0 action=accounts sent to platform"}
{"level":"INFO","timestamp":"2026-07-29T08:51:22.749Z","message":"[test] STEP form-cleanup START"}
{"level":"INFO","timestamp":"2026-07-29T08:51:22.749Z","message":"[test] METRIC outputPhase.formCleanup duration=0MS"}
{"level":"INFO","timestamp":"2026-07-29T08:51:22.749Z","message":"[test] STEP form-cleanup END elapsed=0MS"}
{"level":"INFO","timestamp":"2026-07-29T08:51:22.749Z","message":"[test] STEP save-state START"}
{"level":"INFO","timestamp":"2026-07-29T08:51:22.749Z","message":"[test] METRIC outputPhase.savePersistentState duration=0MS"}
{"level":"INFO","timestamp":"2026-07-29T08:51:22.749Z","message":"[test] STEP save-state END elapsed=0MS"}
{"level":"INFO","timestamp":"2026-07-29T08:51:22.749Z","message":"[test] STEP schedule-aggregations START"}
{"level":"INFO","timestamp":"2026-07-29T08:51:22.749Z","message":"[test] METRIC outputPhase.scheduleDelayedAggregations duration=0MS"}
{"level":"INFO","timestamp":"2026-07-29T08:51:22.749Z","message":"[test] STEP schedule-aggregations END elapsed=0MS"}
{"level":"INFO","timestamp":"2026-07-29T08:51:22.749Z","message":"[test] STEP await-form-deletes START"}
{"level":"INFO","timestamp":"2026-07-29T08:51:22.749Z","message":"[test] STEP await-form-deletes END elapsed=0MS"}
{"level":"INFO","timestamp":"2026-07-29T08:51:22.749Z","message":"[test] DETAIL action=queued form deletions completed"}
{"level":"INFO","timestamp":"2026-07-29T08:51:22.749Z","message":"[test] PHASE 5 Output END elapsed=0MS"}
{"level":"INFO","timestamp":"2026-07-29T08:51:22.749Z","message":"[test] EPILOGUE report START"}
{"level":"INFO","timestamp":"2026-07-29T08:51:22.749Z","message":"[test] EPILOGUE report END elapsed=0MS"}
{"level":"INFO","timestamp":"2026-07-29T08:51:22.749Z","message":"[test] DETAIL action=account caches cleared from memory"}
{"level":"INFO","timestamp":"2026-07-29T08:51:22.749Z","message":"[test] ✓ Account list operation completed successfully - 0 account(s) processed (total: 0MS)"}
{"level":"INFO","timestamp":"2026-07-29T08:51:22.750Z","message":"[test] DETAIL action=start aggregation"}
{"level":"INFO","timestamp":"2026-07-29T08:51:22.750Z","message":"[test] PHASE 1 Setup START"}
{"level":"INFO","timestamp":"2026-07-29T08:51:22.750Z","message":"[test] DETAIL sources=0"}
{"level":"INFO","timestamp":"2026-07-29T08:51:22.750Z","message":"[test] DETAIL action=fusion account schema set successfully"}
{"level":"INFO","timestamp":"2026-07-29T08:51:22.750Z","message":"[test] DETAIL action=managed sources aggregated"}
{"level":"INFO","timestamp":"2026-07-29T08:51:22.750Z","message":"[test] METRIC aggregateManagedSources sources=0 duration=0MS"}
{"level":"INFO","timestamp":"2026-07-29T08:51:22.750Z","message":"[test] DETAIL action=attribute counters initialized"}
{"level":"INFO","timestamp":"2026-07-29T08:51:22.750Z","message":"[test] PHASE 1 Setup END elapsed=0MS"}
{"level":"INFO","timestamp":"2026-07-29T08:51:22.750Z","message":"[test] PHASE 2 Fetch START"}
{"level":"INFO","timestamp":"2026-07-29T08:51:22.750Z","message":"[test] DETAIL action=fetching identities, managed accounts, and dependencies"}
{"level":"INFO","timestamp":"2026-07-29T08:51:22.750Z","message":"[test] METRIC fetchPhase.parallelFetch taskCount=4 duration=0MS"}
{"level":"INFO","timestamp":"2026-07-29T08:51:22.750Z","message":"[test] DETAIL action=processing fetched form data"}
{"level":"INFO","timestamp":"2026-07-29T08:51:22.750Z","message":"[test] METRIC fetchPhase.processFormData duration=0MS"}
{"level":"INFO","timestamp":"2026-07-29T08:51:22.750Z","message":"[test] DETAIL fusion-reviews=0 fusion-review-instances=0"}
{"level":"INFO","timestamp":"2026-07-29T08:51:22.750Z","message":"[test] DETAIL fusion-accounts=2 identities=2 managed-accounts=1"}
{"level":"INFO","timestamp":"2026-07-29T08:51:22.750Z","message":"[test] PHASE 2 Fetch END elapsed=0MS"}
{"level":"INFO","timestamp":"2026-07-29T08:51:22.750Z","message":"[test] PHASE 3 Refresh START"}
{"level":"INFO","timestamp":"2026-07-29T08:51:22.750Z","message":"[test] DETAIL action=refreshing fusion accounts"}
{"level":"INFO","timestamp":"2026-07-29T08:51:22.750Z","message":"[test] METRIC refreshPhase.processFusionAccounts count=0 duration=0MS"}
{"level":"INFO","timestamp":"2026-07-29T08:51:22.750Z","message":"[test] DETAIL action=refresh phase complete"}
{"level":"INFO","timestamp":"2026-07-29T08:51:22.750Z","message":"[test] PHASE 3 Refresh END elapsed=0MS"}
{"level":"INFO","timestamp":"2026-07-29T08:51:22.750Z","message":"[test] PHASE 4 Process START"}
{"level":"INFO","timestamp":"2026-07-29T08:51:22.750Z","message":"[test] STEP process-identities START"}
{"level":"INFO","timestamp":"2026-07-29T08:51:22.750Z","message":"[test] METRIC FusionService.processIdentities count=2 duration=0MS"}
{"level":"INFO","timestamp":"2026-07-29T08:51:22.750Z","message":"[test] STEP process-identities END count=2 elapsed=0MS"}
{"level":"INFO","timestamp":"2026-07-29T08:51:22.750Z","message":"[test] STEP process-decisions START"}
{"level":"INFO","timestamp":"2026-07-29T08:51:22.750Z","message":"[test] METRIC FusionService.processFusionIdentityDecisions count=0 duration=0MS"}
{"level":"INFO","timestamp":"2026-07-29T08:51:22.750Z","message":"[test] STEP process-decisions END count=0 elapsed=0MS"}
{"level":"INFO","timestamp":"2026-07-29T08:51:22.750Z","message":"[test] DETAIL action=identities cache cleared from memory"}
{"level":"INFO","timestamp":"2026-07-29T08:51:22.750Z","message":"[test] STEP managed-account-init START"}
{"level":"INFO","timestamp":"2026-07-29T08:51:22.750Z","message":"[test] METRIC FusionService.initializeManagedAccountProcessing duration=0MS"}
{"level":"INFO","timestamp":"2026-07-29T08:51:22.750Z","message":"[test] STEP managed-account-init END remaining=1 elapsed=0MS"}
{"level":"INFO","timestamp":"2026-07-29T08:51:22.750Z","message":"[test] STEP orphan-identity-hydration START"}
{"level":"INFO","timestamp":"2026-07-29T08:51:22.750Z","message":"[test] DETAIL hydrated=0 action=orphan correlated identities hydrated"}
{"level":"INFO","timestamp":"2026-07-29T08:51:22.750Z","message":"[test] STEP orphan-identity-hydration END hydrated=0 elapsed=0MS"}
{"level":"INFO","timestamp":"2026-07-29T08:51:22.750Z","message":"[test] STEP correlated-sweep START"}
{"level":"INFO","timestamp":"2026-07-29T08:51:22.750Z","message":"[test] STEP correlated-sweep END remaining=1 elapsed=0MS"}
{"level":"INFO","timestamp":"2026-07-29T08:51:22.750Z","message":"[test] STEP record-unique-registration START"}
{"level":"INFO","timestamp":"2026-07-29T08:51:22.750Z","message":"[test] METRIC FusionService.processRecordUniqueRegistration registered=0 duration=0MS"}
{"level":"INFO","timestamp":"2026-07-29T08:51:22.750Z","message":"[test] STEP record-unique-registration END registered=0 elapsed=0MS"}
{"level":"INFO","timestamp":"2026-07-29T08:51:22.750Z","message":"[test] STEP uncorrelated-sweep START accounts=1"}
{"level":"INFO","timestamp":"2026-07-29T08:51:22.750Z","message":"[test] METRIC FusionService.processManagedAccounts analyzed=0 matchScoring=0MS duration=0MS"}
{"level":"INFO","timestamp":"2026-07-29T08:51:22.750Z","message":"[test] STEP uncorrelated-sweep END analyzed=0 elapsed=0MS"}
{"level":"INFO","timestamp":"2026-07-29T08:51:22.750Z","message":"[test] STEP await-disable-ops START pending=0"}
{"level":"INFO","timestamp":"2026-07-29T08:51:22.750Z","message":"[test] STEP await-disable-ops END elapsed=0MS"}
{"level":"INFO","timestamp":"2026-07-29T08:51:22.750Z","message":"[test] STEP form-reconcile START"}
{"level":"INFO","timestamp":"2026-07-29T08:51:22.750Z","message":"[test] STEP form-reconcile END forms-created=0 instances-sent=0 elapsed=0MS"}
{"level":"INFO","timestamp":"2026-07-29T08:51:22.750Z","message":"[test] DETAIL action=process phase complete matches=matches(0n/0m/0a/0d total=0) forms=forms=0(0)"}
{"level":"INFO","timestamp":"2026-07-29T08:51:22.750Z","message":"[test] PHASE 4 Process END elapsed=0MS"}
{"level":"INFO","timestamp":"2026-07-29T08:51:22.750Z","message":"[test] PHASE 5 Output START"}
{"level":"INFO","timestamp":"2026-07-29T08:51:22.750Z","message":"[test] STEP clear-managed-accounts START accounts=1"}
{"level":"INFO","timestamp":"2026-07-29T08:51:22.750Z","message":"[test] METRIC outputPhase.clearManagedAccounts duration=0MS"}
{"level":"INFO","timestamp":"2026-07-29T08:51:22.750Z","message":"[test] STEP clear-managed-accounts END cleared=1 elapsed=0MS"}
{"level":"INFO","timestamp":"2026-07-29T08:51:22.750Z","message":"[test] STEP send-accounts START"}
{"level":"INFO","timestamp":"2026-07-29T08:51:22.750Z","message":"[test] METRIC outputPhase.sendAccounts sent=0 eligible=0 duration=0MS"}
{"level":"INFO","timestamp":"2026-07-29T08:51:22.750Z","message":"[test] STEP send-accounts END sent=0 eligible=0 elapsed=0MS"}
{"level":"INFO","timestamp":"2026-07-29T08:51:22.750Z","message":"[test] DETAIL sent=0 action=accounts sent to platform"}
{"level":"INFO","timestamp":"2026-07-29T08:51:22.750Z","message":"[test] STEP form-cleanup START"}
{"level":"INFO","timestamp":"2026-07-29T08:51:22.750Z","message":"[test] METRIC outputPhase.formCleanup duration=0MS"}
{"level":"INFO","timestamp":"2026-07-29T08:51:22.750Z","message":"[test] STEP form-cleanup END elapsed=0MS"}
{"level":"INFO","timestamp":"2026-07-29T08:51:22.750Z","message":"[test] STEP save-state START"}
{"level":"INFO","timestamp":"2026-07-29T08:51:22.750Z","message":"[test] METRIC outputPhase.savePersistentState duration=0MS"}
{"level":"INFO","timestamp":"2026-07-29T08:51:22.750Z","message":"[test] STEP save-state END elapsed=0MS"}
{"level":"INFO","timestamp":"2026-07-29T08:51:22.750Z","message":"[test] STEP schedule-aggregations START"}
{"level":"INFO","timestamp":"2026-07-29T08:51:22.750Z","message":"[test] METRIC outputPhase.scheduleDelayedAggregations duration=0MS"}
{"level":"INFO","timestamp":"2026-07-29T08:51:22.750Z","message":"[test] STEP schedule-aggregations END elapsed=0MS"}
{"level":"INFO","timestamp":"2026-07-29T08:51:22.750Z","message":"[test] STEP await-form-deletes START"}
{"level":"INFO","timestamp":"2026-07-29T08:51:22.750Z","message":"[test] STEP await-form-deletes END elapsed=0MS"}
{"level":"INFO","timestamp":"2026-07-29T08:51:22.750Z","message":"[test] DETAIL action=queued form deletions completed"}
{"level":"INFO","timestamp":"2026-07-29T08:51:22.750Z","message":"[test] PHASE 5 Output END elapsed=0MS"}
{"level":"INFO","timestamp":"2026-07-29T08:51:22.750Z","message":"[test] EPILOGUE report START"}
{"level":"INFO","timestamp":"2026-07-29T08:51:22.750Z","message":"[test] EPILOGUE report END elapsed=0MS"}
{"level":"INFO","timestamp":"2026-07-29T08:51:22.750Z","message":"[test] DETAIL action=account caches cleared from memory"}
{"level":"INFO","timestamp":"2026-07-29T08:51:22.750Z","message":"[test] ✓ Account list operation completed successfully - 0 account(s) processed (total: 1MS)"}
{"level":"INFO","timestamp":"2026-07-29T08:51:22.750Z","message":"[config] DETAIL action=\"stateWrapper init\" keys=0"}
{"level":"INFO","timestamp":"2026-07-29T08:51:22.750Z","message":"[test] DETAIL action=start dry-run analysis"}
{"level":"INFO","timestamp":"2026-07-29T08:51:22.750Z","message":"[test] PHASE 1 Setup START"}
{"level":"INFO","timestamp":"2026-07-29T08:51:22.750Z","message":"[test] DETAIL sources=0"}
{"level":"INFO","timestamp":"2026-07-29T08:51:22.750Z","message":"[test] DETAIL action=fusion account schema set successfully"}
{"level":"INFO","timestamp":"2026-07-29T08:51:22.750Z","message":"[test] DETAIL action=managed sources aggregated"}
{"level":"INFO","timestamp":"2026-07-29T08:51:22.750Z","message":"[test] METRIC aggregateManagedSources sources=0 duration=0MS"}
{"level":"INFO","timestamp":"2026-07-29T08:51:22.750Z","message":"[test] DETAIL action=attribute counters initialized"}
{"level":"INFO","timestamp":"2026-07-29T08:51:22.750Z","message":"[test] PHASE 1 Setup END elapsed=0MS"}
{"level":"INFO","timestamp":"2026-07-29T08:51:22.750Z","message":"[test] PHASE 2 Fetch START"}
{"level":"INFO","timestamp":"2026-07-29T08:51:22.750Z","message":"[test] DETAIL action=fetching identities, managed accounts, and dependencies"}
{"level":"INFO","timestamp":"2026-07-29T08:51:22.750Z","message":"[test] METRIC fetchPhase.parallelFetch taskCount=4 duration=0MS"}
{"level":"INFO","timestamp":"2026-07-29T08:51:22.750Z","message":"[test] DETAIL action=processing fetched form data"}
{"level":"INFO","timestamp":"2026-07-29T08:51:22.750Z","message":"[test] METRIC fetchPhase.processFormData duration=0MS"}
{"level":"INFO","timestamp":"2026-07-29T08:51:22.750Z","message":"[test] DETAIL fusion-reviews=0 fusion-review-instances=0"}
{"level":"INFO","timestamp":"2026-07-29T08:51:22.750Z","message":"[test] DETAIL fusion-accounts=0 identities=0 managed-accounts=0"}
{"level":"INFO","timestamp":"2026-07-29T08:51:22.750Z","message":"[test] PHASE 2 Fetch END elapsed=0MS"}
{"level":"INFO","timestamp":"2026-07-29T08:51:22.750Z","message":"[test] PHASE 3 Refresh START"}
{"level":"INFO","timestamp":"2026-07-29T08:51:22.750Z","message":"[test] DETAIL action=refreshing fusion accounts"}
{"level":"INFO","timestamp":"2026-07-29T08:51:22.750Z","message":"[test] METRIC refreshPhase.processFusionAccounts count=0 duration=0MS"}
{"level":"INFO","timestamp":"2026-07-29T08:51:22.750Z","message":"[test] DETAIL action=refresh phase complete"}
{"level":"INFO","timestamp":"2026-07-29T08:51:22.750Z","message":"[test] PHASE 3 Refresh END elapsed=0MS"}
{"level":"INFO","timestamp":"2026-07-29T08:51:22.750Z","message":"[test] PHASE 4 Process START"}
{"level":"INFO","timestamp":"2026-07-29T08:51:22.750Z","message":"[test] STEP process-identities START"}
{"level":"INFO","timestamp":"2026-07-29T08:51:22.750Z","message":"[test] METRIC FusionService.processIdentities count=0 duration=0MS"}
{"level":"INFO","timestamp":"2026-07-29T08:51:22.750Z","message":"[test] STEP process-identities END count=0 elapsed=0MS"}
{"level":"INFO","timestamp":"2026-07-29T08:51:22.750Z","message":"[test] STEP process-decisions START"}
{"level":"INFO","timestamp":"2026-07-29T08:51:22.750Z","message":"[test] METRIC FusionService.processFusionIdentityDecisions count=0 duration=0MS"}
{"level":"INFO","timestamp":"2026-07-29T08:51:22.750Z","message":"[test] STEP process-decisions END count=0 elapsed=0MS"}
{"level":"INFO","timestamp":"2026-07-29T08:51:22.750Z","message":"[test] DETAIL action=identities cache cleared from memory"}
{"level":"INFO","timestamp":"2026-07-29T08:51:22.750Z","message":"[test] STEP managed-account-init START"}
{"level":"INFO","timestamp":"2026-07-29T08:51:22.750Z","message":"[test] METRIC FusionService.initializeManagedAccountProcessing duration=0MS"}
{"level":"INFO","timestamp":"2026-07-29T08:51:22.750Z","message":"[test] STEP managed-account-init END remaining=0 elapsed=0MS"}
{"level":"INFO","timestamp":"2026-07-29T08:51:22.750Z","message":"[test] STEP orphan-identity-hydration START"}
{"level":"INFO","timestamp":"2026-07-29T08:51:22.750Z","message":"[test] DETAIL hydrated=0 action=orphan correlated identities hydrated"}
{"level":"INFO","timestamp":"2026-07-29T08:51:22.750Z","message":"[test] STEP orphan-identity-hydration END hydrated=0 elapsed=0MS"}
{"level":"INFO","timestamp":"2026-07-29T08:51:22.750Z","message":"[test] STEP correlated-sweep START"}
{"level":"INFO","timestamp":"2026-07-29T08:51:22.750Z","message":"[test] STEP correlated-sweep END remaining=0 elapsed=0MS"}
{"level":"INFO","timestamp":"2026-07-29T08:51:22.750Z","message":"[test] STEP record-unique-registration START"}
{"level":"INFO","timestamp":"2026-07-29T08:51:22.750Z","message":"[test] METRIC FusionService.processRecordUniqueRegistration registered=0 duration=0MS"}
{"level":"INFO","timestamp":"2026-07-29T08:51:22.750Z","message":"[test] STEP record-unique-registration END registered=0 elapsed=0MS"}
{"level":"INFO","timestamp":"2026-07-29T08:51:22.750Z","message":"[test] STEP uncorrelated-sweep START accounts=0"}
{"level":"INFO","timestamp":"2026-07-29T08:51:22.750Z","message":"[test] METRIC FusionService.processManagedAccounts analyzed=0 matchScoring=0MS duration=0MS"}
{"level":"INFO","timestamp":"2026-07-29T08:51:22.750Z","message":"[test] STEP uncorrelated-sweep END analyzed=0 elapsed=0MS"}
{"level":"INFO","timestamp":"2026-07-29T08:51:22.750Z","message":"[test] STEP await-disable-ops START pending=0"}
{"level":"INFO","timestamp":"2026-07-29T08:51:22.750Z","message":"[test] STEP await-disable-ops END elapsed=0MS"}
{"level":"INFO","timestamp":"2026-07-29T08:51:22.750Z","message":"[test] STEP form-reconcile START"}
{"level":"INFO","timestamp":"2026-07-29T08:51:22.750Z","message":"[test] STEP form-reconcile END forms-created=0 instances-sent=0 elapsed=0MS"}
{"level":"INFO","timestamp":"2026-07-29T08:51:22.750Z","message":"[test] DETAIL action=process phase complete matches=matches(0n/0m/0a/0d total=0) forms=forms=0(0)"}
{"level":"INFO","timestamp":"2026-07-29T08:51:22.750Z","message":"[test] PHASE 4 Process END elapsed=0MS"}
{"level":"INFO","timestamp":"2026-07-29T08:51:22.750Z","message":"[test] PHASE 5 Output START"}
{"level":"INFO","timestamp":"2026-07-29T08:51:22.750Z","message":"[test] STEP clear-managed-accounts START accounts=0"}
{"level":"INFO","timestamp":"2026-07-29T08:51:22.750Z","message":"[test] METRIC outputPhase.clearManagedAccounts duration=0MS"}
{"level":"INFO","timestamp":"2026-07-29T08:51:22.750Z","message":"[test] STEP clear-managed-accounts END cleared=0 elapsed=0MS"}
{"level":"INFO","timestamp":"2026-07-29T08:51:22.750Z","message":"[test] STEP send-accounts START"}
{"level":"INFO","timestamp":"2026-07-29T08:51:22.750Z","message":"[test] METRIC outputPhase.sendAccounts sent=2 eligible=2 duration=0MS"}
{"level":"INFO","timestamp":"2026-07-29T08:51:22.750Z","message":"[test] STEP send-accounts END sent=2 eligible=2 elapsed=0MS"}
{"level":"INFO","timestamp":"2026-07-29T08:51:22.750Z","message":"[test] DETAIL sent=2 action=accounts sent to platform"}
{"level":"INFO","timestamp":"2026-07-29T08:51:22.750Z","message":"[test] PHASE 5 Output END elapsed=0MS"}
{"level":"INFO","timestamp":"2026-07-29T08:51:22.750Z","message":"[test] EPILOGUE report START"}
{"level":"INFO","timestamp":"2026-07-29T08:51:22.751Z","message":"[test] EPILOGUE report END elapsed=1MS"}
{"level":"INFO","timestamp":"2026-07-29T08:51:22.751Z","message":"[test] DETAIL action=account caches cleared from memory"}
{"level":"INFO","timestamp":"2026-07-29T08:51:22.751Z","message":"[test] ✓ Dry-run analysis completed successfully - 2 account(s) processed (total: 1MS)"}
{"level":"INFO","timestamp":"2026-07-29T08:51:22.752Z","message":"[config] DETAIL action=\"stateWrapper init\" keys=0"}
{"level":"INFO","timestamp":"2026-07-29T08:51:22.753Z","message":"[config] DETAIL action=\"stateWrapper init\" keys=0"}
{"level":"INFO","timestamp":"2026-07-29T08:51:22.753Z","message":"[config] DETAIL action=\"stateWrapper init\" keys=0"}
{"level":"INFO","timestamp":"2026-07-29T08:51:22.754Z","message":"[test] DETAIL action=start aggregation"}
{"level":"INFO","timestamp":"2026-07-29T08:51:22.754Z","message":"[test] PHASE 1 Setup START"}
{"level":"INFO","timestamp":"2026-07-29T08:51:22.754Z","message":"[test] DETAIL sources=0"}
{"level":"INFO","timestamp":"2026-07-29T08:51:22.754Z","message":"[test] DETAIL action=fusion account schema set successfully"}
{"level":"INFO","timestamp":"2026-07-29T08:51:22.754Z","message":"[test] DETAIL action=managed sources aggregated"}
{"level":"INFO","timestamp":"2026-07-29T08:51:22.754Z","message":"[test] METRIC aggregateManagedSources sources=0 duration=0MS"}
{"level":"INFO","timestamp":"2026-07-29T08:51:22.754Z","message":"[test] DETAIL action=attribute counters initialized"}
{"level":"INFO","timestamp":"2026-07-29T08:51:22.754Z","message":"[test] PHASE 1 Setup END elapsed=0MS"}
{"level":"INFO","timestamp":"2026-07-29T08:51:22.754Z","message":"[test] PHASE 2 Fetch START"}
{"level":"INFO","timestamp":"2026-07-29T08:51:22.754Z","message":"[test] DETAIL action=fetching identities, managed accounts, and dependencies"}
{"level":"INFO","timestamp":"2026-07-29T08:51:22.754Z","message":"[test] METRIC fetchPhase.parallelFetch taskCount=4 duration=0MS"}
{"level":"INFO","timestamp":"2026-07-29T08:51:22.754Z","message":"[test] DETAIL action=processing fetched form data"}
{"level":"INFO","timestamp":"2026-07-29T08:51:22.754Z","message":"[test] METRIC fetchPhase.processFormData duration=0MS"}
{"level":"INFO","timestamp":"2026-07-29T08:51:22.754Z","message":"[test] DETAIL fusion-reviews=0 fusion-review-instances=0"}
{"level":"INFO","timestamp":"2026-07-29T08:51:22.754Z","message":"[test] DETAIL fusion-accounts=0 identities=0 managed-accounts=0"}
{"level":"INFO","timestamp":"2026-07-29T08:51:22.754Z","message":"[test] PHASE 2 Fetch END elapsed=0MS"}
{"level":"INFO","timestamp":"2026-07-29T08:51:22.754Z","message":"[test] PHASE 3 Refresh START"}
{"level":"INFO","timestamp":"2026-07-29T08:51:22.754Z","message":"[test] DETAIL action=refreshing fusion accounts"}
{"level":"INFO","timestamp":"2026-07-29T08:51:22.754Z","message":"[test] METRIC refreshPhase.processFusionAccounts count=0 duration=0MS"}
{"level":"INFO","timestamp":"2026-07-29T08:51:22.754Z","message":"[test] DETAIL action=refresh phase complete"}
{"level":"INFO","timestamp":"2026-07-29T08:51:22.754Z","message":"[test] PHASE 3 Refresh END elapsed=0MS"}
{"level":"INFO","timestamp":"2026-07-29T08:51:22.754Z","message":"[test] PHASE 4 Process START"}
{"level":"INFO","timestamp":"2026-07-29T08:51:22.754Z","message":"[test] STEP process-identities START"}
{"level":"INFO","timestamp":"2026-07-29T08:51:22.754Z","message":"[test] METRIC FusionService.processIdentities count=0 duration=0MS"}
{"level":"INFO","timestamp":"2026-07-29T08:51:22.754Z","message":"[test] STEP process-identities END count=0 elapsed=0MS"}
{"level":"INFO","timestamp":"2026-07-29T08:51:22.754Z","message":"[test] STEP process-decisions START"}
{"level":"INFO","timestamp":"2026-07-29T08:51:22.754Z","message":"[test] METRIC FusionService.processFusionIdentityDecisions count=0 duration=0MS"}
{"level":"INFO","timestamp":"2026-07-29T08:51:22.754Z","message":"[test] STEP process-decisions END count=0 elapsed=0MS"}
{"level":"INFO","timestamp":"2026-07-29T08:51:22.754Z","message":"[test] DETAIL action=identities cache cleared from memory"}
{"level":"INFO","timestamp":"2026-07-29T08:51:22.754Z","message":"[test] STEP managed-account-init START"}
{"level":"INFO","timestamp":"2026-07-29T08:51:22.754Z","message":"[test] METRIC FusionService.initializeManagedAccountProcessing duration=0MS"}
{"level":"INFO","timestamp":"2026-07-29T08:51:22.754Z","message":"[test] STEP managed-account-init END remaining=0 elapsed=0MS"}
{"level":"INFO","timestamp":"2026-07-29T08:51:22.754Z","message":"[test] STEP orphan-identity-hydration START"}
{"level":"INFO","timestamp":"2026-07-29T08:51:22.754Z","message":"[test] DETAIL hydrated=0 action=orphan correlated identities hydrated"}
{"level":"INFO","timestamp":"2026-07-29T08:51:22.754Z","message":"[test] STEP orphan-identity-hydration END hydrated=0 elapsed=0MS"}
{"level":"INFO","timestamp":"2026-07-29T08:51:22.754Z","message":"[test] STEP correlated-sweep START"}
{"level":"INFO","timestamp":"2026-07-29T08:51:22.754Z","message":"[test] STEP correlated-sweep END remaining=0 elapsed=0MS"}
{"level":"INFO","timestamp":"2026-07-29T08:51:22.754Z","message":"[test] STEP record-unique-registration START"}
{"level":"INFO","timestamp":"2026-07-29T08:51:22.754Z","message":"[test] METRIC FusionService.processRecordUniqueRegistration registered=0 duration=0MS"}
{"level":"INFO","timestamp":"2026-07-29T08:51:22.754Z","message":"[test] STEP record-unique-registration END registered=0 elapsed=0MS"}
{"level":"INFO","timestamp":"2026-07-29T08:51:22.754Z","message":"[test] STEP uncorrelated-sweep START accounts=0"}
{"level":"INFO","timestamp":"2026-07-29T08:51:22.754Z","message":"[test] METRIC FusionService.processManagedAccounts analyzed=0 matchScoring=0MS duration=0MS"}
{"level":"INFO","timestamp":"2026-07-29T08:51:22.754Z","message":"[test] STEP uncorrelated-sweep END analyzed=0 elapsed=0MS"}
{"level":"INFO","timestamp":"2026-07-29T08:51:22.754Z","message":"[test] STEP await-disable-ops START pending=0"}
{"level":"INFO","timestamp":"2026-07-29T08:51:22.754Z","message":"[test] STEP await-disable-ops END elapsed=0MS"}
{"level":"INFO","timestamp":"2026-07-29T08:51:22.754Z","message":"[test] STEP form-reconcile START"}
{"level":"INFO","timestamp":"2026-07-29T08:51:22.754Z","message":"[test] STEP form-reconcile END forms-created=0 instances-sent=0 elapsed=0MS"}
{"level":"INFO","timestamp":"2026-07-29T08:51:22.754Z","message":"[test] DETAIL action=process phase complete matches=matches(0n/0m/0a/0d total=0) forms=forms=0(0)"}
{"level":"INFO","timestamp":"2026-07-29T08:51:22.754Z","message":"[test] PHASE 4 Process END elapsed=0MS"}
{"level":"INFO","timestamp":"2026-07-29T08:51:22.754Z","message":"[test] PHASE 5 Output START"}
{"level":"INFO","timestamp":"2026-07-29T08:51:22.754Z","message":"[test] STEP clear-managed-accounts START accounts=0"}
{"level":"INFO","timestamp":"2026-07-29T08:51:22.754Z","message":"[test] METRIC outputPhase.clearManagedAccounts duration=0MS"}
{"level":"INFO","timestamp":"2026-07-29T08:51:22.754Z","message":"[test] STEP clear-managed-accounts END cleared=0 elapsed=0MS"}
{"level":"INFO","timestamp":"2026-07-29T08:51:22.754Z","message":"[test] STEP send-accounts START"}
{"level":"INFO","timestamp":"2026-07-29T08:51:22.754Z","message":"[test] METRIC outputPhase.sendAccounts sent=0 eligible=0 duration=0MS"}
{"level":"INFO","timestamp":"2026-07-29T08:51:22.754Z","message":"[test] STEP send-accounts END sent=0 eligible=0 elapsed=0MS"}
{"level":"INFO","timestamp":"2026-07-29T08:51:22.754Z","message":"[test] DETAIL sent=0 action=accounts sent to platform"}
{"level":"INFO","timestamp":"2026-07-29T08:51:22.754Z","message":"[test] STEP form-cleanup START"}
{"level":"INFO","timestamp":"2026-07-29T08:51:22.754Z","message":"[test] METRIC outputPhase.formCleanup duration=0MS"}
{"level":"INFO","timestamp":"2026-07-29T08:51:22.754Z","message":"[test] STEP form-cleanup END elapsed=0MS"}
{"level":"INFO","timestamp":"2026-07-29T08:51:22.754Z","message":"[test] STEP save-state START"}
{"level":"INFO","timestamp":"2026-07-29T08:51:22.754Z","message":"[test] METRIC outputPhase.savePersistentState duration=0MS"}
{"level":"INFO","timestamp":"2026-07-29T08:51:22.754Z","message":"[test] STEP save-state END elapsed=0MS"}
{"level":"INFO","timestamp":"2026-07-29T08:51:22.754Z","message":"[test] STEP schedule-aggregations START"}
{"level":"INFO","timestamp":"2026-07-29T08:51:22.754Z","message":"[test] METRIC outputPhase.scheduleDelayedAggregations duration=0MS"}
{"level":"INFO","timestamp":"2026-07-29T08:51:22.754Z","message":"[test] STEP schedule-aggregations END elapsed=0MS"}
{"level":"INFO","timestamp":"2026-07-29T08:51:22.754Z","message":"[test] STEP await-form-deletes START"}
{"level":"INFO","timestamp":"2026-07-29T08:51:22.754Z","message":"[test] STEP await-form-deletes END elapsed=0MS"}
{"level":"INFO","timestamp":"2026-07-29T08:51:22.754Z","message":"[test] DETAIL action=queued form deletions completed"}
{"level":"INFO","timestamp":"2026-07-29T08:51:22.754Z","message":"[test] PHASE 5 Output END elapsed=0MS"}
{"level":"INFO","timestamp":"2026-07-29T08:51:22.754Z","message":"[test] EPILOGUE report START"}
{"level":"INFO","timestamp":"2026-07-29T08:51:22.754Z","message":"[test] EPILOGUE report END elapsed=0MS"}
{"level":"INFO","timestamp":"2026-07-29T08:51:22.754Z","message":"[test] DETAIL action=account caches cleared from memory"}
{"level":"INFO","timestamp":"2026-07-29T08:51:22.754Z","message":"[test] ✓ Account list operation completed successfully - 0 account(s) processed (total: 0MS)"}
{"level":"INFO","timestamp":"2026-07-29T08:51:22.754Z","message":"[config] DETAIL action=\"stateWrapper init\" keys=0"}
{"level":"INFO","timestamp":"2026-07-29T08:51:22.754Z","message":"[test] DETAIL action=start dry-run analysis"}
{"level":"INFO","timestamp":"2026-07-29T08:51:22.754Z","message":"[test] PHASE 1 Setup START"}
{"level":"INFO","timestamp":"2026-07-29T08:51:22.754Z","message":"[test] DETAIL sources=1"}
{"level":"INFO","timestamp":"2026-07-29T08:51:22.754Z","message":"[test] DETAIL action=fusion account schema set successfully"}
{"level":"INFO","timestamp":"2026-07-29T08:51:22.754Z","message":"[test] DETAIL action=managed sources aggregated"}
{"level":"INFO","timestamp":"2026-07-29T08:51:22.754Z","message":"[test] METRIC aggregateManagedSources sources=1 duration=0MS"}
{"level":"INFO","timestamp":"2026-07-29T08:51:22.754Z","message":"[test] DETAIL action=attribute counters initialized"}
{"level":"INFO","timestamp":"2026-07-29T08:51:22.754Z","message":"[test] PHASE 1 Setup END elapsed=0MS"}
{"level":"INFO","timestamp":"2026-07-29T08:51:22.754Z","message":"[test] PHASE 2 Fetch START"}
{"level":"INFO","timestamp":"2026-07-29T08:51:22.754Z","message":"[test] DETAIL action=fetching identities, managed accounts, and dependencies"}
{"level":"INFO","timestamp":"2026-07-29T08:51:22.754Z","message":"[test] METRIC fetchPhase.parallelFetch taskCount=4 duration=0MS"}
{"level":"INFO","timestamp":"2026-07-29T08:51:22.754Z","message":"[test] DETAIL action=processing fetched form data"}
{"level":"INFO","timestamp":"2026-07-29T08:51:22.754Z","message":"[test] METRIC fetchPhase.processFormData duration=0MS"}
{"level":"INFO","timestamp":"2026-07-29T08:51:22.754Z","message":"[test] DETAIL fusion-reviews=0 fusion-review-instances=0"}
{"level":"INFO","timestamp":"2026-07-29T08:51:22.754Z","message":"[test] DETAIL fusion-accounts=0 identities=0 managed-accounts=0"}
{"level":"INFO","timestamp":"2026-07-29T08:51:22.754Z","message":"[test] PHASE 2 Fetch END elapsed=0MS"}
{"level":"INFO","timestamp":"2026-07-29T08:51:22.754Z","message":"[test] PHASE 3 Refresh START"}
{"level":"INFO","timestamp":"2026-07-29T08:51:22.754Z","message":"[test] DETAIL action=refreshing fusion accounts"}
{"level":"INFO","timestamp":"2026-07-29T08:51:22.754Z","message":"[test] METRIC refreshPhase.processFusionAccounts count=0 duration=0MS"}
{"level":"INFO","timestamp":"2026-07-29T08:51:22.754Z","message":"[test] DETAIL action=refresh phase complete"}
{"level":"INFO","timestamp":"2026-07-29T08:51:22.754Z","message":"[test] PHASE 3 Refresh END elapsed=0MS"}
{"level":"INFO","timestamp":"2026-07-29T08:51:22.754Z","message":"[test] PHASE 4 Process START"}
{"level":"INFO","timestamp":"2026-07-29T08:51:22.754Z","message":"[test] STEP process-identities START"}
{"level":"INFO","timestamp":"2026-07-29T08:51:22.754Z","message":"[test] METRIC FusionService.processIdentities count=0 duration=0MS"}
{"level":"INFO","timestamp":"2026-07-29T08:51:22.754Z","message":"[test] STEP process-identities END count=0 elapsed=0MS"}
{"level":"INFO","timestamp":"2026-07-29T08:51:22.754Z","message":"[test] STEP process-decisions START"}
{"level":"INFO","timestamp":"2026-07-29T08:51:22.754Z","message":"[test] METRIC FusionService.processFusionIdentityDecisions count=0 duration=0MS"}
{"level":"INFO","timestamp":"2026-07-29T08:51:22.754Z","message":"[test] STEP process-decisions END count=0 elapsed=0MS"}
{"level":"INFO","timestamp":"2026-07-29T08:51:22.754Z","message":"[test] DETAIL action=identities cache cleared from memory"}
{"level":"INFO","timestamp":"2026-07-29T08:51:22.754Z","message":"[test] STEP managed-account-init START"}
{"level":"INFO","timestamp":"2026-07-29T08:51:22.754Z","message":"[test] METRIC FusionService.initializeManagedAccountProcessing duration=0MS"}
{"level":"INFO","timestamp":"2026-07-29T08:51:22.754Z","message":"[test] STEP managed-account-init END remaining=0 elapsed=0MS"}
{"level":"INFO","timestamp":"2026-07-29T08:51:22.754Z","message":"[test] STEP orphan-identity-hydration START"}
{"level":"INFO","timestamp":"2026-07-29T08:51:22.754Z","message":"[test] DETAIL hydrated=0 action=orphan correlated identities hydrated"}
{"level":"INFO","timestamp":"2026-07-29T08:51:22.754Z","message":"[test] STEP orphan-identity-hydration END hydrated=0 elapsed=0MS"}
{"level":"INFO","timestamp":"2026-07-29T08:51:22.754Z","message":"[test] STEP correlated-sweep START"}
{"level":"INFO","timestamp":"2026-07-29T08:51:22.754Z","message":"[test] STEP correlated-sweep END remaining=0 elapsed=0MS"}
{"level":"INFO","timestamp":"2026-07-29T08:51:22.754Z","message":"[test] STEP record-unique-registration START"}
{"level":"INFO","timestamp":"2026-07-29T08:51:22.754Z","message":"[test] METRIC FusionService.processRecordUniqueRegistration registered=0 duration=0MS"}
{"level":"INFO","timestamp":"2026-07-29T08:51:22.754Z","message":"[test] STEP record-unique-registration END registered=0 elapsed=0MS"}
{"level":"INFO","timestamp":"2026-07-29T08:51:22.754Z","message":"[test] STEP uncorrelated-sweep START accounts=0"}
{"level":"INFO","timestamp":"2026-07-29T08:51:22.754Z","message":"[test] METRIC FusionService.processManagedAccounts analyzed=0 matchScoring=0MS duration=0MS"}
{"level":"INFO","timestamp":"2026-07-29T08:51:22.754Z","message":"[test] STEP uncorrelated-sweep END analyzed=0 elapsed=0MS"}
{"level":"INFO","timestamp":"2026-07-29T08:51:22.754Z","message":"[test] STEP await-disable-ops START pending=0"}
{"level":"INFO","timestamp":"2026-07-29T08:51:22.754Z","message":"[test] STEP await-disable-ops END elapsed=0MS"}
{"level":"INFO","timestamp":"2026-07-29T08:51:22.754Z","message":"[test] STEP form-reconcile START"}
{"level":"INFO","timestamp":"2026-07-29T08:51:22.754Z","message":"[test] STEP form-reconcile END forms-created=0 instances-sent=0 elapsed=0MS"}
{"level":"INFO","timestamp":"2026-07-29T08:51:22.754Z","message":"[test] DETAIL action=process phase complete matches=matches(0n/0m/0a/0d total=0) forms=forms=0(0)"}
{"level":"INFO","timestamp":"2026-07-29T08:51:22.754Z","message":"[test] PHASE 4 Process END elapsed=0MS"}
{"level":"INFO","timestamp":"2026-07-29T08:51:22.754Z","message":"[test] PHASE 5 Output START"}
{"level":"INFO","timestamp":"2026-07-29T08:51:22.754Z","message":"[test] STEP clear-managed-accounts START accounts=0"}
{"level":"INFO","timestamp":"2026-07-29T08:51:22.754Z","message":"[test] METRIC outputPhase.clearManagedAccounts duration=0MS"}
{"level":"INFO","timestamp":"2026-07-29T08:51:22.754Z","message":"[test] STEP clear-managed-accounts END cleared=0 elapsed=0MS"}
{"level":"INFO","timestamp":"2026-07-29T08:51:22.754Z","message":"[test] STEP send-accounts START"}
{"level":"INFO","timestamp":"2026-07-29T08:51:22.754Z","message":"[test] METRIC outputPhase.sendAccounts sent=0 eligible=0 duration=0MS"}
{"level":"INFO","timestamp":"2026-07-29T08:51:22.754Z","message":"[test] STEP send-accounts END sent=0 eligible=0 elapsed=0MS"}
{"level":"INFO","timestamp":"2026-07-29T08:51:22.754Z","message":"[test] DETAIL sent=0 action=accounts sent to platform"}
{"level":"INFO","timestamp":"2026-07-29T08:51:22.754Z","message":"[test] PHASE 5 Output END elapsed=0MS"}
{"level":"INFO","timestamp":"2026-07-29T08:51:22.754Z","message":"[test] EPILOGUE report START"}
{"level":"INFO","timestamp":"2026-07-29T08:51:22.754Z","message":"[test] EPILOGUE report END elapsed=0MS"}
{"level":"INFO","timestamp":"2026-07-29T08:51:22.754Z","message":"[test] DETAIL action=account caches cleared from memory"}
{"level":"INFO","timestamp":"2026-07-29T08:51:22.754Z","message":"[test] ✓ Dry-run analysis completed successfully - 0 account(s) processed (total: 0MS)"}
{"level":"INFO","timestamp":"2026-07-29T08:51:22.754Z","message":"[config] DETAIL action=\"stateWrapper init\" keys=0"}
{"level":"INFO","timestamp":"2026-07-29T08:51:22.755Z","message":"[test] DETAIL action=start aggregation"}
{"level":"INFO","timestamp":"2026-07-29T08:51:22.755Z","message":"[test] PHASE 1 Setup START"}
{"level":"INFO","timestamp":"2026-07-29T08:51:22.755Z","message":"[test] DETAIL sources=0"}
{"level":"INFO","timestamp":"2026-07-29T08:51:22.755Z","message":"[test] DETAIL action=fusion account schema set successfully"}
{"level":"INFO","timestamp":"2026-07-29T08:51:22.755Z","message":"[test] DETAIL action=managed sources aggregated"}
{"level":"INFO","timestamp":"2026-07-29T08:51:22.755Z","message":"[test] METRIC aggregateManagedSources sources=0 duration=0MS"}
{"level":"INFO","timestamp":"2026-07-29T08:51:22.755Z","message":"[test] DETAIL action=attribute counters initialized"}
{"level":"INFO","timestamp":"2026-07-29T08:51:22.755Z","message":"[test] PHASE 1 Setup END elapsed=0MS"}
{"level":"INFO","timestamp":"2026-07-29T08:51:22.755Z","message":"[test] PHASE 2 Fetch START"}
{"level":"INFO","timestamp":"2026-07-29T08:51:22.755Z","message":"[test] DETAIL action=fetching identities, managed accounts, and dependencies"}
{"level":"INFO","timestamp":"2026-07-29T08:51:22.755Z","message":"[test] METRIC fetchPhase.parallelFetch taskCount=4 duration=0MS"}
{"level":"INFO","timestamp":"2026-07-29T08:51:22.755Z","message":"[test] DETAIL action=processing fetched form data"}
{"level":"INFO","timestamp":"2026-07-29T08:51:22.755Z","message":"[test] METRIC fetchPhase.processFormData duration=0MS"}
{"level":"INFO","timestamp":"2026-07-29T08:51:22.755Z","message":"[test] DETAIL fusion-reviews=0 fusion-review-instances=0"}
{"level":"INFO","timestamp":"2026-07-29T08:51:22.755Z","message":"[test] DETAIL fusion-accounts=0 identities=0 managed-accounts=0"}
{"level":"INFO","timestamp":"2026-07-29T08:51:22.755Z","message":"[test] PHASE 2 Fetch END elapsed=0MS"}
{"level":"INFO","timestamp":"2026-07-29T08:51:22.755Z","message":"[test] PHASE 3 Refresh START"}
{"level":"INFO","timestamp":"2026-07-29T08:51:22.755Z","message":"[test] DETAIL action=refreshing fusion accounts"}
{"level":"INFO","timestamp":"2026-07-29T08:51:22.755Z","message":"[test] METRIC refreshPhase.processFusionAccounts count=0 duration=0MS"}
{"level":"INFO","timestamp":"2026-07-29T08:51:22.755Z","message":"[test] DETAIL action=refresh phase complete"}
{"level":"INFO","timestamp":"2026-07-29T08:51:22.755Z","message":"[test] PHASE 3 Refresh END elapsed=0MS"}
{"level":"INFO","timestamp":"2026-07-29T08:51:22.755Z","message":"[test] PHASE 4 Process START"}
{"level":"INFO","timestamp":"2026-07-29T08:51:22.755Z","message":"[test] STEP process-identities START"}
{"level":"INFO","timestamp":"2026-07-29T08:51:22.755Z","message":"[test] METRIC FusionService.processIdentities count=0 duration=0MS"}
{"level":"INFO","timestamp":"2026-07-29T08:51:22.755Z","message":"[test] STEP process-identities END count=0 elapsed=0MS"}
{"level":"INFO","timestamp":"2026-07-29T08:51:22.755Z","message":"[test] STEP process-decisions START"}
{"level":"INFO","timestamp":"2026-07-29T08:51:22.755Z","message":"[test] METRIC FusionService.processFusionIdentityDecisions count=0 duration=0MS"}
{"level":"INFO","timestamp":"2026-07-29T08:51:22.755Z","message":"[test] STEP process-decisions END count=0 elapsed=0MS"}
{"level":"INFO","timestamp":"2026-07-29T08:51:22.755Z","message":"[test] DETAIL action=identities cache cleared from memory"}
{"level":"INFO","timestamp":"2026-07-29T08:51:22.755Z","message":"[test] STEP managed-account-init START"}
{"level":"INFO","timestamp":"2026-07-29T08:51:22.755Z","message":"[test] METRIC FusionService.initializeManagedAccountProcessing duration=0MS"}
{"level":"INFO","timestamp":"2026-07-29T08:51:22.755Z","message":"[test] STEP managed-account-init END remaining=0 elapsed=0MS"}
{"level":"INFO","timestamp":"2026-07-29T08:51:22.755Z","message":"[test] STEP orphan-identity-hydration START"}
{"level":"INFO","timestamp":"2026-07-29T08:51:22.755Z","message":"[test] DETAIL hydrated=0 action=orphan correlated identities hydrated"}
{"level":"INFO","timestamp":"2026-07-29T08:51:22.755Z","message":"[test] STEP orphan-identity-hydration END hydrated=0 elapsed=0MS"}
{"level":"INFO","timestamp":"2026-07-29T08:51:22.755Z","message":"[test] STEP correlated-sweep START"}
{"level":"INFO","timestamp":"2026-07-29T08:51:22.755Z","message":"[test] STEP correlated-sweep END remaining=0 elapsed=0MS"}
{"level":"INFO","timestamp":"2026-07-29T08:51:22.755Z","message":"[test] STEP record-unique-registration START"}
{"level":"INFO","timestamp":"2026-07-29T08:51:22.755Z","message":"[test] METRIC FusionService.processRecordUniqueRegistration registered=0 duration=0MS"}
{"level":"INFO","timestamp":"2026-07-29T08:51:22.755Z","message":"[test] STEP record-unique-registration END registered=0 elapsed=0MS"}
{"level":"INFO","timestamp":"2026-07-29T08:51:22.755Z","message":"[test] STEP uncorrelated-sweep START accounts=0"}
{"level":"INFO","timestamp":"2026-07-29T08:51:22.755Z","message":"[test] METRIC FusionService.processManagedAccounts analyzed=0 matchScoring=0MS duration=0MS"}
{"level":"INFO","timestamp":"2026-07-29T08:51:22.755Z","message":"[test] STEP uncorrelated-sweep END analyzed=0 elapsed=0MS"}
{"level":"INFO","timestamp":"2026-07-29T08:51:22.755Z","message":"[test] STEP await-disable-ops START pending=0"}
{"level":"INFO","timestamp":"2026-07-29T08:51:22.755Z","message":"[test] STEP await-disable-ops END elapsed=0MS"}
{"level":"INFO","timestamp":"2026-07-29T08:51:22.755Z","message":"[test] STEP form-reconcile START"}
{"level":"INFO","timestamp":"2026-07-29T08:51:22.755Z","message":"[test] STEP form-reconcile END forms-created=0 instances-sent=0 elapsed=0MS"}
{"level":"INFO","timestamp":"2026-07-29T08:51:22.755Z","message":"[test] DETAIL action=process phase complete matches=matches(0n/0m/0a/0d total=0) forms=forms=0(0)"}
{"level":"INFO","timestamp":"2026-07-29T08:51:22.755Z","message":"[test] PHASE 4 Process END elapsed=0MS"}
{"level":"INFO","timestamp":"2026-07-29T08:51:22.755Z","message":"[test] PHASE 5 Output START"}
{"level":"INFO","timestamp":"2026-07-29T08:51:22.755Z","message":"[test] STEP clear-managed-accounts START accounts=0"}
{"level":"INFO","timestamp":"2026-07-29T08:51:22.755Z","message":"[test] METRIC outputPhase.clearManagedAccounts duration=0MS"}
{"level":"INFO","timestamp":"2026-07-29T08:51:22.755Z","message":"[test] STEP clear-managed-accounts END cleared=0 elapsed=0MS"}
{"level":"INFO","timestamp":"2026-07-29T08:51:22.755Z","message":"[test] STEP send-accounts START"}
{"level":"WARN","timestamp":"2026-07-29T08:51:22.755Z","message":"[test] Pipeline failed — running report epilogue before propagating: write after end"}
{"level":"INFO","timestamp":"2026-07-29T08:51:22.755Z","message":"[test] EPILOGUE report START"}
{"level":"INFO","timestamp":"2026-07-29T08:51:22.755Z","message":"[test] DETAIL action=generating aggregation report"}
{"level":"INFO","timestamp":"2026-07-29T08:51:22.755Z","message":"[test] METRIC reportPhase.generateReport duration=0MS"}
{"level":"INFO","timestamp":"2026-07-29T08:51:22.755Z","message":"[test] EPILOGUE report END elapsed=0MS"}
{"level":"INFO","timestamp":"2026-07-29T08:51:22.755Z","message":"[test] DETAIL action=account caches cleared from memory"}
{"level":"INFO","timestamp":"2026-07-29T08:51:22.755Z","message":"[config] DETAIL action=\"stateWrapper init\" keys=0"}
{"level":"INFO","timestamp":"2026-07-29T08:51:22.756Z","message":"[test] DETAIL action=start dry-run analysis"}
{"level":"INFO","timestamp":"2026-07-29T08:51:22.756Z","message":"[test] PHASE 1 Setup START"}
{"level":"INFO","timestamp":"2026-07-29T08:51:22.756Z","message":"[test] DETAIL sources=0"}
{"level":"INFO","timestamp":"2026-07-29T08:51:22.756Z","message":"[test] DETAIL action=fusion account schema set successfully"}
{"level":"INFO","timestamp":"2026-07-29T08:51:22.756Z","message":"[test] DETAIL action=managed sources aggregated"}
{"level":"INFO","timestamp":"2026-07-29T08:51:22.756Z","message":"[test] METRIC aggregateManagedSources sources=0 duration=0MS"}
{"level":"INFO","timestamp":"2026-07-29T08:51:22.756Z","message":"[test] DETAIL action=attribute counters initialized"}
{"level":"INFO","timestamp":"2026-07-29T08:51:22.756Z","message":"[test] PHASE 1 Setup END elapsed=0MS"}
{"level":"INFO","timestamp":"2026-07-29T08:51:22.756Z","message":"[test] PHASE 2 Fetch START"}
{"level":"INFO","timestamp":"2026-07-29T08:51:22.756Z","message":"[test] DETAIL action=fetching identities, managed accounts, and dependencies"}
{"level":"INFO","timestamp":"2026-07-29T08:51:22.756Z","message":"[test] METRIC fetchPhase.parallelFetch taskCount=4 duration=0MS"}
{"level":"INFO","timestamp":"2026-07-29T08:51:22.756Z","message":"[test] DETAIL action=processing fetched form data"}
{"level":"INFO","timestamp":"2026-07-29T08:51:22.756Z","message":"[test] METRIC fetchPhase.processFormData duration=0MS"}
{"level":"INFO","timestamp":"2026-07-29T08:51:22.756Z","message":"[test] DETAIL fusion-reviews=0 fusion-review-instances=0"}
{"level":"INFO","timestamp":"2026-07-29T08:51:22.756Z","message":"[test] DETAIL fusion-accounts=0 identities=0 managed-accounts=0"}
{"level":"INFO","timestamp":"2026-07-29T08:51:22.756Z","message":"[test] PHASE 2 Fetch END elapsed=0MS"}
{"level":"INFO","timestamp":"2026-07-29T08:51:22.756Z","message":"[test] PHASE 3 Refresh START"}
{"level":"INFO","timestamp":"2026-07-29T08:51:22.756Z","message":"[test] DETAIL action=refreshing fusion accounts"}
{"level":"INFO","timestamp":"2026-07-29T08:51:22.756Z","message":"[test] METRIC refreshPhase.processFusionAccounts count=0 duration=0MS"}
{"level":"INFO","timestamp":"2026-07-29T08:51:22.756Z","message":"[test] DETAIL action=refresh phase complete"}
{"level":"INFO","timestamp":"2026-07-29T08:51:22.756Z","message":"[test] PHASE 3 Refresh END elapsed=0MS"}
{"level":"INFO","timestamp":"2026-07-29T08:51:22.756Z","message":"[test] PHASE 4 Process START"}
{"level":"INFO","timestamp":"2026-07-29T08:51:22.756Z","message":"[test] STEP process-identities START"}
{"level":"INFO","timestamp":"2026-07-29T08:51:22.756Z","message":"[test] METRIC FusionService.processIdentities count=0 duration=0MS"}
{"level":"INFO","timestamp":"2026-07-29T08:51:22.756Z","message":"[test] STEP process-identities END count=0 elapsed=0MS"}
{"level":"INFO","timestamp":"2026-07-29T08:51:22.756Z","message":"[test] STEP process-decisions START"}
{"level":"INFO","timestamp":"2026-07-29T08:51:22.756Z","message":"[test] METRIC FusionService.processFusionIdentityDecisions count=0 duration=0MS"}
{"level":"INFO","timestamp":"2026-07-29T08:51:22.756Z","message":"[test] STEP process-decisions END count=0 elapsed=0MS"}
{"level":"INFO","timestamp":"2026-07-29T08:51:22.756Z","message":"[test] DETAIL action=identities cache cleared from memory"}
{"level":"INFO","timestamp":"2026-07-29T08:51:22.756Z","message":"[test] STEP managed-account-init START"}
{"level":"INFO","timestamp":"2026-07-29T08:51:22.756Z","message":"[test] METRIC FusionService.initializeManagedAccountProcessing duration=0MS"}
{"level":"INFO","timestamp":"2026-07-29T08:51:22.756Z","message":"[test] STEP managed-account-init END remaining=0 elapsed=0MS"}
{"level":"INFO","timestamp":"2026-07-29T08:51:22.756Z","message":"[test] STEP orphan-identity-hydration START"}
{"level":"INFO","timestamp":"2026-07-29T08:51:22.756Z","message":"[test] DETAIL hydrated=0 action=orphan correlated identities hydrated"}
{"level":"INFO","timestamp":"2026-07-29T08:51:22.756Z","message":"[test] STEP orphan-identity-hydration END hydrated=0 elapsed=0MS"}
{"level":"INFO","timestamp":"2026-07-29T08:51:22.756Z","message":"[test] STEP correlated-sweep START"}
{"level":"INFO","timestamp":"2026-07-29T08:51:22.756Z","message":"[test] STEP correlated-sweep END remaining=0 elapsed=0MS"}
{"level":"INFO","timestamp":"2026-07-29T08:51:22.756Z","message":"[test] STEP record-unique-registration START"}
{"level":"INFO","timestamp":"2026-07-29T08:51:22.756Z","message":"[test] METRIC FusionService.processRecordUniqueRegistration registered=0 duration=0MS"}
{"level":"INFO","timestamp":"2026-07-29T08:51:22.756Z","message":"[test] STEP record-unique-registration END registered=0 elapsed=0MS"}
{"level":"INFO","timestamp":"2026-07-29T08:51:22.756Z","message":"[test] STEP uncorrelated-sweep START accounts=0"}
{"level":"INFO","timestamp":"2026-07-29T08:51:22.756Z","message":"[test] METRIC FusionService.processManagedAccounts analyzed=0 matchScoring=0MS duration=0MS"}
{"level":"INFO","timestamp":"2026-07-29T08:51:22.756Z","message":"[test] STEP uncorrelated-sweep END analyzed=0 elapsed=0MS"}
{"level":"INFO","timestamp":"2026-07-29T08:51:22.756Z","message":"[test] STEP await-disable-ops START pending=0"}
{"level":"INFO","timestamp":"2026-07-29T08:51:22.756Z","message":"[test] STEP await-disable-ops END elapsed=0MS"}
{"level":"INFO","timestamp":"2026-07-29T08:51:22.756Z","message":"[test] STEP form-reconcile START"}
{"level":"INFO","timestamp":"2026-07-29T08:51:22.756Z","message":"[test] STEP form-reconcile END forms-created=0 instances-sent=0 elapsed=0MS"}
{"level":"INFO","timestamp":"2026-07-29T08:51:22.756Z","message":"[test] DETAIL action=process phase complete matches=matches(0n/0m/0a/0d total=0) forms=forms=0(0)"}
{"level":"INFO","timestamp":"2026-07-29T08:51:22.756Z","message":"[test] PHASE 4 Process END elapsed=0MS"}
{"level":"INFO","timestamp":"2026-07-29T08:51:22.756Z","message":"[test] PHASE 5 Output START"}
{"level":"INFO","timestamp":"2026-07-29T08:51:22.756Z","message":"[test] STEP clear-managed-accounts START accounts=0"}
{"level":"INFO","timestamp":"2026-07-29T08:51:22.756Z","message":"[test] METRIC outputPhase.clearManagedAccounts duration=0MS"}
{"level":"INFO","timestamp":"2026-07-29T08:51:22.756Z","message":"[test] STEP clear-managed-accounts END cleared=0 elapsed=0MS"}
{"level":"INFO","timestamp":"2026-07-29T08:51:22.756Z","message":"[test] STEP send-accounts START"}
{"level":"INFO","timestamp":"2026-07-29T08:51:22.756Z","message":"[test] METRIC outputPhase.sendAccounts sent=0 eligible=0 duration=0MS"}
{"level":"INFO","timestamp":"2026-07-29T08:51:22.756Z","message":"[test] STEP send-accounts END sent=0 eligible=0 elapsed=0MS"}
{"level":"INFO","timestamp":"2026-07-29T08:51:22.756Z","message":"[test] DETAIL sent=0 action=accounts sent to platform"}
{"level":"INFO","timestamp":"2026-07-29T08:51:22.756Z","message":"[test] PHASE 5 Output END elapsed=0MS"}
{"level":"INFO","timestamp":"2026-07-29T08:51:22.756Z","message":"[test] EPILOGUE report START"}
{"level":"INFO","timestamp":"2026-07-29T08:51:22.756Z","message":"[test] DETAIL action=dry-run HTML report written path=./reports/dry-run.html"}
{"level":"WARN","timestamp":"2026-07-29T08:51:22.756Z","message":"[test] Report epilogue: terminal summary send failed: write after end"}
{"level":"INFO","timestamp":"2026-07-29T08:51:22.756Z","message":"[test] EPILOGUE report END elapsed=0MS"}
{"level":"INFO","timestamp":"2026-07-29T08:51:22.756Z","message":"[test] DETAIL action=account caches cleared from memory"}
{"level":"INFO","timestamp":"2026-07-29T08:51:22.756Z","message":"[config] DETAIL action=\"stateWrapper init\" keys=0"}
{"level":"INFO","timestamp":"2026-07-29T08:51:22.756Z","message":"[test] DETAIL action=start dry-run analysis"}
{"level":"INFO","timestamp":"2026-07-29T08:51:22.756Z","message":"[test] PHASE 1 Setup START"}
{"level":"INFO","timestamp":"2026-07-29T08:51:22.756Z","message":"[test] DETAIL sources=0"}
{"level":"INFO","timestamp":"2026-07-29T08:51:22.756Z","message":"[test] DETAIL action=fusion account schema set successfully"}
{"level":"INFO","timestamp":"2026-07-29T08:51:22.756Z","message":"[test] DETAIL action=managed sources aggregated"}
{"level":"INFO","timestamp":"2026-07-29T08:51:22.756Z","message":"[test] METRIC aggregateManagedSources sources=0 duration=0MS"}
{"level":"INFO","timestamp":"2026-07-29T08:51:22.756Z","message":"[test] DETAIL action=attribute counters initialized"}
{"level":"INFO","timestamp":"2026-07-29T08:51:22.756Z","message":"[test] PHASE 1 Setup END elapsed=0MS"}
{"level":"INFO","timestamp":"2026-07-29T08:51:22.756Z","message":"[test] PHASE 2 Fetch START"}
{"level":"INFO","timestamp":"2026-07-29T08:51:22.756Z","message":"[test] DETAIL action=fetching identities, managed accounts, and dependencies"}
{"level":"INFO","timestamp":"2026-07-29T08:51:22.756Z","message":"[test] METRIC fetchPhase.parallelFetch taskCount=4 duration=0MS"}
{"level":"INFO","timestamp":"2026-07-29T08:51:22.756Z","message":"[test] DETAIL action=processing fetched form data"}
{"level":"INFO","timestamp":"2026-07-29T08:51:22.756Z","message":"[test] METRIC fetchPhase.processFormData duration=0MS"}
{"level":"INFO","timestamp":"2026-07-29T08:51:22.756Z","message":"[test] DETAIL fusion-reviews=0 fusion-review-instances=0"}
{"level":"INFO","timestamp":"2026-07-29T08:51:22.756Z","message":"[test] DETAIL fusion-accounts=0 identities=0 managed-accounts=0"}
{"level":"INFO","timestamp":"2026-07-29T08:51:22.756Z","message":"[test] PHASE 2 Fetch END elapsed=0MS"}
{"level":"INFO","timestamp":"2026-07-29T08:51:22.756Z","message":"[test] PHASE 3 Refresh START"}
{"level":"INFO","timestamp":"2026-07-29T08:51:22.756Z","message":"[test] DETAIL action=refreshing fusion accounts"}
{"level":"INFO","timestamp":"2026-07-29T08:51:22.756Z","message":"[test] METRIC refreshPhase.processFusionAccounts count=0 duration=0MS"}
{"level":"INFO","timestamp":"2026-07-29T08:51:22.756Z","message":"[test] DETAIL action=refresh phase complete"}
{"level":"INFO","timestamp":"2026-07-29T08:51:22.756Z","message":"[test] PHASE 3 Refresh END elapsed=0MS"}
{"level":"INFO","timestamp":"2026-07-29T08:51:22.756Z","message":"[test] PHASE 4 Process START"}
{"level":"INFO","timestamp":"2026-07-29T08:51:22.756Z","message":"[test] STEP process-identities START"}
{"level":"INFO","timestamp":"2026-07-29T08:51:22.756Z","message":"[test] METRIC FusionService.processIdentities count=0 duration=0MS"}
{"level":"INFO","timestamp":"2026-07-29T08:51:22.756Z","message":"[test] STEP process-identities END count=0 elapsed=0MS"}
{"level":"INFO","timestamp":"2026-07-29T08:51:22.756Z","message":"[test] STEP process-decisions START"}
{"level":"INFO","timestamp":"2026-07-29T08:51:22.756Z","message":"[test] METRIC FusionService.processFusionIdentityDecisions count=0 duration=0MS"}
{"level":"INFO","timestamp":"2026-07-29T08:51:22.756Z","message":"[test] STEP process-decisions END count=0 elapsed=0MS"}
{"level":"INFO","timestamp":"2026-07-29T08:51:22.756Z","message":"[test] DETAIL action=identities cache cleared from memory"}
{"level":"INFO","timestamp":"2026-07-29T08:51:22.756Z","message":"[test] STEP managed-account-init START"}
{"level":"INFO","timestamp":"2026-07-29T08:51:22.756Z","message":"[test] METRIC FusionService.initializeManagedAccountProcessing duration=0MS"}
{"level":"INFO","timestamp":"2026-07-29T08:51:22.756Z","message":"[test] STEP managed-account-init END remaining=0 elapsed=0MS"}
{"level":"INFO","timestamp":"2026-07-29T08:51:22.756Z","message":"[test] STEP orphan-identity-hydration START"}
{"level":"INFO","timestamp":"2026-07-29T08:51:22.756Z","message":"[test] DETAIL hydrated=0 action=orphan correlated identities hydrated"}
{"level":"INFO","timestamp":"2026-07-29T08:51:22.756Z","message":"[test] STEP orphan-identity-hydration END hydrated=0 elapsed=0MS"}
{"level":"INFO","timestamp":"2026-07-29T08:51:22.756Z","message":"[test] STEP correlated-sweep START"}
{"level":"INFO","timestamp":"2026-07-29T08:51:22.756Z","message":"[test] STEP correlated-sweep END remaining=0 elapsed=0MS"}
{"level":"INFO","timestamp":"2026-07-29T08:51:22.756Z","message":"[test] STEP record-unique-registration START"}
{"level":"INFO","timestamp":"2026-07-29T08:51:22.756Z","message":"[test] METRIC FusionService.processRecordUniqueRegistration registered=0 duration=0MS"}
{"level":"INFO","timestamp":"2026-07-29T08:51:22.756Z","message":"[test] STEP record-unique-registration END registered=0 elapsed=0MS"}
{"level":"INFO","timestamp":"2026-07-29T08:51:22.756Z","message":"[test] STEP uncorrelated-sweep START accounts=0"}
{"level":"INFO","timestamp":"2026-07-29T08:51:22.756Z","message":"[test] METRIC FusionService.processManagedAccounts analyzed=0 matchScoring=0MS duration=0MS"}
{"level":"INFO","timestamp":"2026-07-29T08:51:22.756Z","message":"[test] STEP uncorrelated-sweep END analyzed=0 elapsed=0MS"}
{"level":"INFO","timestamp":"2026-07-29T08:51:22.756Z","message":"[test] STEP await-disable-ops START pending=0"}
{"level":"INFO","timestamp":"2026-07-29T08:51:22.756Z","message":"[test] STEP await-disable-ops END elapsed=0MS"}
{"level":"INFO","timestamp":"2026-07-29T08:51:22.756Z","message":"[test] STEP form-reconcile START"}
{"level":"INFO","timestamp":"2026-07-29T08:51:22.756Z","message":"[test] STEP form-reconcile END forms-created=0 instances-sent=0 elapsed=0MS"}
{"level":"INFO","timestamp":"2026-07-29T08:51:22.756Z","message":"[test] DETAIL action=process phase complete matches=matches(0n/0m/0a/0d total=0) forms=forms=0(0)"}
{"level":"INFO","timestamp":"2026-07-29T08:51:22.756Z","message":"[test] PHASE 4 Process END elapsed=0MS"}
{"level":"INFO","timestamp":"2026-07-29T08:51:22.756Z","message":"[test] PHASE 5 Output START"}
{"level":"INFO","timestamp":"2026-07-29T08:51:22.756Z","message":"[test] STEP clear-managed-accounts START accounts=0"}
{"level":"INFO","timestamp":"2026-07-29T08:51:22.756Z","message":"[test] METRIC outputPhase.clearManagedAccounts duration=0MS"}
{"level":"INFO","timestamp":"2026-07-29T08:51:22.756Z","message":"[test] STEP clear-managed-accounts END cleared=0 elapsed=0MS"}
{"level":"INFO","timestamp":"2026-07-29T08:51:22.756Z","message":"[test] STEP send-accounts START"}
{"level":"INFO","timestamp":"2026-07-29T08:51:22.756Z","message":"[test] METRIC outputPhase.sendAccounts sent=0 eligible=0 duration=0MS"}
{"level":"INFO","timestamp":"2026-07-29T08:51:22.756Z","message":"[test] STEP send-accounts END sent=0 eligible=0 elapsed=0MS"}
{"level":"INFO","timestamp":"2026-07-29T08:51:22.756Z","message":"[test] DETAIL sent=0 action=accounts sent to platform"}
{"level":"INFO","timestamp":"2026-07-29T08:51:22.756Z","message":"[test] PHASE 5 Output END elapsed=0MS"}
{"level":"INFO","timestamp":"2026-07-29T08:51:22.756Z","message":"[test] EPILOGUE report START"}
{"level":"WARN","timestamp":"2026-07-29T08:51:22.756Z","message":"[test] Report epilogue: dry-run report failed: email down"}
{"level":"INFO","timestamp":"2026-07-29T08:51:22.756Z","message":"[test] EPILOGUE report END elapsed=0MS"}
{"level":"INFO","timestamp":"2026-07-29T08:51:22.756Z","message":"[test] DETAIL action=account caches cleared from memory"}
{"level":"INFO","timestamp":"2026-07-29T08:51:22.756Z","message":"[test] ✓ Dry-run analysis completed successfully - 0 account(s) processed (total: 0MS)"}
{"level":"INFO","timestamp":"2026-07-29T08:51:22.757Z","message":"[config] DETAIL action=\"stateWrapper init\" keys=0"}
{"level":"INFO","timestamp":"2026-07-29T08:51:22.757Z","message":"[test] DETAIL action=start dry-run analysis"}
{"level":"INFO","timestamp":"2026-07-29T08:51:22.757Z","message":"[test] PHASE 1 Setup START"}
{"level":"INFO","timestamp":"2026-07-29T08:51:22.757Z","message":"[test] DETAIL sources=0"}
{"level":"INFO","timestamp":"2026-07-29T08:51:22.757Z","message":"[test] DETAIL action=fusion account schema set successfully"}
{"level":"INFO","timestamp":"2026-07-29T08:51:22.757Z","message":"[test] DETAIL action=managed sources aggregated"}
{"level":"INFO","timestamp":"2026-07-29T08:51:22.757Z","message":"[test] METRIC aggregateManagedSources sources=0 duration=0MS"}
{"level":"INFO","timestamp":"2026-07-29T08:51:22.757Z","message":"[test] DETAIL action=attribute counters initialized"}
{"level":"INFO","timestamp":"2026-07-29T08:51:22.757Z","message":"[test] PHASE 1 Setup END elapsed=0MS"}
{"level":"INFO","timestamp":"2026-07-29T08:51:22.757Z","message":"[test] PHASE 2 Fetch START"}
{"level":"INFO","timestamp":"2026-07-29T08:51:22.757Z","message":"[test] DETAIL action=fetching identities, managed accounts, and dependencies"}
{"level":"INFO","timestamp":"2026-07-29T08:51:22.757Z","message":"[test] METRIC fetchPhase.parallelFetch taskCount=4 duration=0MS"}
{"level":"INFO","timestamp":"2026-07-29T08:51:22.757Z","message":"[test] DETAIL action=processing fetched form data"}
{"level":"INFO","timestamp":"2026-07-29T08:51:22.757Z","message":"[test] METRIC fetchPhase.processFormData duration=0MS"}
{"level":"INFO","timestamp":"2026-07-29T08:51:22.757Z","message":"[test] DETAIL fusion-reviews=0 fusion-review-instances=0"}
{"level":"INFO","timestamp":"2026-07-29T08:51:22.757Z","message":"[test] DETAIL fusion-accounts=0 identities=0 managed-accounts=0"}
{"level":"INFO","timestamp":"2026-07-29T08:51:22.757Z","message":"[test] PHASE 2 Fetch END elapsed=0MS"}
{"level":"INFO","timestamp":"2026-07-29T08:51:22.757Z","message":"[test] PHASE 3 Refresh START"}
{"level":"INFO","timestamp":"2026-07-29T08:51:22.757Z","message":"[test] DETAIL action=refreshing fusion accounts"}
{"level":"INFO","timestamp":"2026-07-29T08:51:22.757Z","message":"[test] METRIC refreshPhase.processFusionAccounts count=0 duration=0MS"}
{"level":"INFO","timestamp":"2026-07-29T08:51:22.757Z","message":"[test] DETAIL action=refresh phase complete"}
{"level":"INFO","timestamp":"2026-07-29T08:51:22.757Z","message":"[test] PHASE 3 Refresh END elapsed=0MS"}
{"level":"INFO","timestamp":"2026-07-29T08:51:22.757Z","message":"[test] PHASE 4 Process START"}
{"level":"INFO","timestamp":"2026-07-29T08:51:22.757Z","message":"[test] STEP process-identities START"}
{"level":"INFO","timestamp":"2026-07-29T08:51:22.757Z","message":"[test] METRIC FusionService.processIdentities count=0 duration=0MS"}
{"level":"INFO","timestamp":"2026-07-29T08:51:22.757Z","message":"[test] STEP process-identities END count=0 elapsed=0MS"}
{"level":"INFO","timestamp":"2026-07-29T08:51:22.757Z","message":"[test] STEP process-decisions START"}
{"level":"INFO","timestamp":"2026-07-29T08:51:22.757Z","message":"[test] METRIC FusionService.processFusionIdentityDecisions count=0 duration=0MS"}
{"level":"INFO","timestamp":"2026-07-29T08:51:22.757Z","message":"[test] STEP process-decisions END count=0 elapsed=0MS"}
{"level":"INFO","timestamp":"2026-07-29T08:51:22.757Z","message":"[test] DETAIL action=identities cache cleared from memory"}
{"level":"INFO","timestamp":"2026-07-29T08:51:22.757Z","message":"[test] STEP managed-account-init START"}
{"level":"INFO","timestamp":"2026-07-29T08:51:22.757Z","message":"[test] METRIC FusionService.initializeManagedAccountProcessing duration=0MS"}
{"level":"INFO","timestamp":"2026-07-29T08:51:22.757Z","message":"[test] STEP managed-account-init END remaining=0 elapsed=0MS"}
{"level":"INFO","timestamp":"2026-07-29T08:51:22.757Z","message":"[test] STEP orphan-identity-hydration START"}
{"level":"INFO","timestamp":"2026-07-29T08:51:22.757Z","message":"[test] DETAIL hydrated=0 action=orphan correlated identities hydrated"}
{"level":"INFO","timestamp":"2026-07-29T08:51:22.757Z","message":"[test] STEP orphan-identity-hydration END hydrated=0 elapsed=0MS"}
{"level":"INFO","timestamp":"2026-07-29T08:51:22.757Z","message":"[test] STEP correlated-sweep START"}
{"level":"INFO","timestamp":"2026-07-29T08:51:22.757Z","message":"[test] STEP correlated-sweep END remaining=0 elapsed=0MS"}
{"level":"INFO","timestamp":"2026-07-29T08:51:22.757Z","message":"[test] STEP record-unique-registration START"}
{"level":"INFO","timestamp":"2026-07-29T08:51:22.757Z","message":"[test] METRIC FusionService.processRecordUniqueRegistration registered=0 duration=0MS"}
{"level":"INFO","timestamp":"2026-07-29T08:51:22.757Z","message":"[test] STEP record-unique-registration END registered=0 elapsed=0MS"}
{"level":"INFO","timestamp":"2026-07-29T08:51:22.757Z","message":"[test] STEP uncorrelated-sweep START accounts=0"}
{"level":"INFO","timestamp":"2026-07-29T08:51:22.757Z","message":"[test] METRIC FusionService.processManagedAccounts analyzed=0 matchScoring=0MS duration=0MS"}
{"level":"INFO","timestamp":"2026-07-29T08:51:22.757Z","message":"[test] STEP uncorrelated-sweep END analyzed=0 elapsed=0MS"}
{"level":"INFO","timestamp":"2026-07-29T08:51:22.757Z","message":"[test] STEP await-disable-ops START pending=0"}
{"level":"INFO","timestamp":"2026-07-29T08:51:22.757Z","message":"[test] STEP await-disable-ops END elapsed=0MS"}
{"level":"INFO","timestamp":"2026-07-29T08:51:22.757Z","message":"[test] STEP form-reconcile START"}
{"level":"INFO","timestamp":"2026-07-29T08:51:22.757Z","message":"[test] STEP form-reconcile END forms-created=0 instances-sent=0 elapsed=0MS"}
{"level":"INFO","timestamp":"2026-07-29T08:51:22.757Z","message":"[test] DETAIL action=process phase complete matches=matches(0n/0m/0a/0d total=0) forms=forms=0(0)"}
{"level":"INFO","timestamp":"2026-07-29T08:51:22.757Z","message":"[test] PHASE 4 Process END elapsed=0MS"}
{"level":"INFO","timestamp":"2026-07-29T08:51:22.757Z","message":"[test] PHASE 5 Output START"}
{"level":"INFO","timestamp":"2026-07-29T08:51:22.757Z","message":"[test] STEP clear-managed-accounts START accounts=0"}
{"level":"INFO","timestamp":"2026-07-29T08:51:22.757Z","message":"[test] METRIC outputPhase.clearManagedAccounts duration=0MS"}
{"level":"INFO","timestamp":"2026-07-29T08:51:22.757Z","message":"[test] STEP clear-managed-accounts END cleared=0 elapsed=0MS"}
{"level":"INFO","timestamp":"2026-07-29T08:51:22.757Z","message":"[test] STEP send-accounts START"}
{"level":"INFO","timestamp":"2026-07-29T08:51:22.757Z","message":"[test] METRIC outputPhase.sendAccounts sent=0 eligible=0 duration=0MS"}
{"level":"INFO","timestamp":"2026-07-29T08:51:22.757Z","message":"[test] STEP send-accounts END sent=0 eligible=0 elapsed=0MS"}
{"level":"INFO","timestamp":"2026-07-29T08:51:22.757Z","message":"[test] DETAIL sent=0 action=accounts sent to platform"}
{"level":"INFO","timestamp":"2026-07-29T08:51:22.757Z","message":"[test] PHASE 5 Output END elapsed=0MS"}
{"level":"INFO","timestamp":"2026-07-29T08:51:22.757Z","message":"[test] EPILOGUE report START"}
{"level":"INFO","timestamp":"2026-07-29T08:51:22.757Z","message":"[test] DETAIL action=dry-run HTML report written path=./reports/dry-run.html"}
{"level":"INFO","timestamp":"2026-07-29T08:51:22.757Z","message":"[test] EPILOGUE report END elapsed=0MS"}
{"level":"INFO","timestamp":"2026-07-29T08:51:22.757Z","message":"[test] DETAIL action=account caches cleared from memory"}
{"level":"INFO","timestamp":"2026-07-29T08:51:22.757Z","message":"[test] ✓ Dry-run analysis completed successfully - 0 account(s) processed (total: 0MS)"}
{"level":"INFO","timestamp":"2026-07-29T08:51:22.757Z","message":"[config] DETAIL action=\"stateWrapper init\" keys=0"}
{"level":"INFO","timestamp":"2026-07-29T08:51:22.758Z","message":"[test] DETAIL action=start dry-run analysis"}
{"level":"INFO","timestamp":"2026-07-29T08:51:22.758Z","message":"[test] PHASE 1 Setup START"}
{"level":"INFO","timestamp":"2026-07-29T08:51:22.758Z","message":"[test] DETAIL sources=0"}
{"level":"INFO","timestamp":"2026-07-29T08:51:22.758Z","message":"[test] DETAIL action=fusion account schema set successfully"}
{"level":"INFO","timestamp":"2026-07-29T08:51:22.758Z","message":"[test] DETAIL action=managed sources aggregated"}
{"level":"INFO","timestamp":"2026-07-29T08:51:22.758Z","message":"[test] METRIC aggregateManagedSources sources=0 duration=0MS"}
{"level":"INFO","timestamp":"2026-07-29T08:51:22.758Z","message":"[test] DETAIL action=attribute counters initialized"}
{"level":"INFO","timestamp":"2026-07-29T08:51:22.758Z","message":"[test] PHASE 1 Setup END elapsed=0MS"}
{"level":"INFO","timestamp":"2026-07-29T08:51:22.758Z","message":"[test] PHASE 2 Fetch START"}
{"level":"INFO","timestamp":"2026-07-29T08:51:22.758Z","message":"[test] DETAIL action=fetching identities, managed accounts, and dependencies"}
{"level":"INFO","timestamp":"2026-07-29T08:51:22.758Z","message":"[test] METRIC fetchPhase.parallelFetch taskCount=4 duration=0MS"}
{"level":"INFO","timestamp":"2026-07-29T08:51:22.758Z","message":"[test] DETAIL action=processing fetched form data"}
{"level":"INFO","timestamp":"2026-07-29T08:51:22.758Z","message":"[test] METRIC fetchPhase.processFormData duration=0MS"}
{"level":"INFO","timestamp":"2026-07-29T08:51:22.758Z","message":"[test] DETAIL fusion-reviews=0 fusion-review-instances=0"}
{"level":"INFO","timestamp":"2026-07-29T08:51:22.758Z","message":"[test] DETAIL fusion-accounts=0 identities=0 managed-accounts=0"}
{"level":"INFO","timestamp":"2026-07-29T08:51:22.758Z","message":"[test] PHASE 2 Fetch END elapsed=0MS"}
{"level":"INFO","timestamp":"2026-07-29T08:51:22.758Z","message":"[test] PHASE 3 Refresh START"}
{"level":"INFO","timestamp":"2026-07-29T08:51:22.758Z","message":"[test] DETAIL action=refreshing fusion accounts"}
{"level":"INFO","timestamp":"2026-07-29T08:51:22.758Z","message":"[test] METRIC refreshPhase.processFusionAccounts count=0 duration=0MS"}
{"level":"INFO","timestamp":"2026-07-29T08:51:22.758Z","message":"[test] DETAIL action=refresh phase complete"}
{"level":"INFO","timestamp":"2026-07-29T08:51:22.758Z","message":"[test] PHASE 3 Refresh END elapsed=0MS"}
{"level":"INFO","timestamp":"2026-07-29T08:51:22.758Z","message":"[test] PHASE 4 Process START"}
{"level":"INFO","timestamp":"2026-07-29T08:51:22.758Z","message":"[test] STEP process-identities START"}
{"level":"INFO","timestamp":"2026-07-29T08:51:22.758Z","message":"[test] METRIC FusionService.processIdentities count=0 duration=0MS"}
{"level":"INFO","timestamp":"2026-07-29T08:51:22.758Z","message":"[test] STEP process-identities END count=0 elapsed=0MS"}
{"level":"INFO","timestamp":"2026-07-29T08:51:22.758Z","message":"[test] STEP process-decisions START"}
{"level":"INFO","timestamp":"2026-07-29T08:51:22.758Z","message":"[test] METRIC FusionService.processFusionIdentityDecisions count=0 duration=0MS"}
{"level":"INFO","timestamp":"2026-07-29T08:51:22.758Z","message":"[test] STEP process-decisions END count=0 elapsed=0MS"}
{"level":"INFO","timestamp":"2026-07-29T08:51:22.758Z","message":"[test] DETAIL action=identities cache cleared from memory"}
{"level":"INFO","timestamp":"2026-07-29T08:51:22.758Z","message":"[test] STEP managed-account-init START"}
{"level":"INFO","timestamp":"2026-07-29T08:51:22.758Z","message":"[test] METRIC FusionService.initializeManagedAccountProcessing duration=0MS"}
{"level":"INFO","timestamp":"2026-07-29T08:51:22.758Z","message":"[test] STEP managed-account-init END remaining=0 elapsed=0MS"}
{"level":"INFO","timestamp":"2026-07-29T08:51:22.758Z","message":"[test] STEP orphan-identity-hydration START"}
{"level":"INFO","timestamp":"2026-07-29T08:51:22.758Z","message":"[test] DETAIL hydrated=0 action=orphan correlated identities hydrated"}
{"level":"INFO","timestamp":"2026-07-29T08:51:22.758Z","message":"[test] STEP orphan-identity-hydration END hydrated=0 elapsed=0MS"}
{"level":"INFO","timestamp":"2026-07-29T08:51:22.758Z","message":"[test] STEP correlated-sweep START"}
{"level":"INFO","timestamp":"2026-07-29T08:51:22.758Z","message":"[test] STEP correlated-sweep END remaining=0 elapsed=0MS"}
{"level":"INFO","timestamp":"2026-07-29T08:51:22.758Z","message":"[test] STEP record-unique-registration START"}
{"level":"INFO","timestamp":"2026-07-29T08:51:22.758Z","message":"[test] METRIC FusionService.processRecordUniqueRegistration registered=0 duration=0MS"}
{"level":"INFO","timestamp":"2026-07-29T08:51:22.758Z","message":"[test] STEP record-unique-registration END registered=0 elapsed=0MS"}
{"level":"INFO","timestamp":"2026-07-29T08:51:22.758Z","message":"[test] STEP uncorrelated-sweep START accounts=0"}
{"level":"INFO","timestamp":"2026-07-29T08:51:22.758Z","message":"[test] METRIC FusionService.processManagedAccounts analyzed=0 matchScoring=0MS duration=0MS"}
{"level":"INFO","timestamp":"2026-07-29T08:51:22.758Z","message":"[test] STEP uncorrelated-sweep END analyzed=0 elapsed=0MS"}
{"level":"INFO","timestamp":"2026-07-29T08:51:22.758Z","message":"[test] STEP await-disable-ops START pending=0"}
{"level":"INFO","timestamp":"2026-07-29T08:51:22.758Z","message":"[test] STEP await-disable-ops END elapsed=0MS"}
{"level":"INFO","timestamp":"2026-07-29T08:51:22.758Z","message":"[test] STEP form-reconcile START"}
{"level":"INFO","timestamp":"2026-07-29T08:51:22.758Z","message":"[test] STEP form-reconcile END forms-created=0 instances-sent=0 elapsed=0MS"}
{"level":"INFO","timestamp":"2026-07-29T08:51:22.758Z","message":"[test] DETAIL action=process phase complete matches=matches(0n/0m/0a/0d total=0) forms=forms=0(0)"}
{"level":"INFO","timestamp":"2026-07-29T08:51:22.758Z","message":"[test] PHASE 4 Process END elapsed=0MS"}
{"level":"INFO","timestamp":"2026-07-29T08:51:22.758Z","message":"[test] PHASE 5 Output START"}
{"level":"INFO","timestamp":"2026-07-29T08:51:22.758Z","message":"[test] STEP clear-managed-accounts START accounts=0"}
{"level":"INFO","timestamp":"2026-07-29T08:51:22.758Z","message":"[test] METRIC outputPhase.clearManagedAccounts duration=0MS"}
{"level":"INFO","timestamp":"2026-07-29T08:51:22.758Z","message":"[test] STEP clear-managed-accounts END cleared=0 elapsed=0MS"}
{"level":"INFO","timestamp":"2026-07-29T08:51:22.758Z","message":"[test] STEP send-accounts START"}
{"level":"INFO","timestamp":"2026-07-29T08:51:22.758Z","message":"[test] METRIC outputPhase.sendAccounts sent=0 eligible=0 duration=0MS"}
{"level":"INFO","timestamp":"2026-07-29T08:51:22.758Z","message":"[test] STEP send-accounts END sent=0 eligible=0 elapsed=0MS"}
{"level":"INFO","timestamp":"2026-07-29T08:51:22.758Z","message":"[test] DETAIL sent=0 action=accounts sent to platform"}
{"level":"INFO","timestamp":"2026-07-29T08:51:22.758Z","message":"[test] PHASE 5 Output END elapsed=0MS"}
{"level":"INFO","timestamp":"2026-07-29T08:51:22.758Z","message":"[test] EPILOGUE report START"}
{"level":"INFO","timestamp":"2026-07-29T08:51:22.758Z","message":"[test] EPILOGUE report END elapsed=0MS"}
{"level":"INFO","timestamp":"2026-07-29T08:51:22.758Z","message":"[test] DETAIL action=account caches cleared from memory"}
{"level":"INFO","timestamp":"2026-07-29T08:51:22.758Z","message":"[test] ✓ Dry-run analysis completed successfully - 0 account(s) processed (total: 0MS)"}
{"level":"INFO","timestamp":"2026-07-29T08:51:22.758Z","message":"[config] DETAIL action=\"stateWrapper init\" keys=0"}
{"level":"INFO","timestamp":"2026-07-29T08:51:22.758Z","message":"[test] DETAIL action=start aggregation"}
{"level":"INFO","timestamp":"2026-07-29T08:51:22.758Z","message":"[test] PHASE 1 Setup START"}
{"level":"INFO","timestamp":"2026-07-29T08:51:22.758Z","message":"[test] DETAIL sources=0"}
{"level":"INFO","timestamp":"2026-07-29T08:51:22.758Z","message":"[test] DETAIL action=fusion account schema set successfully"}
{"level":"INFO","timestamp":"2026-07-29T08:51:22.758Z","message":"[test] DETAIL action=managed sources aggregated"}
{"level":"INFO","timestamp":"2026-07-29T08:51:22.758Z","message":"[test] METRIC aggregateManagedSources sources=0 duration=0MS"}
{"level":"INFO","timestamp":"2026-07-29T08:51:22.758Z","message":"[test] DETAIL action=attribute counters initialized"}
{"level":"INFO","timestamp":"2026-07-29T08:51:22.758Z","message":"[test] PHASE 1 Setup END elapsed=0MS"}
{"level":"INFO","timestamp":"2026-07-29T08:51:22.758Z","message":"[test] PHASE 2 Fetch START"}
{"level":"INFO","timestamp":"2026-07-29T08:51:22.758Z","message":"[test] DETAIL action=fetching identities, managed accounts, and dependencies"}
{"level":"INFO","timestamp":"2026-07-29T08:51:22.758Z","message":"[test] METRIC fetchPhase.parallelFetch taskCount=4 duration=0MS"}
{"level":"INFO","timestamp":"2026-07-29T08:51:22.758Z","message":"[test] DETAIL action=processing fetched form data"}
{"level":"INFO","timestamp":"2026-07-29T08:51:22.758Z","message":"[test] METRIC fetchPhase.processFormData duration=0MS"}
{"level":"INFO","timestamp":"2026-07-29T08:51:22.758Z","message":"[test] DETAIL fusion-reviews=0 fusion-review-instances=0"}
{"level":"INFO","timestamp":"2026-07-29T08:51:22.758Z","message":"[test] DETAIL fusion-accounts=0 identities=0 managed-accounts=0"}
{"level":"INFO","timestamp":"2026-07-29T08:51:22.758Z","message":"[test] PHASE 2 Fetch END elapsed=0MS"}
{"level":"INFO","timestamp":"2026-07-29T08:51:22.758Z","message":"[test] PHASE 3 Refresh START"}
{"level":"INFO","timestamp":"2026-07-29T08:51:22.758Z","message":"[test] DETAIL action=refreshing fusion accounts"}
{"level":"INFO","timestamp":"2026-07-29T08:51:22.758Z","message":"[test] METRIC refreshPhase.processFusionAccounts count=0 duration=0MS"}
{"level":"INFO","timestamp":"2026-07-29T08:51:22.758Z","message":"[test] DETAIL action=refresh phase complete"}
{"level":"INFO","timestamp":"2026-07-29T08:51:22.758Z","message":"[test] PHASE 3 Refresh END elapsed=0MS"}
{"level":"INFO","timestamp":"2026-07-29T08:51:22.758Z","message":"[test] PHASE 4 Process START"}
{"level":"INFO","timestamp":"2026-07-29T08:51:22.758Z","message":"[test] STEP process-identities START"}
{"level":"INFO","timestamp":"2026-07-29T08:51:22.758Z","message":"[test] METRIC FusionService.processIdentities count=0 duration=0MS"}
{"level":"INFO","timestamp":"2026-07-29T08:51:22.758Z","message":"[test] STEP process-identities END count=0 elapsed=0MS"}
{"level":"INFO","timestamp":"2026-07-29T08:51:22.758Z","message":"[test] STEP process-decisions START"}
{"level":"INFO","timestamp":"2026-07-29T08:51:22.758Z","message":"[test] METRIC FusionService.processFusionIdentityDecisions count=0 duration=0MS"}
{"level":"INFO","timestamp":"2026-07-29T08:51:22.758Z","message":"[test] STEP process-decisions END count=0 elapsed=0MS"}
{"level":"INFO","timestamp":"2026-07-29T08:51:22.758Z","message":"[test] DETAIL action=identities cache cleared from memory"}
{"level":"INFO","timestamp":"2026-07-29T08:51:22.758Z","message":"[test] STEP managed-account-init START"}
{"level":"INFO","timestamp":"2026-07-29T08:51:22.758Z","message":"[test] METRIC FusionService.initializeManagedAccountProcessing duration=0MS"}
{"level":"INFO","timestamp":"2026-07-29T08:51:22.758Z","message":"[test] STEP managed-account-init END remaining=0 elapsed=0MS"}
{"level":"INFO","timestamp":"2026-07-29T08:51:22.758Z","message":"[test] STEP orphan-identity-hydration START"}
{"level":"INFO","timestamp":"2026-07-29T08:51:22.758Z","message":"[test] DETAIL hydrated=0 action=orphan correlated identities hydrated"}
{"level":"INFO","timestamp":"2026-07-29T08:51:22.758Z","message":"[test] STEP orphan-identity-hydration END hydrated=0 elapsed=0MS"}
{"level":"INFO","timestamp":"2026-07-29T08:51:22.758Z","message":"[test] STEP correlated-sweep START"}
{"level":"INFO","timestamp":"2026-07-29T08:51:22.758Z","message":"[test] STEP correlated-sweep END remaining=0 elapsed=0MS"}
{"level":"INFO","timestamp":"2026-07-29T08:51:22.758Z","message":"[test] STEP record-unique-registration START"}
{"level":"INFO","timestamp":"2026-07-29T08:51:22.758Z","message":"[test] METRIC FusionService.processRecordUniqueRegistration registered=0 duration=0MS"}
{"level":"INFO","timestamp":"2026-07-29T08:51:22.758Z","message":"[test] STEP record-unique-registration END registered=0 elapsed=0MS"}
{"level":"INFO","timestamp":"2026-07-29T08:51:22.758Z","message":"[test] STEP uncorrelated-sweep START accounts=0"}
{"level":"INFO","timestamp":"2026-07-29T08:51:22.758Z","message":"[test] METRIC FusionService.processManagedAccounts analyzed=0 matchScoring=0MS duration=0MS"}
{"level":"INFO","timestamp":"2026-07-29T08:51:22.758Z","message":"[test] STEP uncorrelated-sweep END analyzed=0 elapsed=0MS"}
{"level":"INFO","timestamp":"2026-07-29T08:51:22.758Z","message":"[test] STEP await-disable-ops START pending=0"}
{"level":"INFO","timestamp":"2026-07-29T08:51:22.759Z","message":"[test] STEP await-disable-ops END elapsed=1MS"}
{"level":"INFO","timestamp":"2026-07-29T08:51:22.759Z","message":"[test] STEP form-reconcile START"}
{"level":"INFO","timestamp":"2026-07-29T08:51:22.759Z","message":"[test] STEP form-reconcile END forms-created=0 instances-sent=0 elapsed=0MS"}
{"level":"INFO","timestamp":"2026-07-29T08:51:22.759Z","message":"[test] DETAIL action=process phase complete matches=matches(0n/0m/0a/0d total=0) forms=forms=0(0)"}
{"level":"INFO","timestamp":"2026-07-29T08:51:22.759Z","message":"[test] PHASE 4 Process END elapsed=1MS"}
{"level":"INFO","timestamp":"2026-07-29T08:51:22.759Z","message":"[test] PHASE 5 Output START"}
{"level":"INFO","timestamp":"2026-07-29T08:51:22.759Z","message":"[test] STEP clear-managed-accounts START accounts=0"}
{"level":"INFO","timestamp":"2026-07-29T08:51:22.759Z","message":"[test] METRIC outputPhase.clearManagedAccounts duration=0MS"}
{"level":"INFO","timestamp":"2026-07-29T08:51:22.759Z","message":"[test] STEP clear-managed-accounts END cleared=0 elapsed=0MS"}
{"level":"INFO","timestamp":"2026-07-29T08:51:22.759Z","message":"[test] STEP send-accounts START"}
{"level":"INFO","timestamp":"2026-07-29T08:51:22.759Z","message":"[test] METRIC outputPhase.sendAccounts sent=0 eligible=0 duration=0MS"}
{"level":"INFO","timestamp":"2026-07-29T08:51:22.759Z","message":"[test] STEP send-accounts END sent=0 eligible=0 elapsed=0MS"}
{"level":"INFO","timestamp":"2026-07-29T08:51:22.759Z","message":"[test] DETAIL sent=0 action=accounts sent to platform"}
{"level":"INFO","timestamp":"2026-07-29T08:51:22.759Z","message":"[test] STEP form-cleanup START"}
{"level":"INFO","timestamp":"2026-07-29T08:51:22.759Z","message":"[test] METRIC outputPhase.formCleanup duration=0MS"}
{"level":"INFO","timestamp":"2026-07-29T08:51:22.759Z","message":"[test] STEP form-cleanup END elapsed=0MS"}
{"level":"INFO","timestamp":"2026-07-29T08:51:22.759Z","message":"[test] STEP save-state START"}
{"level":"INFO","timestamp":"2026-07-29T08:51:22.759Z","message":"[test] METRIC outputPhase.savePersistentState duration=0MS"}
{"level":"INFO","timestamp":"2026-07-29T08:51:22.759Z","message":"[test] STEP save-state END elapsed=0MS"}
{"level":"INFO","timestamp":"2026-07-29T08:51:22.759Z","message":"[test] STEP schedule-aggregations START"}
{"level":"INFO","timestamp":"2026-07-29T08:51:22.759Z","message":"[test] METRIC outputPhase.scheduleDelayedAggregations duration=0MS"}
{"level":"INFO","timestamp":"2026-07-29T08:51:22.759Z","message":"[test] STEP schedule-aggregations END elapsed=0MS"}
{"level":"INFO","timestamp":"2026-07-29T08:51:22.759Z","message":"[test] STEP await-form-deletes START"}
{"level":"INFO","timestamp":"2026-07-29T08:51:22.759Z","message":"[test] STEP await-form-deletes END elapsed=0MS"}
{"level":"INFO","timestamp":"2026-07-29T08:51:22.759Z","message":"[test] DETAIL action=queued form deletions completed"}
{"level":"INFO","timestamp":"2026-07-29T08:51:22.759Z","message":"[test] PHASE 5 Output END elapsed=0MS"}
{"level":"INFO","timestamp":"2026-07-29T08:51:22.759Z","message":"[test] EPILOGUE report START"}
{"level":"INFO","timestamp":"2026-07-29T08:51:22.759Z","message":"[test] EPILOGUE report END elapsed=0MS"}
{"level":"INFO","timestamp":"2026-07-29T08:51:22.759Z","message":"[test] DETAIL action=account caches cleared from memory"}
{"level":"INFO","timestamp":"2026-07-29T08:51:22.759Z","message":"[test] ✓ Account list operation completed successfully - 0 account(s) processed (total: 1MS)"}
{"level":"INFO","timestamp":"2026-07-29T08:51:23.206Z","message":"[config] DETAIL action=\"stateWrapper init\" keys=0"}
{"level":"INFO","timestamp":"2026-07-29T08:51:23.207Z","message":"[test] DETAIL action=testing connection"}
{"level":"INFO","timestamp":"2026-07-29T08:51:23.207Z","message":"[test] STEP verify-sources START"}
{"level":"INFO","timestamp":"2026-07-29T08:51:23.207Z","message":"[test] STEP verify-sources END elapsed=0MS"}
{"level":"INFO","timestamp":"2026-07-29T08:51:23.207Z","message":"[test] STEP validate-jmespath START"}
{"level":"INFO","timestamp":"2026-07-29T08:51:23.207Z","message":"[test] STEP validate-jmespath END elapsed=0MS"}
{"level":"INFO","timestamp":"2026-07-29T08:51:23.207Z","message":"[test] STEP validate-email-workflow START"}
{"level":"INFO","timestamp":"2026-07-29T08:51:23.207Z","message":"[test] STEP validate-email-workflow END elapsed=0MS"}
{"level":"INFO","timestamp":"2026-07-29T08:51:23.207Z","message":"[test] STEP validate-reverse-correlation START"}
{"level":"INFO","timestamp":"2026-07-29T08:51:23.207Z","message":"[test] STEP validate-reverse-correlation END sources=1 elapsed=0MS"}
{"level":"INFO","timestamp":"2026-07-29T08:51:23.209Z","message":"[config] DETAIL action=\"stateWrapper init\" keys=0"}
{"level":"INFO","timestamp":"2026-07-29T08:51:23.209Z","message":"[test] DETAIL action=testing connection"}
{"level":"INFO","timestamp":"2026-07-29T08:51:23.209Z","message":"[test] STEP verify-sources START"}
{"level":"INFO","timestamp":"2026-07-29T08:51:23.209Z","message":"[test] STEP verify-sources END elapsed=0MS"}
{"level":"INFO","timestamp":"2026-07-29T08:51:23.209Z","message":"[test] STEP validate-jmespath START"}
{"level":"INFO","timestamp":"2026-07-29T08:51:23.209Z","message":"[test] STEP validate-jmespath END elapsed=0MS"}
{"level":"INFO","timestamp":"2026-07-29T08:51:23.209Z","message":"[test] STEP validate-email-workflow START"}
{"level":"INFO","timestamp":"2026-07-29T08:51:23.209Z","message":"[test] STEP validate-email-workflow END elapsed=0MS"}
{"level":"INFO","timestamp":"2026-07-29T08:51:23.210Z","message":"[config] DETAIL action=\"stateWrapper init\" keys=0"}
{"level":"INFO","timestamp":"2026-07-29T08:51:23.210Z","message":"[test] DETAIL action=testing connection"}
{"level":"INFO","timestamp":"2026-07-29T08:51:23.210Z","message":"[test] STEP verify-sources START"}
{"level":"INFO","timestamp":"2026-07-29T08:51:23.210Z","message":"[test] STEP verify-sources END elapsed=0MS"}
{"level":"INFO","timestamp":"2026-07-29T08:51:23.210Z","message":"[test] STEP validate-jmespath START"}
{"level":"INFO","timestamp":"2026-07-29T08:51:23.210Z","message":"[test] STEP validate-jmespath END elapsed=0MS"}
{"level":"INFO","timestamp":"2026-07-29T08:51:23.210Z","message":"[test] STEP validate-email-workflow START"}
{"level":"INFO","timestamp":"2026-07-29T08:51:23.210Z","message":"[test] STEP validate-email-workflow END elapsed=0MS"}
{"level":"INFO","timestamp":"2026-07-29T08:51:23.210Z","message":"[test] STEP validate-delayed-aggregation-workflow START"}
{"level":"INFO","timestamp":"2026-07-29T08:51:23.210Z","message":"[test] STEP validate-delayed-aggregation-workflow END sources=1 elapsed=0MS"}
{"level":"INFO","timestamp":"2026-07-29T08:51:23.210Z","message":"[config] DETAIL action=\"stateWrapper init\" keys=0"}
{"level":"INFO","timestamp":"2026-07-29T08:51:23.210Z","message":"[test] DETAIL action=testing connection"}
{"level":"INFO","timestamp":"2026-07-29T08:51:23.210Z","message":"[test] STEP verify-sources START"}
{"level":"INFO","timestamp":"2026-07-29T08:51:23.210Z","message":"[test] STEP verify-sources END elapsed=0MS"}
{"level":"INFO","timestamp":"2026-07-29T08:51:23.210Z","message":"[test] STEP validate-jmespath START"}
{"level":"INFO","timestamp":"2026-07-29T08:51:23.210Z","message":"[test] STEP validate-jmespath END elapsed=0MS"}
{"level":"INFO","timestamp":"2026-07-29T08:51:23.210Z","message":"[test] STEP validate-email-workflow START"}
{"level":"INFO","timestamp":"2026-07-29T08:51:23.210Z","message":"[test] STEP validate-email-workflow END elapsed=0MS"}
{"level":"INFO","timestamp":"2026-07-29T08:51:23.211Z","message":"[config] DETAIL action=\"stateWrapper init\" keys=0"}
{"level":"INFO","timestamp":"2026-07-29T08:51:23.211Z","message":"[test] DETAIL action=testing connection"}
{"level":"INFO","timestamp":"2026-07-29T08:51:23.211Z","message":"[test] STEP verify-sources START"}
{"level":"INFO","timestamp":"2026-07-29T08:51:23.211Z","message":"[test] STEP verify-sources END elapsed=0MS"}
{"level":"INFO","timestamp":"2026-07-29T08:51:23.211Z","message":"[test] STEP validate-jmespath START"}
{"level":"INFO","timestamp":"2026-07-29T08:51:23.211Z","message":"[config] DETAIL action=\"stateWrapper init\" keys=0"}
{"level":"INFO","timestamp":"2026-07-29T08:51:23.211Z","message":"[test] DETAIL action=testing connection"}
{"level":"INFO","timestamp":"2026-07-29T08:51:23.211Z","message":"[test] STEP verify-sources START"}
{"level":"INFO","timestamp":"2026-07-29T08:51:23.211Z","message":"[test] STEP verify-sources END elapsed=0MS"}
{"level":"INFO","timestamp":"2026-07-29T08:51:23.211Z","message":"[test] STEP validate-jmespath START"}
{"level":"INFO","timestamp":"2026-07-29T08:51:23.211Z","message":"[test] STEP validate-jmespath END elapsed=0MS"}
{"level":"INFO","timestamp":"2026-07-29T08:51:23.211Z","message":"[test] STEP validate-email-workflow START"}
{"level":"INFO","timestamp":"2026-07-29T08:51:23.211Z","message":"[test] STEP validate-email-workflow END elapsed=0MS"}
{"level":"INFO","timestamp":"2026-07-29T08:51:23.351Z","message":"[config] DETAIL action=\"stateWrapper init\" keys=0"}
{"level":"INFO","timestamp":"2026-07-29T08:51:23.352Z","message":"[test] DETAIL identity=fusion-1 action=enabling account"}
{"level":"INFO","timestamp":"2026-07-29T08:51:23.353Z","message":"[test] STEP load-sources-schema START"}
{"level":"INFO","timestamp":"2026-07-29T08:51:23.353Z","message":"[test] STEP load-sources-schema END elapsed=0MS"}
{"level":"INFO","timestamp":"2026-07-29T08:51:23.353Z","message":"[test] STEP preprocess-fusion-accounts START"}
{"level":"INFO","timestamp":"2026-07-29T08:51:23.353Z","message":"[test] METRIC FusionService.preProcessFusionAccounts count=0 duration=0MS"}
{"level":"INFO","timestamp":"2026-07-29T08:51:23.353Z","message":"[test] STEP preprocess-fusion-accounts END count=0 elapsed=0MS"}
{"level":"INFO","timestamp":"2026-07-29T08:51:23.353Z","message":"[test] STEP rebuild-fusion-account START"}
{"level":"INFO","timestamp":"2026-07-29T08:51:23.353Z","message":"[test] STEP rebuild-fusion-account END elapsed=0MS"}
{"level":"INFO","timestamp":"2026-07-29T08:51:23.353Z","message":"[test] STEP enable-fusion-account START"}
{"level":"INFO","timestamp":"2026-07-29T08:51:23.353Z","message":"[test] STEP enable-fusion-account END elapsed=0MS"}
{"level":"INFO","timestamp":"2026-07-29T08:51:23.353Z","message":"[test] STEP generate-account START"}
{"level":"INFO","timestamp":"2026-07-29T08:51:23.353Z","message":"[test] STEP generate-account END elapsed=0MS"}
{"level":"INFO","timestamp":"2026-07-29T08:51:23.353Z","message":"[test] ✓ Account enable completed for fusion-1 (total: 0MS)"}
{"level":"INFO","timestamp":"2026-07-29T08:51:23.355Z","message":"[config] DETAIL action=\"stateWrapper init\" keys=0"}
{"level":"INFO","timestamp":"2026-07-29T08:51:23.355Z","message":"[test] DETAIL identity=fusion-1 action=enabling account"}
{"level":"INFO","timestamp":"2026-07-29T08:51:23.355Z","message":"[test] STEP load-sources-schema START"}
{"level":"INFO","timestamp":"2026-07-29T08:51:23.355Z","message":"[test] STEP load-sources-schema END elapsed=0MS"}
{"level":"INFO","timestamp":"2026-07-29T08:51:23.355Z","message":"[test] STEP preprocess-fusion-accounts START"}
{"level":"INFO","timestamp":"2026-07-29T08:51:23.355Z","message":"[test] METRIC FusionService.preProcessFusionAccounts count=0 duration=0MS"}
{"level":"INFO","timestamp":"2026-07-29T08:51:23.355Z","message":"[test] STEP preprocess-fusion-accounts END count=0 elapsed=0MS"}
{"level":"INFO","timestamp":"2026-07-29T08:51:23.355Z","message":"[test] STEP rebuild-fusion-account START"}
{"level":"INFO","timestamp":"2026-07-29T08:51:23.356Z","message":"[config] DETAIL action=\"stateWrapper init\" keys=0"}
{"level":"INFO","timestamp":"2026-07-29T08:51:23.356Z","message":"[test] DETAIL identity=fusion-1 action=enabling account"}
{"level":"INFO","timestamp":"2026-07-29T08:51:23.356Z","message":"[test] STEP load-sources-schema START"}
{"level":"INFO","timestamp":"2026-07-29T08:51:23.356Z","message":"[test] STEP load-sources-schema END elapsed=0MS"}
{"level":"INFO","timestamp":"2026-07-29T08:51:23.356Z","message":"[test] STEP preprocess-fusion-accounts START"}
{"level":"INFO","timestamp":"2026-07-29T08:51:23.356Z","message":"[test] METRIC FusionService.preProcessFusionAccounts count=0 duration=0MS"}
{"level":"INFO","timestamp":"2026-07-29T08:51:23.356Z","message":"[test] STEP preprocess-fusion-accounts END count=0 elapsed=0MS"}
{"level":"INFO","timestamp":"2026-07-29T08:51:23.356Z","message":"[test] STEP rebuild-fusion-account START"}
{"level":"INFO","timestamp":"2026-07-29T08:51:23.448Z","message":"[config] DETAIL action=\"stateWrapper init\" keys=0"}
{"level":"INFO","timestamp":"2026-07-29T08:51:23.449Z","message":"[test] STEP process-identities START"}
{"level":"INFO","timestamp":"2026-07-29T08:51:23.449Z","message":"[test] METRIC FusionService.processIdentities count=0 duration=0MS"}
{"level":"INFO","timestamp":"2026-07-29T08:51:23.449Z","message":"[test] STEP process-identities END count=0 elapsed=0MS"}
{"level":"INFO","timestamp":"2026-07-29T08:51:23.449Z","message":"[test] STEP process-decisions START"}
{"level":"INFO","timestamp":"2026-07-29T08:51:23.449Z","message":"[test] METRIC FusionService.processFusionIdentityDecisions count=0 duration=0MS"}
{"level":"INFO","timestamp":"2026-07-29T08:51:23.449Z","message":"[test] STEP process-decisions END count=0 elapsed=0MS"}
{"level":"INFO","timestamp":"2026-07-29T08:51:23.449Z","message":"[test] DETAIL action=identities cache cleared from memory"}
{"level":"INFO","timestamp":"2026-07-29T08:51:23.449Z","message":"[test] STEP managed-account-init START"}
{"level":"INFO","timestamp":"2026-07-29T08:51:23.449Z","message":"[test] METRIC FusionService.initializeManagedAccountProcessing duration=0MS"}
{"level":"INFO","timestamp":"2026-07-29T08:51:23.449Z","message":"[test] STEP managed-account-init END remaining=1 elapsed=0MS"}
{"level":"INFO","timestamp":"2026-07-29T08:51:23.449Z","message":"[test] STEP orphan-identity-hydration START"}
{"level":"INFO","timestamp":"2026-07-29T08:51:23.450Z","message":"[test] DETAIL hydrated=0 action=orphan correlated identities hydrated"}
{"level":"INFO","timestamp":"2026-07-29T08:51:23.450Z","message":"[test] STEP orphan-identity-hydration END hydrated=0 elapsed=1MS"}
{"level":"INFO","timestamp":"2026-07-29T08:51:23.450Z","message":"[test] STEP correlated-sweep START"}
{"level":"INFO","timestamp":"2026-07-29T08:51:23.450Z","message":"[test] STEP correlated-sweep END remaining=1 elapsed=0MS"}
{"level":"INFO","timestamp":"2026-07-29T08:51:23.450Z","message":"[test] STEP record-unique-registration START"}
{"level":"INFO","timestamp":"2026-07-29T08:51:23.450Z","message":"[test] METRIC FusionService.processRecordUniqueRegistration registered=0 duration=0MS"}
{"level":"INFO","timestamp":"2026-07-29T08:51:23.450Z","message":"[test] STEP record-unique-registration END registered=0 elapsed=0MS"}
{"level":"INFO","timestamp":"2026-07-29T08:51:23.450Z","message":"[test] STEP uncorrelated-sweep START accounts=1"}
{"level":"INFO","timestamp":"2026-07-29T08:51:23.450Z","message":"[test] METRIC FusionService.processManagedAccounts analyzed=0 matchScoring=0MS duration=0MS"}
{"level":"INFO","timestamp":"2026-07-29T08:51:23.450Z","message":"[test] STEP uncorrelated-sweep END analyzed=0 elapsed=0MS"}
{"level":"INFO","timestamp":"2026-07-29T08:51:23.450Z","message":"[test] STEP await-disable-ops START pending=0"}
{"level":"INFO","timestamp":"2026-07-29T08:51:23.450Z","message":"[test] STEP await-disable-ops END elapsed=0MS"}
{"level":"INFO","timestamp":"2026-07-29T08:51:23.450Z","message":"[test] STEP form-reconcile START"}
{"level":"INFO","timestamp":"2026-07-29T08:51:23.450Z","message":"[test] STEP form-reconcile END forms-created=0 instances-sent=0 elapsed=0MS"}
{"level":"INFO","timestamp":"2026-07-29T08:51:23.450Z","message":"[test] DETAIL action=process phase complete matches=matches(0n/0m/0a/0d total=0) forms=forms=0(0)"}
{"level":"INFO","timestamp":"2026-07-29T08:51:23.451Z","message":"[config] DETAIL action=\"stateWrapper init\" keys=0"}
{"level":"INFO","timestamp":"2026-07-29T08:51:23.451Z","message":"[test] STEP process-identities START"}
{"level":"INFO","timestamp":"2026-07-29T08:51:23.451Z","message":"[test] METRIC FusionService.processIdentities count=0 duration=0MS"}
{"level":"INFO","timestamp":"2026-07-29T08:51:23.451Z","message":"[test] STEP process-identities END count=0 elapsed=0MS"}
{"level":"INFO","timestamp":"2026-07-29T08:51:23.451Z","message":"[test] STEP process-decisions START"}
{"level":"INFO","timestamp":"2026-07-29T08:51:23.451Z","message":"[test] METRIC FusionService.processFusionIdentityDecisions count=0 duration=0MS"}
{"level":"INFO","timestamp":"2026-07-29T08:51:23.451Z","message":"[test] STEP process-decisions END count=0 elapsed=0MS"}
{"level":"INFO","timestamp":"2026-07-29T08:51:23.451Z","message":"[test] DETAIL action=identities cache cleared from memory"}
{"level":"INFO","timestamp":"2026-07-29T08:51:23.451Z","message":"[test] STEP managed-account-init START"}
{"level":"INFO","timestamp":"2026-07-29T08:51:23.451Z","message":"[test] METRIC FusionService.initializeManagedAccountProcessing duration=0MS"}
{"level":"INFO","timestamp":"2026-07-29T08:51:23.451Z","message":"[test] STEP managed-account-init END remaining=1 elapsed=0MS"}
{"level":"INFO","timestamp":"2026-07-29T08:51:23.451Z","message":"[test] STEP orphan-identity-hydration START"}
{"level":"INFO","timestamp":"2026-07-29T08:51:23.451Z","message":"[test] DETAIL hydrated=0 action=orphan correlated identities hydrated"}
{"level":"INFO","timestamp":"2026-07-29T08:51:23.451Z","message":"[test] STEP orphan-identity-hydration END hydrated=0 elapsed=0MS"}
{"level":"INFO","timestamp":"2026-07-29T08:51:23.451Z","message":"[test] STEP correlated-sweep START"}
{"level":"INFO","timestamp":"2026-07-29T08:51:23.451Z","message":"[test] STEP correlated-sweep END remaining=1 elapsed=0MS"}
{"level":"INFO","timestamp":"2026-07-29T08:51:23.451Z","message":"[test] STEP record-unique-registration START"}
{"level":"INFO","timestamp":"2026-07-29T08:51:23.451Z","message":"[test] METRIC FusionService.processRecordUniqueRegistration registered=0 duration=0MS"}
{"level":"INFO","timestamp":"2026-07-29T08:51:23.451Z","message":"[test] STEP record-unique-registration END registered=0 elapsed=0MS"}
{"level":"INFO","timestamp":"2026-07-29T08:51:23.451Z","message":"[test] STEP uncorrelated-sweep START accounts=1"}
{"level":"INFO","timestamp":"2026-07-29T08:51:23.451Z","message":"[test] METRIC FusionService.processManagedAccounts analyzed=0 matchScoring=0MS duration=0MS"}
{"level":"INFO","timestamp":"2026-07-29T08:51:23.451Z","message":"[test] STEP uncorrelated-sweep END analyzed=0 elapsed=0MS"}
{"level":"INFO","timestamp":"2026-07-29T08:51:23.451Z","message":"[test] STEP await-disable-ops START pending=0"}
{"level":"INFO","timestamp":"2026-07-29T08:51:23.451Z","message":"[test] STEP await-disable-ops END elapsed=0MS"}
{"level":"INFO","timestamp":"2026-07-29T08:51:23.451Z","message":"[test] STEP form-reconcile START"}
{"level":"INFO","timestamp":"2026-07-29T08:51:23.451Z","message":"[test] STEP form-reconcile END forms-created=0 instances-sent=0 elapsed=0MS"}
{"level":"INFO","timestamp":"2026-07-29T08:51:23.451Z","message":"[test] DETAIL action=process phase complete matches=matches(0n/0m/0a/0d total=0) forms=forms=0(0)"}
{"level":"INFO","timestamp":"2026-07-29T08:51:23.452Z","message":"[config] DETAIL action=\"stateWrapper init\" keys=0"}
{"level":"INFO","timestamp":"2026-07-29T08:51:23.452Z","message":"[test] STEP process-identities START"}
{"level":"INFO","timestamp":"2026-07-29T08:51:23.452Z","message":"[test] METRIC FusionService.processIdentities count=0 duration=0MS"}
{"level":"INFO","timestamp":"2026-07-29T08:51:23.452Z","message":"[test] STEP process-identities END count=0 elapsed=0MS"}
{"level":"INFO","timestamp":"2026-07-29T08:51:23.452Z","message":"[test] STEP process-decisions START"}
{"level":"INFO","timestamp":"2026-07-29T08:51:23.452Z","message":"[test] METRIC FusionService.processFusionIdentityDecisions count=0 duration=0MS"}
{"level":"INFO","timestamp":"2026-07-29T08:51:23.452Z","message":"[test] STEP process-decisions END count=0 elapsed=0MS"}
{"level":"INFO","timestamp":"2026-07-29T08:51:23.452Z","message":"[test] DETAIL action=identities cache cleared from memory"}
{"level":"INFO","timestamp":"2026-07-29T08:51:23.452Z","message":"[test] STEP managed-account-init START"}
{"level":"INFO","timestamp":"2026-07-29T08:51:23.452Z","message":"[test] METRIC FusionService.initializeManagedAccountProcessing duration=0MS"}
{"level":"INFO","timestamp":"2026-07-29T08:51:23.452Z","message":"[test] STEP managed-account-init END remaining=1 elapsed=0MS"}
{"level":"INFO","timestamp":"2026-07-29T08:51:23.452Z","message":"[test] STEP orphan-identity-hydration START"}
{"level":"INFO","timestamp":"2026-07-29T08:51:23.452Z","message":"[test] DETAIL hydrated=0 action=orphan correlated identities hydrated"}
{"level":"INFO","timestamp":"2026-07-29T08:51:23.452Z","message":"[test] STEP orphan-identity-hydration END hydrated=0 elapsed=0MS"}
{"level":"INFO","timestamp":"2026-07-29T08:51:23.452Z","message":"[test] STEP correlated-sweep START"}
{"level":"INFO","timestamp":"2026-07-29T08:51:23.452Z","message":"[test] STEP correlated-sweep END remaining=1 elapsed=0MS"}
{"level":"INFO","timestamp":"2026-07-29T08:51:23.452Z","message":"[test] STEP record-unique-registration START"}
{"level":"INFO","timestamp":"2026-07-29T08:51:23.452Z","message":"[test] METRIC FusionService.processRecordUniqueRegistration registered=0 duration=0MS"}
{"level":"INFO","timestamp":"2026-07-29T08:51:23.452Z","message":"[test] STEP record-unique-registration END registered=0 elapsed=0MS"}
{"level":"INFO","timestamp":"2026-07-29T08:51:23.452Z","message":"[test] STEP uncorrelated-sweep START accounts=1"}
{"level":"INFO","timestamp":"2026-07-29T08:51:23.452Z","message":"[test] METRIC FusionService.processManagedAccounts analyzed=0 matchScoring=0MS duration=0MS"}
{"level":"INFO","timestamp":"2026-07-29T08:51:23.452Z","message":"[test] STEP uncorrelated-sweep END analyzed=0 elapsed=0MS"}
{"level":"INFO","timestamp":"2026-07-29T08:51:23.452Z","message":"[test] STEP await-disable-ops START pending=0"}
{"level":"INFO","timestamp":"2026-07-29T08:51:23.452Z","message":"[test] STEP await-disable-ops END elapsed=0MS"}
{"level":"INFO","timestamp":"2026-07-29T08:51:23.452Z","message":"[test] STEP form-reconcile START"}
{"level":"INFO","timestamp":"2026-07-29T08:51:23.452Z","message":"[test] STEP form-reconcile END forms-created=12 instances-sent=36 elapsed=0MS"}
{"level":"INFO","timestamp":"2026-07-29T08:51:23.452Z","message":"[test] DETAIL action=process phase complete matches=matches(0n/0m/0a/0d total=0) forms=forms=12(36)"}
{"level":"INFO","timestamp":"2026-07-29T08:51:23.452Z","message":"[config] DETAIL action=\"stateWrapper init\" keys=0"}
{"level":"INFO","timestamp":"2026-07-29T08:51:23.453Z","message":"[test] STEP process-identities START"}
{"level":"INFO","timestamp":"2026-07-29T08:51:23.453Z","message":"[test] METRIC FusionService.processIdentities count=0 duration=0MS"}
{"level":"INFO","timestamp":"2026-07-29T08:51:23.453Z","message":"[test] STEP process-identities END count=0 elapsed=0MS"}
{"level":"INFO","timestamp":"2026-07-29T08:51:23.453Z","message":"[test] STEP process-decisions START"}
{"level":"INFO","timestamp":"2026-07-29T08:51:23.453Z","message":"[test] METRIC FusionService.processFusionIdentityDecisions count=0 duration=0MS"}
{"level":"INFO","timestamp":"2026-07-29T08:51:23.453Z","message":"[test] STEP process-decisions END count=0 elapsed=0MS"}
{"level":"INFO","timestamp":"2026-07-29T08:51:23.453Z","message":"[test] DETAIL action=identities cache cleared from memory"}
{"level":"INFO","timestamp":"2026-07-29T08:51:23.453Z","message":"[test] STEP managed-account-init START"}
{"level":"INFO","timestamp":"2026-07-29T08:51:23.453Z","message":"[test] METRIC FusionService.initializeManagedAccountProcessing duration=0MS"}
{"level":"INFO","timestamp":"2026-07-29T08:51:23.453Z","message":"[test] STEP managed-account-init END remaining=1 elapsed=0MS"}
{"level":"INFO","timestamp":"2026-07-29T08:51:23.453Z","message":"[test] STEP orphan-identity-hydration START"}
{"level":"INFO","timestamp":"2026-07-29T08:51:23.453Z","message":"[test] DETAIL hydrated=0 action=orphan correlated identities hydrated"}
{"level":"INFO","timestamp":"2026-07-29T08:51:23.453Z","message":"[test] STEP orphan-identity-hydration END hydrated=0 elapsed=0MS"}
{"level":"INFO","timestamp":"2026-07-29T08:51:23.453Z","message":"[test] STEP correlated-sweep START"}
{"level":"INFO","timestamp":"2026-07-29T08:51:23.453Z","message":"[test] STEP correlated-sweep END remaining=1 elapsed=0MS"}
{"level":"INFO","timestamp":"2026-07-29T08:51:23.453Z","message":"[test] STEP record-unique-registration START"}
{"level":"INFO","timestamp":"2026-07-29T08:51:23.453Z","message":"[test] METRIC FusionService.processRecordUniqueRegistration registered=0 duration=0MS"}
{"level":"INFO","timestamp":"2026-07-29T08:51:23.453Z","message":"[test] STEP record-unique-registration END registered=0 elapsed=0MS"}
{"level":"INFO","timestamp":"2026-07-29T08:51:23.453Z","message":"[test] STEP uncorrelated-sweep START accounts=1"}
{"level":"INFO","timestamp":"2026-07-29T08:51:23.453Z","message":"[test] METRIC FusionService.processManagedAccounts analyzed=0 matchScoring=0MS duration=0MS"}
{"level":"INFO","timestamp":"2026-07-29T08:51:23.453Z","message":"[test] STEP uncorrelated-sweep END analyzed=0 elapsed=0MS"}
{"level":"INFO","timestamp":"2026-07-29T08:51:23.453Z","message":"[test] STEP await-disable-ops START pending=0"}
{"level":"INFO","timestamp":"2026-07-29T08:51:23.453Z","message":"[test] STEP await-disable-ops END elapsed=0MS"}
{"level":"INFO","timestamp":"2026-07-29T08:51:23.453Z","message":"[test] STEP form-reconcile START"}
{"level":"INFO","timestamp":"2026-07-29T08:51:23.453Z","message":"[test] STEP form-reconcile END forms-created=0 instances-sent=0 elapsed=0MS"}
{"level":"INFO","timestamp":"2026-07-29T08:51:23.453Z","message":"[test] DETAIL action=process phase complete matches=matches(0n/0m/0a/0d total=0) forms=forms=0(0) correlations=merge=1/2"}
{"level":"INFO","timestamp":"2026-07-29T08:51:23.453Z","message":"[config] DETAIL action=\"stateWrapper init\" keys=0"}
{"level":"INFO","timestamp":"2026-07-29T08:51:23.454Z","message":"[test] STEP clear-managed-accounts START accounts=1"}
{"level":"INFO","timestamp":"2026-07-29T08:51:23.454Z","message":"[test] METRIC outputPhase.clearManagedAccounts duration=0MS"}
{"level":"INFO","timestamp":"2026-07-29T08:51:23.454Z","message":"[test] STEP clear-managed-accounts END cleared=1 elapsed=0MS"}
{"level":"INFO","timestamp":"2026-07-29T08:51:23.454Z","message":"[test] STEP send-accounts START"}
{"level":"INFO","timestamp":"2026-07-29T08:51:23.454Z","message":"[test] METRIC outputPhase.sendAccounts sent=0 eligible=0 duration=0MS"}
{"level":"INFO","timestamp":"2026-07-29T08:51:23.454Z","message":"[test] STEP send-accounts END sent=0 eligible=0 elapsed=0MS"}
{"level":"INFO","timestamp":"2026-07-29T08:51:23.454Z","message":"[test] DETAIL sent=0 action=accounts sent to platform"}
{"level":"INFO","timestamp":"2026-07-29T08:51:23.454Z","message":"[test] STEP form-cleanup START"}
{"level":"INFO","timestamp":"2026-07-29T08:51:23.454Z","message":"[test] METRIC outputPhase.formCleanup duration=0MS"}
{"level":"INFO","timestamp":"2026-07-29T08:51:23.454Z","message":"[test] STEP form-cleanup END elapsed=0MS"}
{"level":"INFO","timestamp":"2026-07-29T08:51:23.454Z","message":"[test] STEP save-state START"}
{"level":"INFO","timestamp":"2026-07-29T08:51:23.454Z","message":"[test] METRIC outputPhase.savePersistentState duration=0MS"}
{"level":"INFO","timestamp":"2026-07-29T08:51:23.454Z","message":"[test] STEP save-state END elapsed=0MS"}
{"level":"INFO","timestamp":"2026-07-29T08:51:23.454Z","message":"[test] STEP schedule-aggregations START"}
{"level":"INFO","timestamp":"2026-07-29T08:51:23.454Z","message":"[test] METRIC outputPhase.scheduleDelayedAggregations duration=0MS"}
{"level":"INFO","timestamp":"2026-07-29T08:51:23.454Z","message":"[test] STEP schedule-aggregations END elapsed=0MS"}
{"level":"INFO","timestamp":"2026-07-29T08:51:23.454Z","message":"[test] STEP await-form-deletes START"}
{"level":"INFO","timestamp":"2026-07-29T08:51:23.454Z","message":"[test] STEP await-form-deletes END elapsed=0MS"}
{"level":"INFO","timestamp":"2026-07-29T08:51:23.454Z","message":"[test] DETAIL action=queued form deletions completed"}
{"level":"INFO","timestamp":"2026-07-29T08:51:23.454Z","message":"[config] DETAIL action=\"stateWrapper init\" keys=0"}
{"level":"INFO","timestamp":"2026-07-29T08:51:23.455Z","message":"[test] DETAIL cache=managed accounts retained for recording"}
{"level":"INFO","timestamp":"2026-07-29T08:51:23.455Z","message":"[test] STEP send-accounts START"}
{"level":"INFO","timestamp":"2026-07-29T08:51:23.455Z","message":"[test] METRIC outputPhase.sendAccounts sent=0 eligible=0 duration=0MS"}
{"level":"INFO","timestamp":"2026-07-29T08:51:23.455Z","message":"[test] STEP send-accounts END sent=0 eligible=0 elapsed=0MS"}
{"level":"INFO","timestamp":"2026-07-29T08:51:23.455Z","message":"[test] DETAIL sent=0 action=accounts sent to platform"}
{"level":"INFO","timestamp":"2026-07-29T08:51:23.455Z","message":"[config] DETAIL action=\"stateWrapper init\" keys=0"}
{"level":"INFO","timestamp":"2026-07-29T08:51:23.456Z","message":"[test] DETAIL action=fetching identities, managed accounts, and dependencies"}
{"level":"INFO","timestamp":"2026-07-29T08:51:23.456Z","message":"[test] METRIC fetchPhase.parallelFetch taskCount=4 duration=0MS"}
{"level":"INFO","timestamp":"2026-07-29T08:51:23.456Z","message":"[test] DETAIL action=processing fetched form data"}
{"level":"INFO","timestamp":"2026-07-29T08:51:23.456Z","message":"[test] METRIC fetchPhase.processFormData duration=0MS"}
{"level":"INFO","timestamp":"2026-07-29T08:51:23.456Z","message":"[test] DETAIL fusion-reviews=0 fusion-review-instances=0"}
{"level":"INFO","timestamp":"2026-07-29T08:51:23.456Z","message":"[test] DETAIL fusion-accounts=0 identities=0 managed-accounts=0"}
{"level":"INFO","timestamp":"2026-07-29T08:51:23.456Z","message":"[config] DETAIL action=\"stateWrapper init\" keys=0"}
{"level":"INFO","timestamp":"2026-07-29T08:51:23.457Z","message":"[test] DETAIL action=fetching identities, managed accounts, and dependencies"}
{"level":"INFO","timestamp":"2026-07-29T08:51:23.457Z","message":"[test] METRIC fetchPhase.parallelFetch taskCount=4 duration=0MS"}
{"level":"INFO","timestamp":"2026-07-29T08:51:23.457Z","message":"[test] DETAIL action=processing fetched form data"}
{"level":"INFO","timestamp":"2026-07-29T08:51:23.457Z","message":"[test] METRIC fetchPhase.processFormData duration=0MS"}
{"level":"INFO","timestamp":"2026-07-29T08:51:23.457Z","message":"[test] DETAIL fusion-reviews=0 fusion-review-instances=0"}
{"level":"INFO","timestamp":"2026-07-29T08:51:23.457Z","message":"[test] DETAIL fusion-accounts=0 identities=0 managed-accounts=0"}
{"level":"INFO","timestamp":"2026-07-29T08:51:23.508Z","message":"[config] DETAIL action=\"stateWrapper init\" keys=0"}
{"level":"INFO","timestamp":"2026-07-29T08:51:23.509Z","message":"[config] DETAIL action=\"stateWrapper init\" keys=0"}
{"level":"INFO","timestamp":"2026-07-29T08:51:23.509Z","message":"[config] DETAIL action=\"stateWrapper init\" keys=0"}
{"level":"INFO","timestamp":"2026-07-29T08:51:23.510Z","message":"[config] DETAIL action=\"stateWrapper init\" keys=0"}
{"level":"INFO","timestamp":"2026-07-29T08:51:23.510Z","message":"[config] DETAIL action=\"stateWrapper init\" keys=0"}
{"level":"INFO","timestamp":"2026-07-29T08:51:23.510Z","message":"[config] DETAIL action=\"stateWrapper init\" keys=0"}
{"level":"INFO","timestamp":"2026-07-29T08:51:23.511Z","message":"[config] DETAIL action=\"stateWrapper init\" keys=0"}
{"level":"INFO","timestamp":"2026-07-29T08:51:23.511Z","message":"[config] DETAIL action=\"stateWrapper init\" keys=0"}
{"level":"INFO","timestamp":"2026-07-29T08:51:23.512Z","message":"[config] DETAIL action=\"stateWrapper init\" keys=0"}
{"level":"INFO","timestamp":"2026-07-29T08:51:23.513Z","message":"[config] DETAIL action=\"stateWrapper init\" keys=0"}
{"level":"INFO","timestamp":"2026-07-29T08:51:23.643Z","message":"[config] DETAIL action=\"stateWrapper init\" keys=0"}
{"level":"INFO","timestamp":"2026-07-29T08:51:23.644Z","message":"[test] DETAIL sources=0"}
{"level":"INFO","timestamp":"2026-07-29T08:51:23.644Z","message":"[test] DETAIL action=reset accounts flag detected, clearing state and exiting"}
{"level":"INFO","timestamp":"2026-07-29T08:51:23.645Z","message":"[config] DETAIL action=\"stateWrapper init\" keys=0"}
{"level":"INFO","timestamp":"2026-07-29T08:51:23.645Z","message":"[test] DETAIL sources=0"}
{"level":"INFO","timestamp":"2026-07-29T08:51:23.645Z","message":"[test] DETAIL action=reset forms flag detected, deleting fusion review forms"}
{"level":"INFO","timestamp":"2026-07-29T08:51:23.645Z","message":"[test] DETAIL action=input schema not provided; loaded fusion account schema from source"}
{"level":"INFO","timestamp":"2026-07-29T08:51:23.645Z","message":"[test] DETAIL action=fusion account schema set successfully"}
{"level":"INFO","timestamp":"2026-07-29T08:51:23.645Z","message":"[test] DETAIL action=managed sources aggregated"}
{"level":"INFO","timestamp":"2026-07-29T08:51:23.645Z","message":"[test] METRIC aggregateManagedSources sources=0 duration=0MS"}
{"level":"INFO","timestamp":"2026-07-29T08:51:23.645Z","message":"[test] DETAIL action=attribute counters initialized"}
{"level":"INFO","timestamp":"2026-07-29T08:51:23.646Z","message":"[config] DETAIL action=\"stateWrapper init\" keys=0"}
{"level":"INFO","timestamp":"2026-07-29T08:51:23.646Z","message":"[test] DETAIL sources=0"}
{"level":"INFO","timestamp":"2026-07-29T08:51:23.646Z","message":"[test] DETAIL action=reset forms flag detected, deleting fusion review forms"}
{"level":"INFO","timestamp":"2026-07-29T08:51:23.646Z","message":"[test] DETAIL action=reset accounts flag detected, clearing state and exiting"}
{"level":"INFO","timestamp":"2026-07-29T08:51:23.647Z","message":"[config] DETAIL action=\"stateWrapper init\" keys=0"}
{"level":"INFO","timestamp":"2026-07-29T08:51:23.647Z","message":"[test] DETAIL sources=0"}
{"level":"INFO","timestamp":"2026-07-29T08:51:23.647Z","message":"[test] DETAIL action=input schema not provided; loaded fusion account schema from source"}
{"level":"INFO","timestamp":"2026-07-29T08:51:23.647Z","message":"[test] DETAIL action=fusion account schema set successfully"}
{"level":"INFO","timestamp":"2026-07-29T08:51:23.647Z","message":"[test] DETAIL action=managed sources aggregated"}
{"level":"INFO","timestamp":"2026-07-29T08:51:23.647Z","message":"[test] METRIC aggregateManagedSources sources=0 duration=0MS"}
{"level":"INFO","timestamp":"2026-07-29T08:51:23.647Z","message":"[test] DETAIL action=attribute counters initialized"}
{"level":"INFO","timestamp":"2026-07-29T08:51:23.648Z","message":"[config] DETAIL action=\"stateWrapper init\" keys=0"}
{"level":"INFO","timestamp":"2026-07-29T08:51:23.649Z","message":"[test] DETAIL sources=0"}
{"level":"INFO","timestamp":"2026-07-29T08:51:23.649Z","message":"[test] DETAIL action=reset accounts flag detected, clearing state and exiting"}
{"level":"INFO","timestamp":"2026-07-29T08:51:23.650Z","message":"[config] DETAIL action=\"stateWrapper init\" keys=0"}
{"level":"INFO","timestamp":"2026-07-29T08:51:23.650Z","message":"[test] DETAIL sources=0"}
{"level":"INFO","timestamp":"2026-07-29T08:51:23.650Z","message":"[test] DETAIL action=input schema not provided; loaded fusion account schema from source"}
{"level":"INFO","timestamp":"2026-07-29T08:51:23.650Z","message":"[test] DETAIL action=fusion account schema set successfully"}
{"level":"INFO","timestamp":"2026-07-29T08:51:23.650Z","message":"[test] DETAIL action=managed sources aggregated"}
{"level":"INFO","timestamp":"2026-07-29T08:51:23.650Z","message":"[test] METRIC aggregateManagedSources sources=0 duration=0MS"}
{"level":"INFO","timestamp":"2026-07-29T08:51:23.650Z","message":"[test] DETAIL action=attribute counters initialized"}
{"level":"INFO","timestamp":"2026-07-29T08:51:23.690Z","message":"[accountList] API client ready: queue enabled, max concurrent: 20, parallel page window: 16, keep-alive: true"}
{"level":"INFO","timestamp":"2026-07-29T08:51:23.691Z","message":"[config] DETAIL action=\"stateWrapper init\" keys=0"}
{"level":"INFO","timestamp":"2026-07-29T08:51:23.691Z","message":"[accountList] DryRunApiAdapter enabled — ISC write calls inhibited for this run"}
{"level":"INFO","timestamp":"2026-07-29T08:51:23.692Z","message":"[config] DETAIL action=\"stateWrapper init\" keys=0"}
{"level":"INFO","timestamp":"2026-07-29T08:51:23.926Z","message":"[config] DETAIL action=\"stateWrapper init\" keys=0"}
{"level":"INFO","timestamp":"2026-07-29T08:51:23.926Z","message":"[test] STEP load-sources-schema START"}
{"level":"INFO","timestamp":"2026-07-29T08:51:23.926Z","message":"[test] STEP load-sources-schema END elapsed=0MS"}
{"level":"INFO","timestamp":"2026-07-29T08:51:23.926Z","message":"[test] STEP rebuild-fusion-account START"}
{"level":"INFO","timestamp":"2026-07-29T08:51:23.927Z","message":"[test] DETAIL account=Fusion User action=updating account"}
{"level":"INFO","timestamp":"2026-07-29T08:51:23.927Z","message":"[test] STEP rebuild-fusion-account END elapsed=1MS"}
{"level":"INFO","timestamp":"2026-07-29T08:51:23.927Z","message":"[test] STEP process-changes START count=1"}
{"level":"INFO","timestamp":"2026-07-29T08:51:23.927Z","message":"[test] STEP process-changes END count=1 elapsed=0MS"}
{"level":"INFO","timestamp":"2026-07-29T08:51:23.927Z","message":"[test] STEP generate-account START"}
{"level":"INFO","timestamp":"2026-07-29T08:51:23.927Z","message":"[test] STEP generate-account END elapsed=0MS"}
{"level":"INFO","timestamp":"2026-07-29T08:51:23.927Z","message":"[test] ✓ Account update completed for Fusion User (total: 1MS)"}
{"level":"INFO","timestamp":"2026-07-29T08:51:23.929Z","message":"[config] DETAIL action=\"stateWrapper init\" keys=0"}
{"level":"INFO","timestamp":"2026-07-29T08:51:23.929Z","message":"[test] STEP load-sources-schema START"}
{"level":"INFO","timestamp":"2026-07-29T08:51:23.929Z","message":"[test] STEP load-sources-schema END elapsed=0MS"}
{"level":"INFO","timestamp":"2026-07-29T08:51:23.929Z","message":"[test] STEP rebuild-fusion-account START"}
{"level":"INFO","timestamp":"2026-07-29T08:51:23.929Z","message":"[test] DETAIL account=Fusion User action=updating account"}
{"level":"INFO","timestamp":"2026-07-29T08:51:23.929Z","message":"[test] STEP rebuild-fusion-account END elapsed=0MS"}
{"level":"INFO","timestamp":"2026-07-29T08:51:23.929Z","message":"[test] STEP process-changes START count=1"}
{"level":"INFO","timestamp":"2026-07-29T08:51:23.929Z","message":"[test] STEP process-changes END count=1 elapsed=0MS"}
{"level":"INFO","timestamp":"2026-07-29T08:51:23.929Z","message":"[test] STEP generate-account START"}
{"level":"INFO","timestamp":"2026-07-29T08:51:23.929Z","message":"[test] STEP generate-account END elapsed=0MS"}
{"level":"INFO","timestamp":"2026-07-29T08:51:23.929Z","message":"[test] ✓ Account update completed for Fusion User (total: 0MS)"}
{"level":"INFO","timestamp":"2026-07-29T08:51:23.929Z","message":"[config] DETAIL action=\"stateWrapper init\" keys=0"}
{"level":"INFO","timestamp":"2026-07-29T08:51:23.929Z","message":"[test] STEP load-sources-schema START"}
{"level":"INFO","timestamp":"2026-07-29T08:51:23.929Z","message":"[test] STEP load-sources-schema END elapsed=0MS"}
{"level":"INFO","timestamp":"2026-07-29T08:51:23.929Z","message":"[test] STEP rebuild-fusion-account START"}
{"level":"INFO","timestamp":"2026-07-29T08:51:23.929Z","message":"[test] DETAIL account=fusion-1 action=updating account"}
{"level":"INFO","timestamp":"2026-07-29T08:51:23.929Z","message":"[test] STEP rebuild-fusion-account END elapsed=0MS"}
{"level":"INFO","timestamp":"2026-07-29T08:51:23.929Z","message":"[test] STEP process-changes START count=1"}
{"level":"INFO","timestamp":"2026-07-29T08:51:23.929Z","message":"[test] STEP process-changes END count=1 elapsed=0MS"}
{"level":"INFO","timestamp":"2026-07-29T08:51:23.929Z","message":"[test] STEP generate-account START"}
{"level":"INFO","timestamp":"2026-07-29T08:51:23.929Z","message":"[test] STEP generate-account END elapsed=0MS"}
{"level":"INFO","timestamp":"2026-07-29T08:51:23.929Z","message":"[test] ✓ Account update completed for fusion-1 (total: 0MS)"}
{"level":"INFO","timestamp":"2026-07-29T08:51:23.929Z","message":"[config] DETAIL action=\"stateWrapper init\" keys=0"}
{"level":"INFO","timestamp":"2026-07-29T08:51:23.929Z","message":"[test] STEP load-sources-schema START"}
{"level":"INFO","timestamp":"2026-07-29T08:51:23.929Z","message":"[test] STEP load-sources-schema END elapsed=0MS"}
{"level":"INFO","timestamp":"2026-07-29T08:51:23.929Z","message":"[test] STEP rebuild-fusion-account START"}
{"level":"INFO","timestamp":"2026-07-29T08:51:23.929Z","message":"[test] DETAIL account=fusion-1 action=updating account"}
{"level":"INFO","timestamp":"2026-07-29T08:51:23.929Z","message":"[test] STEP rebuild-fusion-account END elapsed=0MS"}
{"level":"INFO","timestamp":"2026-07-29T08:51:23.929Z","message":"[test] STEP process-changes START count=1"}
{"level":"INFO","timestamp":"2026-07-29T08:51:23.929Z","message":"[test] STEP process-changes END count=1 elapsed=0MS"}
{"level":"INFO","timestamp":"2026-07-29T08:51:23.930Z","message":"[test] STEP generate-account START"}
{"level":"INFO","timestamp":"2026-07-29T08:51:23.930Z","message":"[test] STEP generate-account END elapsed=0MS"}
{"level":"INFO","timestamp":"2026-07-29T08:51:23.930Z","message":"[test] ✓ Account update completed for fusion-1 (total: 1MS)"}
{"level":"INFO","timestamp":"2026-07-29T08:51:24.064Z","message":"[config] DETAIL action=\"stateWrapper init\" keys=0"}
{"level":"INFO","timestamp":"2026-07-29T08:51:24.065Z","message":"[test] DETAIL identity=fusion-1 action=reading account"}
{"level":"INFO","timestamp":"2026-07-29T08:51:24.065Z","message":"[test] STEP load-sources-schema START"}
{"level":"INFO","timestamp":"2026-07-29T08:51:24.065Z","message":"[test] STEP load-sources-schema END elapsed=0MS"}
{"level":"INFO","timestamp":"2026-07-29T08:51:24.065Z","message":"[test] STEP rebuild-fusion-account START"}
{"level":"INFO","timestamp":"2026-07-29T08:51:24.065Z","message":"[test] STEP rebuild-fusion-account END elapsed=0MS"}
{"level":"INFO","timestamp":"2026-07-29T08:51:24.065Z","message":"[test] STEP generate-account START"}
{"level":"INFO","timestamp":"2026-07-29T08:51:24.065Z","message":"[test] STEP generate-account END elapsed=0MS"}
{"level":"INFO","timestamp":"2026-07-29T08:51:24.065Z","message":"[test] ✓ Account read completed for fusion-1 (total: 0MS)"}
{"level":"INFO","timestamp":"2026-07-29T08:51:24.069Z","message":"[config] DETAIL action=\"stateWrapper init\" keys=0"}
{"level":"INFO","timestamp":"2026-07-29T08:51:24.069Z","message":"[test] DETAIL identity=undefined action=reading account"}
{"level":"ERROR","timestamp":"2026-07-29T08:51:24.069Z","message":"Account identity is required"}
{"level":"INFO","timestamp":"2026-07-29T08:51:24.070Z","message":"[config] DETAIL action=\"stateWrapper init\" keys=0"}
{"level":"INFO","timestamp":"2026-07-29T08:51:24.070Z","message":"[test] DETAIL identity=fusion-1 action=reading account"}
{"level":"INFO","timestamp":"2026-07-29T08:51:24.070Z","message":"[test] STEP load-sources-schema START"}
{"level":"INFO","timestamp":"2026-07-29T08:51:24.070Z","message":"[config] DETAIL action=\"stateWrapper init\" keys=0"}
{"level":"INFO","timestamp":"2026-07-29T08:51:24.070Z","message":"[test] DETAIL identity=fusion-1 action=reading account"}
{"level":"INFO","timestamp":"2026-07-29T08:51:24.070Z","message":"[test] STEP load-sources-schema START"}
{"level":"ERROR","timestamp":"2026-07-29T08:51:24.078Z","message":"[config] Base URL is required in configuration"}
{"level":"ERROR","timestamp":"2026-07-29T08:51:24.081Z","message":"[config] Base URL must use http or https protocol"}
{"level":"INFO","timestamp":"2026-07-29T08:51:24.091Z","message":"[config] DETAIL action=\"stateWrapper init\" keys=0"}
{"level":"INFO","timestamp":"2026-07-29T08:51:24.092Z","message":"[test] DETAIL identity=fusion-1 action=disabling account"}
{"level":"INFO","timestamp":"2026-07-29T08:51:24.092Z","message":"[test] STEP load-sources-schema START"}
{"level":"INFO","timestamp":"2026-07-29T08:51:24.092Z","message":"[test] STEP load-sources-schema END elapsed=0MS"}
{"level":"INFO","timestamp":"2026-07-29T08:51:24.092Z","message":"[test] STEP rebuild-fusion-account START"}
{"level":"INFO","timestamp":"2026-07-29T08:51:24.092Z","message":"[test] STEP rebuild-fusion-account END elapsed=0MS"}
{"level":"INFO","timestamp":"2026-07-29T08:51:24.092Z","message":"[test] STEP disable-fusion-account START"}
{"level":"INFO","timestamp":"2026-07-29T08:51:24.092Z","message":"[test] STEP disable-fusion-account END elapsed=0MS"}
{"level":"INFO","timestamp":"2026-07-29T08:51:24.092Z","message":"[test] STEP generate-account START"}
{"level":"INFO","timestamp":"2026-07-29T08:51:24.092Z","message":"[test] STEP generate-account END elapsed=0MS"}
{"level":"INFO","timestamp":"2026-07-29T08:51:24.092Z","message":"[test] ✓ Account disable completed for fusion-1 (total: 0MS)"}
{"level":"INFO","timestamp":"2026-07-29T08:51:24.134Z","message":"[config] DETAIL action=\"stateWrapper init\" keys=0"}
{"level":"INFO","timestamp":"2026-07-29T08:51:24.135Z","message":"[test] DETAIL identity=Alice Doe action=creating account"}
{"level":"INFO","timestamp":"2026-07-29T08:51:24.135Z","message":"[test] STEP fetch-identity START"}
{"level":"INFO","timestamp":"2026-07-29T08:51:24.135Z","message":"[test] STEP fetch-identity END elapsed=0MS"}
{"level":"INFO","timestamp":"2026-07-29T08:51:24.135Z","message":"[test] STEP load-fusion-accounts START"}
{"level":"INFO","timestamp":"2026-07-29T08:51:24.135Z","message":"[test] STEP load-fusion-accounts END count=0 elapsed=0MS"}
{"level":"INFO","timestamp":"2026-07-29T08:51:24.135Z","message":"[test] STEP process-identity START"}
{"level":"INFO","timestamp":"2026-07-29T08:51:24.135Z","message":"[test] STEP process-identity END elapsed=0MS"}
{"level":"INFO","timestamp":"2026-07-29T08:51:24.135Z","message":"[test] STEP execute-actions START count=2"}
{"level":"INFO","timestamp":"2026-07-29T08:51:24.135Z","message":"[test] STEP execute-actions END count=2 elapsed=0MS"}
{"level":"INFO","timestamp":"2026-07-29T08:51:24.135Z","message":"[test] STEP generate-account START"}
{"level":"INFO","timestamp":"2026-07-29T08:51:24.135Z","message":"[test] STEP generate-account END elapsed=0MS"}
{"level":"INFO","timestamp":"2026-07-29T08:51:24.135Z","message":"[test] ✓ Account creation completed for Alice Doe (total: 0MS)"}
{"level":"INFO","timestamp":"2026-07-29T08:51:24.137Z","message":"[config] DETAIL action=\"stateWrapper init\" keys=0"}
{"level":"INFO","timestamp":"2026-07-29T08:51:24.137Z","message":"[test] DETAIL identity=Alice Doe action=creating account"}
{"level":"INFO","timestamp":"2026-07-29T08:51:24.137Z","message":"[test] STEP fetch-identity START"}
{"level":"INFO","timestamp":"2026-07-29T08:51:24.137Z","message":"[test] STEP fetch-identity END elapsed=0MS"}
{"level":"INFO","timestamp":"2026-07-29T08:51:24.137Z","message":"[test] STEP load-fusion-accounts START"}
{"level":"INFO","timestamp":"2026-07-29T08:51:24.137Z","message":"[test] STEP load-fusion-accounts END count=0 elapsed=0MS"}
{"level":"INFO","timestamp":"2026-07-29T08:51:24.137Z","message":"[test] STEP process-identity START"}
{"level":"INFO","timestamp":"2026-07-29T08:51:24.137Z","message":"[test] STEP process-identity END elapsed=0MS"}
{"level":"INFO","timestamp":"2026-07-29T08:51:24.137Z","message":"[test] STEP execute-actions START count=1"}
{"level":"INFO","timestamp":"2026-07-29T08:51:24.137Z","message":"[test] STEP execute-actions END count=1 elapsed=0MS"}
{"level":"INFO","timestamp":"2026-07-29T08:51:24.137Z","message":"[test] STEP generate-account START"}
{"level":"INFO","timestamp":"2026-07-29T08:51:24.137Z","message":"[test] STEP generate-account END elapsed=0MS"}
{"level":"INFO","timestamp":"2026-07-29T08:51:24.137Z","message":"[test] ✓ Account creation completed for Alice Doe (total: 0MS)"}
{"level":"INFO","timestamp":"2026-07-29T08:51:24.138Z","message":"[config] DETAIL action=\"stateWrapper init\" keys=0"}
{"level":"INFO","timestamp":"2026-07-29T08:51:24.138Z","message":"[test] DETAIL identity=Alice Doe action=creating account"}
{"level":"INFO","timestamp":"2026-07-29T08:51:24.138Z","message":"[test] STEP fetch-identity START"}
{"level":"INFO","timestamp":"2026-07-29T08:51:24.138Z","message":"[test] STEP fetch-identity END elapsed=0MS"}
{"level":"INFO","timestamp":"2026-07-29T08:51:24.138Z","message":"[test] STEP load-fusion-accounts START"}
{"level":"INFO","timestamp":"2026-07-29T08:51:24.138Z","message":"[test] STEP load-fusion-accounts END count=0 elapsed=0MS"}
{"level":"INFO","timestamp":"2026-07-29T08:51:24.138Z","message":"[test] STEP process-identity START"}
{"level":"INFO","timestamp":"2026-07-29T08:51:24.138Z","message":"[test] STEP process-identity END elapsed=0MS"}
{"level":"INFO","timestamp":"2026-07-29T08:51:24.138Z","message":"[test] STEP execute-actions START count=0"}
{"level":"INFO","timestamp":"2026-07-29T08:51:24.138Z","message":"[test] STEP execute-actions END count=0 elapsed=0MS"}
{"level":"INFO","timestamp":"2026-07-29T08:51:24.138Z","message":"[test] STEP generate-account START"}
{"level":"INFO","timestamp":"2026-07-29T08:51:24.138Z","message":"[test] STEP generate-account END elapsed=0MS"}
{"level":"INFO","timestamp":"2026-07-29T08:51:24.138Z","message":"[test] ✓ Account creation completed for Alice Doe (total: 0MS)"}
{"level":"WARN","timestamp":"2026-07-29T08:51:24.231Z","message":"[config] No sources configured - no Match will be performed"}
{"level":"ERROR","timestamp":"2026-07-29T08:51:24.376Z","message":"Fusion account is required"}
{"level":"ERROR","timestamp":"2026-07-29T08:51:24.377Z","message":"maxCandidates must be between 1 and 15"}
{"level":"ERROR","timestamp":"2026-07-29T08:51:24.377Z","message":"maxCandidates must be between 1 and 15"}
{"level":"ERROR","timestamp":"2026-07-29T08:51:24.377Z","message":"Fusion source owner not found"}
{"level":"INFO","timestamp":"2026-07-29T08:51:24.423Z","message":"[config] DETAIL manualReviewScore=80 thresholdCount=0"}
{"level":"INFO","timestamp":"2026-07-29T08:51:24.423Z","message":"[config] DETAIL manualReviewScore=80 thresholdCount=0"}
{"level":"INFO","timestamp":"2026-07-29T08:51:24.423Z","message":"[config] DETAIL manualReviewScore=80 thresholdCount=0"}
{"level":"INFO","timestamp":"2026-07-29T08:51:24.424Z","message":"[config] DETAIL manualReviewScore=80 thresholdCount=0"}
{"level":"INFO","timestamp":"2026-07-29T08:51:24.769Z","message":"[config] DETAIL validation=success"}
{"level":"INFO","timestamp":"2026-07-29T08:51:24.770Z","message":"[config] DETAIL validation=success"}
{"level":"INFO","timestamp":"2026-07-29T08:51:24.770Z","message":"[config] DETAIL validation=success"}
{"level":"INFO","timestamp":"2026-07-29T08:51:24.770Z","message":"[config] DETAIL validation=success"}
{"level":"INFO","timestamp":"2026-07-29T08:51:24.770Z","message":"[config] DETAIL validation=success"}
{"level":"INFO","timestamp":"2026-07-29T08:51:24.770Z","message":"[config] DETAIL validation=success"}
{"level":"INFO","timestamp":"2026-07-29T08:51:24.770Z","message":"[config] DETAIL validation=success"}
{"level":"INFO","timestamp":"2026-07-29T08:51:24.770Z","message":"[config] DETAIL validation=success"}
{"level":"INFO","timestamp":"2026-07-29T08:51:24.770Z","message":"[config] DETAIL validation=success"}
{"level":"INFO","timestamp":"2026-07-29T08:51:24.770Z","message":"[config] DETAIL validation=success"}
{"level":"INFO","timestamp":"2026-07-29T08:51:24.770Z","message":"[config] DETAIL validation=success"}
{"level":"INFO","timestamp":"2026-07-29T08:51:24.770Z","message":"[config] DETAIL validation=success"}
{"level":"INFO","timestamp":"2026-07-29T08:51:24.770Z","message":"[config] DETAIL validation=success"}
{"level":"INFO","timestamp":"2026-07-29T08:51:24.771Z","message":"[config] DETAIL validation=success"}
{"level":"INFO","timestamp":"2026-07-29T08:51:24.771Z","message":"[config] DETAIL validation=success"}
{"level":"INFO","timestamp":"2026-07-29T08:51:24.771Z","message":"[config] DETAIL validation=success"}
{"level":"INFO","timestamp":"2026-07-29T08:51:24.771Z","message":"[config] DETAIL validation=success"}
{"level":"ERROR","timestamp":"2026-07-29T08:51:24.939Z","message":"Proxy password mismatch"}
{"level":"ERROR","timestamp":"2026-07-29T08:51:25.035Z","message":"Counter variable is not found in the evaluated expression: $name$counter. Cannot intelligently preserve counter."}
{"level":"ERROR","timestamp":"2026-07-29T08:51:25.058Z","message":"[formProcessor] Form fi-raw-id: account id \"account-1\" is not a managed account key (sourceId::nativeIdentity). Skipping decision."}
{"level":"INFO","timestamp":"2026-07-29T08:51:25.162Z","message":"unknown: RecordingService initialized — chain \"unit-test-chain\""}
{"level":"INFO","timestamp":"2026-07-29T08:51:25.162Z","message":"unknown: Reloaded 2 previously-recorded step(s) from /Users/fernando.delosrios/Documents/Development/ISC/connectors/colab-saas-conn-sailpoint-identity-fusion/test-data/recordings/unit-test-chain/steps.ndjson"}
{"level":"INFO","timestamp":"2026-07-29T08:51:25.163Z","message":"unknown: RecordingService initialized — chain \"unit-test-chain-1785315085163\""}
{"level":"ERROR","timestamp":"2026-07-29T08:51:25.180Z","message":"expected error"}
{"level":"ERROR","timestamp":"2026-07-29T08:51:25.181Z","message":"expected error"}
{"level":"ERROR","timestamp":"2026-07-29T08:51:25.181Z","message":"msg"}
{"level":"ERROR","timestamp":"2026-07-29T08:51:25.181Z","message":"condition failed"}
{"level":"ERROR","timestamp":"2026-07-29T08:51:25.219Z","message":"[formBuilder] Missing identityName/name for fusion account. Using managed account key fallback: src-1::native-1"}
{"level":"ERROR","timestamp":"2026-07-29T08:51:25.220Z","message":"[formBuilder] Missing identityName/name for fusion account. Using managed account key fallback: src-1::native-1"}
{"level":"ERROR","timestamp":"2026-07-29T08:51:25.220Z","message":"[formBuilder] Missing identityName/name for fusion account in form inputs. Using managed account key fallback: src-1::native-1"}
{"level":"ERROR","timestamp":"2026-07-29T08:51:25.220Z","message":"[formBuilder] Missing identityName/name for fusion account. Using managed account key fallback: src-1::native-1"}
{"level":"ERROR","timestamp":"2026-07-29T08:51:25.220Z","message":"[formBuilder] Missing identityName/name for fusion account in form inputs. Using managed account key fallback: src-1::native-1"}
{"level":"ERROR","timestamp":"2026-07-29T08:51:25.220Z","message":"[formBuilder] Missing identityName/name for fusion account. Using managed account key fallback: src-1::native-1"}
{"level":"ERROR","timestamp":"2026-07-29T08:51:25.220Z","message":"[formBuilder] Missing identityName/name for fusion account in form inputs. Using managed account key fallback: src-1::native-1"}
{"level":"INFO","timestamp":"2026-07-29T08:51:25.293Z","message":"[config] DETAIL action=\"stateWrapper init\" keys=0"}
{"level":"INFO","timestamp":"2026-07-29T08:51:25.295Z","message":"[config] DETAIL action=\"stateWrapper init\" keys=0"}
{"level":"WARN","timestamp":"2026-07-29T08:51:25.383Z","message":"[config] No sources configured - no Match will be performed"}
{"level":"WARN","timestamp":"2026-07-29T08:51:25.383Z","message":"[config] No matching configurations defined - fusion matching may not work correctly"}
{"level":"INFO","timestamp":"2026-07-29T08:51:25.383Z","message":"[config] DETAIL manualReviewScore=80 thresholdCount=0"}
{"level":"INFO","timestamp":"2026-07-29T08:51:25.383Z","message":"[config] DETAIL validation=success"}
{"level":"WARN","timestamp":"2026-07-29T08:51:25.384Z","message":"[config] No sources configured - no Match will be performed"}
{"level":"WARN","timestamp":"2026-07-29T08:51:25.384Z","message":"[config] No matching configurations defined - fusion matching may not work correctly"}
{"level":"INFO","timestamp":"2026-07-29T08:51:25.384Z","message":"[config] DETAIL manualReviewScore=80 thresholdCount=0"}
{"level":"INFO","timestamp":"2026-07-29T08:51:25.384Z","message":"[config] DETAIL validation=success"}

 Test Files  112 passed | 1 skipped (113)
      Tests  1256 passed | 2 skipped (1258)
   Start at  10:51:21
   Duration  4.62s (transform 3.94s, setup 0ms, import 40.39s, tests 2.85s, environment 7ms)

